<?xml version="1.0" encoding="ISO-8859-1" ?>
<link_info>
   <banner>TI ARM Clang Linker PC v4.0.3.LTS</banner>
   <copyright>Copyright (c) 1996-2018 Texas Instruments Incorporated</copyright>
   <command_line>D:\ti\ccs2020\ccs\tools\compiler\ti-cgt-armllvm_4.0.3.LTS\bin\tiarmlnk -ID:\ti\ccs2020\ccs\tools\compiler\ti-cgt-armllvm_4.0.3.LTS\lib -o empty_LP_MSPM0G3507_nortos_ticlang.out -mempty_LP_MSPM0G3507_nortos_ticlang.map -iD:/ti/mspm0_sdk_2_01_00_03/source -iC:/Users/Mayn/Desktop/42+encode/CCS/empty_LP_MSPM0G3507_nortos_ticlang -iC:/Users/Mayn/Desktop/42+encode/CCS/empty_LP_MSPM0G3507_nortos_ticlang/Debug/syscfg -iD:/ti/ccs2020/ccs/tools/compiler/ti-cgt-armllvm_4.0.3.LTS/lib --diag_wrap=off --display_error_number --warn_sections --xml_link_info=empty_LP_MSPM0G3507_nortos_ticlang_linkInfo.xml --rom_model ./empty.o ./ti_msp_dl_config.o ./startup_mspm0g350x_ticlang.o ./Control/app_demo.o ./Control/closed_loop.o ./Hardware/board.o ./Hardware/encoder.o ./Hardware/motor.o ../device_linker.cmd -ldevice.cmd.genlibs -llibc.a --start-group -llibc++.a -llibc++abi.a -llibc.a -llibsys.a -llibsysbm.a -llibclang_rt.builtins.a -llibclang_rt.profile.a --end-group --cg_opt_level=0</command_line>
   <link_time>0x6a5da2dc</link_time>
   <link_errors>0x0</link_errors>
   <output_file>C:\Users\Mayn\Desktop\42+encode\CCS\empty_LP_MSPM0G3507_nortos_ticlang\Debug\empty_LP_MSPM0G3507_nortos_ticlang.out</output_file>
   <entry_point>
      <name>_c_int00_noargs</name>
      <address>0x52d1</address>
   </entry_point>
   <input_file_list>
      <input_file id="fl-1">
         <path>C:\Users\Mayn\Desktop\42+encode\CCS\empty_LP_MSPM0G3507_nortos_ticlang\Debug\.\</path>
         <kind>object</kind>
         <file>empty.o</file>
         <name>empty.o</name>
      </input_file>
      <input_file id="fl-2">
         <path>C:\Users\Mayn\Desktop\42+encode\CCS\empty_LP_MSPM0G3507_nortos_ticlang\Debug\.\</path>
         <kind>object</kind>
         <file>ti_msp_dl_config.o</file>
         <name>ti_msp_dl_config.o</name>
      </input_file>
      <input_file id="fl-3">
         <path>C:\Users\Mayn\Desktop\42+encode\CCS\empty_LP_MSPM0G3507_nortos_ticlang\Debug\.\</path>
         <kind>object</kind>
         <file>startup_mspm0g350x_ticlang.o</file>
         <name>startup_mspm0g350x_ticlang.o</name>
      </input_file>
      <input_file id="fl-4">
         <path>C:\Users\Mayn\Desktop\42+encode\CCS\empty_LP_MSPM0G3507_nortos_ticlang\Debug\.\Control\</path>
         <kind>object</kind>
         <file>app_demo.o</file>
         <name>app_demo.o</name>
      </input_file>
      <input_file id="fl-5">
         <path>C:\Users\Mayn\Desktop\42+encode\CCS\empty_LP_MSPM0G3507_nortos_ticlang\Debug\.\Control\</path>
         <kind>object</kind>
         <file>closed_loop.o</file>
         <name>closed_loop.o</name>
      </input_file>
      <input_file id="fl-6">
         <path>C:\Users\Mayn\Desktop\42+encode\CCS\empty_LP_MSPM0G3507_nortos_ticlang\Debug\.\Hardware\</path>
         <kind>object</kind>
         <file>board.o</file>
         <name>board.o</name>
      </input_file>
      <input_file id="fl-7">
         <path>C:\Users\Mayn\Desktop\42+encode\CCS\empty_LP_MSPM0G3507_nortos_ticlang\Debug\.\Hardware\</path>
         <kind>object</kind>
         <file>encoder.o</file>
         <name>encoder.o</name>
      </input_file>
      <input_file id="fl-8">
         <path>C:\Users\Mayn\Desktop\42+encode\CCS\empty_LP_MSPM0G3507_nortos_ticlang\Debug\.\Hardware\</path>
         <kind>object</kind>
         <file>motor.o</file>
         <name>motor.o</name>
      </input_file>
      <input_file id="fl-15">
         <path>C:\Users\Mayn\Desktop\42+encode\CCS\empty_LP_MSPM0G3507_nortos_ticlang\Debug\</path>
         <kind>object</kind>
         <file>&lt;internal&gt;</file>
         <name>&lt;internal&gt;</name>
      </input_file>
      <input_file id="fl-16">
         <path>D:\ti\mspm0_sdk_2_01_00_03\source\ti\driverlib\lib\ticlang\m0p\mspm0g1x0x_g3x0x\</path>
         <kind>archive</kind>
         <file>driverlib.a</file>
         <name>dl_common.o</name>
      </input_file>
      <input_file id="fl-17">
         <path>D:\ti\mspm0_sdk_2_01_00_03\source\ti\driverlib\lib\ticlang\m0p\mspm0g1x0x_g3x0x\</path>
         <kind>archive</kind>
         <file>driverlib.a</file>
         <name>dl_timer.o</name>
      </input_file>
      <input_file id="fl-18">
         <path>D:\ti\mspm0_sdk_2_01_00_03\source\ti\driverlib\lib\ticlang\m0p\mspm0g1x0x_g3x0x\</path>
         <kind>archive</kind>
         <file>driverlib.a</file>
         <name>dl_uart.o</name>
      </input_file>
      <input_file id="fl-19">
         <path>D:\ti\mspm0_sdk_2_01_00_03\source\ti\driverlib\lib\ticlang\m0p\mspm0g1x0x_g3x0x\</path>
         <kind>archive</kind>
         <file>driverlib.a</file>
         <name>dl_sysctl_mspm0g1x0x_g3x0x.o</name>
      </input_file>
      <input_file id="fl-30">
         <path>D:\ti\ccs2020\ccs\tools\compiler\ti-cgt-armllvm_4.0.3.LTS\lib\armv6m-ti-none-eabi\c\</path>
         <kind>archive</kind>
         <file>libc.a</file>
         <name>printf.c.obj</name>
      </input_file>
      <input_file id="fl-31">
         <path>D:\ti\ccs2020\ccs\tools\compiler\ti-cgt-armllvm_4.0.3.LTS\lib\armv6m-ti-none-eabi\c\</path>
         <kind>archive</kind>
         <file>libc.a</file>
         <name>_printfi.c.obj</name>
      </input_file>
      <input_file id="fl-32">
         <path>D:\ti\ccs2020\ccs\tools\compiler\ti-cgt-armllvm_4.0.3.LTS\lib\armv6m-ti-none-eabi\c\</path>
         <kind>archive</kind>
         <file>libc.a</file>
         <name>sscanf.c.obj</name>
      </input_file>
      <input_file id="fl-33">
         <path>D:\ti\ccs2020\ccs\tools\compiler\ti-cgt-armllvm_4.0.3.LTS\lib\armv6m-ti-none-eabi\c\</path>
         <kind>archive</kind>
         <file>libc.a</file>
         <name>s_frexp.c.obj</name>
      </input_file>
      <input_file id="fl-34">
         <path>D:\ti\ccs2020\ccs\tools\compiler\ti-cgt-armllvm_4.0.3.LTS\lib\armv6m-ti-none-eabi\c\</path>
         <kind>archive</kind>
         <file>libc.a</file>
         <name>s_scalbn.c.obj</name>
      </input_file>
      <input_file id="fl-35">
         <path>D:\ti\ccs2020\ccs\tools\compiler\ti-cgt-armllvm_4.0.3.LTS\lib\armv6m-ti-none-eabi\c\</path>
         <kind>archive</kind>
         <file>libc.a</file>
         <name>wcslen.c.obj</name>
      </input_file>
      <input_file id="fl-36">
         <path>D:\ti\ccs2020\ccs\tools\compiler\ti-cgt-armllvm_4.0.3.LTS\lib\armv6m-ti-none-eabi\c\</path>
         <kind>archive</kind>
         <file>libc.a</file>
         <name>aeabi_ctype.S.obj</name>
      </input_file>
      <input_file id="fl-37">
         <path>D:\ti\ccs2020\ccs\tools\compiler\ti-cgt-armllvm_4.0.3.LTS\lib\armv6m-ti-none-eabi\c\</path>
         <kind>archive</kind>
         <file>libc.a</file>
         <name>strcmp-armv6m.S.obj</name>
      </input_file>
      <input_file id="fl-38">
         <path>D:\ti\ccs2020\ccs\tools\compiler\ti-cgt-armllvm_4.0.3.LTS\lib\armv6m-ti-none-eabi\c\</path>
         <kind>archive</kind>
         <file>libc.a</file>
         <name>aeabi_portable.c.obj</name>
      </input_file>
      <input_file id="fl-39">
         <path>D:\ti\ccs2020\ccs\tools\compiler\ti-cgt-armllvm_4.0.3.LTS\lib\armv6m-ti-none-eabi\c\</path>
         <kind>archive</kind>
         <file>libc.a</file>
         <name>_lock.c.obj</name>
      </input_file>
      <input_file id="fl-3a">
         <path>D:\ti\ccs2020\ccs\tools\compiler\ti-cgt-armllvm_4.0.3.LTS\lib\armv6m-ti-none-eabi\c\</path>
         <kind>archive</kind>
         <file>libc.a</file>
         <name>_ltoa.c.obj</name>
      </input_file>
      <input_file id="fl-3b">
         <path>D:\ti\ccs2020\ccs\tools\compiler\ti-cgt-armllvm_4.0.3.LTS\lib\armv6m-ti-none-eabi\c\</path>
         <kind>archive</kind>
         <file>libc.a</file>
         <name>assert.c.obj</name>
      </input_file>
      <input_file id="fl-3c">
         <path>D:\ti\ccs2020\ccs\tools\compiler\ti-cgt-armllvm_4.0.3.LTS\lib\armv6m-ti-none-eabi\c\</path>
         <kind>archive</kind>
         <file>libc.a</file>
         <name>atoi.c.obj</name>
      </input_file>
      <input_file id="fl-3d">
         <path>D:\ti\ccs2020\ccs\tools\compiler\ti-cgt-armllvm_4.0.3.LTS\lib\armv6m-ti-none-eabi\c\</path>
         <kind>archive</kind>
         <file>libc.a</file>
         <name>defs.c.obj</name>
      </input_file>
      <input_file id="fl-3e">
         <path>D:\ti\ccs2020\ccs\tools\compiler\ti-cgt-armllvm_4.0.3.LTS\lib\armv6m-ti-none-eabi\c\</path>
         <kind>archive</kind>
         <file>libc.a</file>
         <name>memccpy.c.obj</name>
      </input_file>
      <input_file id="fl-3f">
         <path>D:\ti\ccs2020\ccs\tools\compiler\ti-cgt-armllvm_4.0.3.LTS\lib\armv6m-ti-none-eabi\c\</path>
         <kind>archive</kind>
         <file>libc.a</file>
         <name>memory.c.obj</name>
      </input_file>
      <input_file id="fl-40">
         <path>D:\ti\ccs2020\ccs\tools\compiler\ti-cgt-armllvm_4.0.3.LTS\lib\armv6m-ti-none-eabi\c\</path>
         <kind>archive</kind>
         <file>libc.a</file>
         <name>boot_cortex_m.c.obj</name>
      </input_file>
      <input_file id="fl-41">
         <path>D:\ti\ccs2020\ccs\tools\compiler\ti-cgt-armllvm_4.0.3.LTS\lib\armv6m-ti-none-eabi\c\</path>
         <kind>archive</kind>
         <file>libc.a</file>
         <name>mathacl_init.c.obj</name>
      </input_file>
      <input_file id="fl-42">
         <path>D:\ti\ccs2020\ccs\tools\compiler\ti-cgt-armllvm_4.0.3.LTS\lib\armv6m-ti-none-eabi\c\</path>
         <kind>archive</kind>
         <file>libc.a</file>
         <name>autoinit.c.obj</name>
      </input_file>
      <input_file id="fl-43">
         <path>D:\ti\ccs2020\ccs\tools\compiler\ti-cgt-armllvm_4.0.3.LTS\lib\armv6m-ti-none-eabi\c\</path>
         <kind>archive</kind>
         <file>libc.a</file>
         <name>pre_init.c.obj</name>
      </input_file>
      <input_file id="fl-44">
         <path>D:\ti\ccs2020\ccs\tools\compiler\ti-cgt-armllvm_4.0.3.LTS\lib\armv6m-ti-none-eabi\c\</path>
         <kind>archive</kind>
         <file>libc.a</file>
         <name>cpy_tbl.c.obj</name>
      </input_file>
      <input_file id="fl-45">
         <path>D:\ti\ccs2020\ccs\tools\compiler\ti-cgt-armllvm_4.0.3.LTS\lib\armv6m-ti-none-eabi\c\</path>
         <kind>archive</kind>
         <file>libc.a</file>
         <name>copy_zero_init.c.obj</name>
      </input_file>
      <input_file id="fl-46">
         <path>D:\ti\ccs2020\ccs\tools\compiler\ti-cgt-armllvm_4.0.3.LTS\lib\armv6m-ti-none-eabi\c\</path>
         <kind>archive</kind>
         <file>libc.a</file>
         <name>copy_decompress_none.c.obj</name>
      </input_file>
      <input_file id="fl-47">
         <path>D:\ti\ccs2020\ccs\tools\compiler\ti-cgt-armllvm_4.0.3.LTS\lib\armv6m-ti-none-eabi\c\</path>
         <kind>archive</kind>
         <file>libc.a</file>
         <name>copy_decompress_lzss.c.obj</name>
      </input_file>
      <input_file id="fl-48">
         <path>D:\ti\ccs2020\ccs\tools\compiler\ti-cgt-armllvm_4.0.3.LTS\lib\armv6m-ti-none-eabi\c\</path>
         <kind>archive</kind>
         <file>libc.a</file>
         <name>sprintf.c.obj</name>
      </input_file>
      <input_file id="fl-49">
         <path>D:\ti\ccs2020\ccs\tools\compiler\ti-cgt-armllvm_4.0.3.LTS\lib\armv6m-ti-none-eabi\c\</path>
         <kind>archive</kind>
         <file>libc.a</file>
         <name>_scanfi.c.obj</name>
      </input_file>
      <input_file id="fl-4a">
         <path>D:\ti\ccs2020\ccs\tools\compiler\ti-cgt-armllvm_4.0.3.LTS\lib\armv6m-ti-none-eabi\c\</path>
         <kind>archive</kind>
         <file>libc.a</file>
         <name>fflush.c.obj</name>
      </input_file>
      <input_file id="fl-4b">
         <path>D:\ti\ccs2020\ccs\tools\compiler\ti-cgt-armllvm_4.0.3.LTS\lib\armv6m-ti-none-eabi\c\</path>
         <kind>archive</kind>
         <file>libc.a</file>
         <name>exit.c.obj</name>
      </input_file>
      <input_file id="fl-4c">
         <path>D:\ti\ccs2020\ccs\tools\compiler\ti-cgt-armllvm_4.0.3.LTS\lib\armv6m-ti-none-eabi\c\</path>
         <kind>archive</kind>
         <file>libc.a</file>
         <name>args_main.c.obj</name>
      </input_file>
      <input_file id="fl-4d">
         <path>D:\ti\ccs2020\ccs\tools\compiler\ti-cgt-armllvm_4.0.3.LTS\lib\armv6m-ti-none-eabi\c\</path>
         <kind>archive</kind>
         <file>libc.a</file>
         <name>strtod.c.obj</name>
      </input_file>
      <input_file id="fl-4e">
         <path>D:\ti\ccs2020\ccs\tools\compiler\ti-cgt-armllvm_4.0.3.LTS\lib\armv6m-ti-none-eabi\c\</path>
         <kind>archive</kind>
         <file>libc.a</file>
         <name>strtol.c.obj</name>
      </input_file>
      <input_file id="fl-4f">
         <path>D:\ti\ccs2020\ccs\tools\compiler\ti-cgt-armllvm_4.0.3.LTS\lib\armv6m-ti-none-eabi\c\</path>
         <kind>archive</kind>
         <file>libc.a</file>
         <name>strtoll.c.obj</name>
      </input_file>
      <input_file id="fl-50">
         <path>D:\ti\ccs2020\ccs\tools\compiler\ti-cgt-armllvm_4.0.3.LTS\lib\armv6m-ti-none-eabi\c\</path>
         <kind>archive</kind>
         <file>libc.a</file>
         <name>strtoul.c.obj</name>
      </input_file>
      <input_file id="fl-51">
         <path>D:\ti\ccs2020\ccs\tools\compiler\ti-cgt-armllvm_4.0.3.LTS\lib\armv6m-ti-none-eabi\c\</path>
         <kind>archive</kind>
         <file>libc.a</file>
         <name>strtoull.c.obj</name>
      </input_file>
      <input_file id="fl-f1">
         <path>D:\ti\ccs2020\ccs\tools\compiler\ti-cgt-armllvm_4.0.3.LTS\lib\armv6m-ti-none-eabi\c\</path>
         <kind>archive</kind>
         <file>libsysbm.a</file>
         <name>hostexit.c.obj</name>
      </input_file>
      <input_file id="fl-f2">
         <path>D:\ti\ccs2020\ccs\tools\compiler\ti-cgt-armllvm_4.0.3.LTS\lib\armv6m-ti-none-eabi\c\</path>
         <kind>archive</kind>
         <file>libsysbm.a</file>
         <name>write.c.obj</name>
      </input_file>
      <input_file id="fl-f3">
         <path>D:\ti\ccs2020\ccs\tools\compiler\ti-cgt-armllvm_4.0.3.LTS\lib\armv6m-ti-none-eabi\c\</path>
         <kind>archive</kind>
         <file>libsysbm.a</file>
         <name>host_device.c.obj</name>
      </input_file>
      <input_file id="fl-f4">
         <path>D:\ti\ccs2020\ccs\tools\compiler\ti-cgt-armllvm_4.0.3.LTS\lib\armv6m-ti-none-eabi\c\</path>
         <kind>archive</kind>
         <file>libsysbm.a</file>
         <name>hostclose.c.obj</name>
      </input_file>
      <input_file id="fl-f5">
         <path>D:\ti\ccs2020\ccs\tools\compiler\ti-cgt-armllvm_4.0.3.LTS\lib\armv6m-ti-none-eabi\c\</path>
         <kind>archive</kind>
         <file>libsysbm.a</file>
         <name>hostlseek.c.obj</name>
      </input_file>
      <input_file id="fl-f6">
         <path>D:\ti\ccs2020\ccs\tools\compiler\ti-cgt-armllvm_4.0.3.LTS\lib\armv6m-ti-none-eabi\c\</path>
         <kind>archive</kind>
         <file>libsysbm.a</file>
         <name>hostopen.c.obj</name>
      </input_file>
      <input_file id="fl-f7">
         <path>D:\ti\ccs2020\ccs\tools\compiler\ti-cgt-armllvm_4.0.3.LTS\lib\armv6m-ti-none-eabi\c\</path>
         <kind>archive</kind>
         <file>libsysbm.a</file>
         <name>hostread.c.obj</name>
      </input_file>
      <input_file id="fl-f8">
         <path>D:\ti\ccs2020\ccs\tools\compiler\ti-cgt-armllvm_4.0.3.LTS\lib\armv6m-ti-none-eabi\c\</path>
         <kind>archive</kind>
         <file>libsysbm.a</file>
         <name>hostrename.c.obj</name>
      </input_file>
      <input_file id="fl-f9">
         <path>D:\ti\ccs2020\ccs\tools\compiler\ti-cgt-armllvm_4.0.3.LTS\lib\armv6m-ti-none-eabi\c\</path>
         <kind>archive</kind>
         <file>libsysbm.a</file>
         <name>hostunlink.c.obj</name>
      </input_file>
      <input_file id="fl-fa">
         <path>D:\ti\ccs2020\ccs\tools\compiler\ti-cgt-armllvm_4.0.3.LTS\lib\armv6m-ti-none-eabi\c\</path>
         <kind>archive</kind>
         <file>libsysbm.a</file>
         <name>hostwrite.c.obj</name>
      </input_file>
      <input_file id="fl-fb">
         <path>D:\ti\ccs2020\ccs\tools\compiler\ti-cgt-armllvm_4.0.3.LTS\lib\armv6m-ti-none-eabi\c\</path>
         <kind>archive</kind>
         <file>libsysbm.a</file>
         <name>trgmsg.c.obj</name>
      </input_file>
      <input_file id="fl-fc">
         <path>D:\ti\ccs2020\ccs\tools\compiler\ti-cgt-armllvm_4.0.3.LTS\lib\armv6m-ti-none-eabi\</path>
         <kind>archive</kind>
         <file>libclang_rt.builtins.a</file>
         <name>comparesf2.S.obj</name>
      </input_file>
      <input_file id="fl-fd">
         <path>D:\ti\ccs2020\ccs\tools\compiler\ti-cgt-armllvm_4.0.3.LTS\lib\armv6m-ti-none-eabi\</path>
         <kind>archive</kind>
         <file>libclang_rt.builtins.a</file>
         <name>addsf3.S.obj</name>
      </input_file>
      <input_file id="fl-fe">
         <path>D:\ti\ccs2020\ccs\tools\compiler\ti-cgt-armllvm_4.0.3.LTS\lib\armv6m-ti-none-eabi\</path>
         <kind>archive</kind>
         <file>libclang_rt.builtins.a</file>
         <name>adddf3.S.obj</name>
      </input_file>
      <input_file id="fl-ff">
         <path>D:\ti\ccs2020\ccs\tools\compiler\ti-cgt-armllvm_4.0.3.LTS\lib\armv6m-ti-none-eabi\</path>
         <kind>archive</kind>
         <file>libclang_rt.builtins.a</file>
         <name>muldf3.S.obj</name>
      </input_file>
      <input_file id="fl-100">
         <path>D:\ti\ccs2020\ccs\tools\compiler\ti-cgt-armllvm_4.0.3.LTS\lib\armv6m-ti-none-eabi\</path>
         <kind>archive</kind>
         <file>libclang_rt.builtins.a</file>
         <name>muldsi3.S.obj</name>
      </input_file>
      <input_file id="fl-101">
         <path>D:\ti\ccs2020\ccs\tools\compiler\ti-cgt-armllvm_4.0.3.LTS\lib\armv6m-ti-none-eabi\</path>
         <kind>archive</kind>
         <file>libclang_rt.builtins.a</file>
         <name>mulsf3.S.obj</name>
      </input_file>
      <input_file id="fl-102">
         <path>D:\ti\ccs2020\ccs\tools\compiler\ti-cgt-armllvm_4.0.3.LTS\lib\armv6m-ti-none-eabi\</path>
         <kind>archive</kind>
         <file>libclang_rt.builtins.a</file>
         <name>divsf3.S.obj</name>
      </input_file>
      <input_file id="fl-103">
         <path>D:\ti\ccs2020\ccs\tools\compiler\ti-cgt-armllvm_4.0.3.LTS\lib\armv6m-ti-none-eabi\</path>
         <kind>archive</kind>
         <file>libclang_rt.builtins.a</file>
         <name>divdf3.S.obj</name>
      </input_file>
      <input_file id="fl-104">
         <path>D:\ti\ccs2020\ccs\tools\compiler\ti-cgt-armllvm_4.0.3.LTS\lib\armv6m-ti-none-eabi\</path>
         <kind>archive</kind>
         <file>libclang_rt.builtins.a</file>
         <name>extendsfdf2.S.obj</name>
      </input_file>
      <input_file id="fl-105">
         <path>D:\ti\ccs2020\ccs\tools\compiler\ti-cgt-armllvm_4.0.3.LTS\lib\armv6m-ti-none-eabi\</path>
         <kind>archive</kind>
         <file>libclang_rt.builtins.a</file>
         <name>fixdfsi.S.obj</name>
      </input_file>
      <input_file id="fl-106">
         <path>D:\ti\ccs2020\ccs\tools\compiler\ti-cgt-armllvm_4.0.3.LTS\lib\armv6m-ti-none-eabi\</path>
         <kind>archive</kind>
         <file>libclang_rt.builtins.a</file>
         <name>fixsfsi.S.obj</name>
      </input_file>
      <input_file id="fl-107">
         <path>D:\ti\ccs2020\ccs\tools\compiler\ti-cgt-armllvm_4.0.3.LTS\lib\armv6m-ti-none-eabi\</path>
         <kind>archive</kind>
         <file>libclang_rt.builtins.a</file>
         <name>floatsidf.S.obj</name>
      </input_file>
      <input_file id="fl-108">
         <path>D:\ti\ccs2020\ccs\tools\compiler\ti-cgt-armllvm_4.0.3.LTS\lib\armv6m-ti-none-eabi\</path>
         <kind>archive</kind>
         <file>libclang_rt.builtins.a</file>
         <name>floatsisf.S.obj</name>
      </input_file>
      <input_file id="fl-109">
         <path>D:\ti\ccs2020\ccs\tools\compiler\ti-cgt-armllvm_4.0.3.LTS\lib\armv6m-ti-none-eabi\</path>
         <kind>archive</kind>
         <file>libclang_rt.builtins.a</file>
         <name>floatunsisf.S.obj</name>
      </input_file>
      <input_file id="fl-10a">
         <path>D:\ti\ccs2020\ccs\tools\compiler\ti-cgt-armllvm_4.0.3.LTS\lib\armv6m-ti-none-eabi\</path>
         <kind>archive</kind>
         <file>libclang_rt.builtins.a</file>
         <name>muldi3.S.obj</name>
      </input_file>
      <input_file id="fl-10b">
         <path>D:\ti\ccs2020\ccs\tools\compiler\ti-cgt-armllvm_4.0.3.LTS\lib\armv6m-ti-none-eabi\</path>
         <kind>archive</kind>
         <file>libclang_rt.builtins.a</file>
         <name>truncdfsf2.S.obj</name>
      </input_file>
      <input_file id="fl-10c">
         <path>D:\ti\ccs2020\ccs\tools\compiler\ti-cgt-armllvm_4.0.3.LTS\lib\armv6m-ti-none-eabi\</path>
         <kind>archive</kind>
         <file>libclang_rt.builtins.a</file>
         <name>aeabi_dcmp.S.obj</name>
      </input_file>
      <input_file id="fl-10d">
         <path>D:\ti\ccs2020\ccs\tools\compiler\ti-cgt-armllvm_4.0.3.LTS\lib\armv6m-ti-none-eabi\</path>
         <kind>archive</kind>
         <file>libclang_rt.builtins.a</file>
         <name>aeabi_fcmp.S.obj</name>
      </input_file>
      <input_file id="fl-10e">
         <path>D:\ti\ccs2020\ccs\tools\compiler\ti-cgt-armllvm_4.0.3.LTS\lib\armv6m-ti-none-eabi\</path>
         <kind>archive</kind>
         <file>libclang_rt.builtins.a</file>
         <name>aeabi_idivmod.S.obj</name>
      </input_file>
      <input_file id="fl-10f">
         <path>D:\ti\ccs2020\ccs\tools\compiler\ti-cgt-armllvm_4.0.3.LTS\lib\armv6m-ti-none-eabi\</path>
         <kind>archive</kind>
         <file>libclang_rt.builtins.a</file>
         <name>aeabi_memcpy.S.obj</name>
      </input_file>
      <input_file id="fl-110">
         <path>D:\ti\ccs2020\ccs\tools\compiler\ti-cgt-armllvm_4.0.3.LTS\lib\armv6m-ti-none-eabi\</path>
         <kind>archive</kind>
         <file>libclang_rt.builtins.a</file>
         <name>aeabi_memset.S.obj</name>
      </input_file>
      <input_file id="fl-111">
         <path>D:\ti\ccs2020\ccs\tools\compiler\ti-cgt-armllvm_4.0.3.LTS\lib\armv6m-ti-none-eabi\</path>
         <kind>archive</kind>
         <file>libclang_rt.builtins.a</file>
         <name>aeabi_uidivmod.S.obj</name>
      </input_file>
      <input_file id="fl-112">
         <path>D:\ti\ccs2020\ccs\tools\compiler\ti-cgt-armllvm_4.0.3.LTS\lib\armv6m-ti-none-eabi\</path>
         <kind>archive</kind>
         <file>libclang_rt.builtins.a</file>
         <name>aeabi_uldivmod.S.obj</name>
      </input_file>
      <input_file id="fl-113">
         <path>D:\ti\ccs2020\ccs\tools\compiler\ti-cgt-armllvm_4.0.3.LTS\lib\armv6m-ti-none-eabi\</path>
         <kind>archive</kind>
         <file>libclang_rt.builtins.a</file>
         <name>udivmoddi4.S.obj</name>
      </input_file>
      <input_file id="fl-114">
         <path>D:\ti\ccs2020\ccs\tools\compiler\ti-cgt-armllvm_4.0.3.LTS\lib\armv6m-ti-none-eabi\</path>
         <kind>archive</kind>
         <file>libclang_rt.builtins.a</file>
         <name>ashldi3.S.obj</name>
      </input_file>
      <input_file id="fl-115">
         <path>D:\ti\ccs2020\ccs\tools\compiler\ti-cgt-armllvm_4.0.3.LTS\lib\armv6m-ti-none-eabi\</path>
         <kind>archive</kind>
         <file>libclang_rt.builtins.a</file>
         <name>comparedf2.c.obj</name>
      </input_file>
      <input_file id="fl-116">
         <path>D:\ti\ccs2020\ccs\tools\compiler\ti-cgt-armllvm_4.0.3.LTS\lib\armv6m-ti-none-eabi\</path>
         <kind>archive</kind>
         <file>libclang_rt.builtins.a</file>
         <name>aeabi_div0.c.obj</name>
      </input_file>
      <input_file id="fl-117">
         <path>D:\ti\ccs2020\ccs\tools\compiler\ti-cgt-armllvm_4.0.3.LTS\lib\armv6m-ti-none-eabi\c\</path>
         <kind>archive</kind>
         <file>libc.a</file>
         <name>memcpy16.S.obj</name>
      </input_file>
      <input_file id="fl-118">
         <path>D:\ti\ccs2020\ccs\tools\compiler\ti-cgt-armllvm_4.0.3.LTS\lib\armv6m-ti-none-eabi\c\</path>
         <kind>archive</kind>
         <file>libc.a</file>
         <name>memset16.S.obj</name>
      </input_file>
   </input_file_list>
   <object_component_list>
      <object_component id="oc-18">
         <name>.intvecs</name>
         <load_address>0x0</load_address>
         <readonly>true</readonly>
         <run_address>0x0</run_address>
         <size>0xc0</size>
         <alignment>0x4</alignment>
         <input_file_ref idref="fl-3"/>
      </object_component>
      <object_component id="oc-22c">
         <name>.text.__TI_scanfi</name>
         <load_address>0xc0</load_address>
         <readonly>true</readonly>
         <executable>true</executable>
         <run_address>0xc0</run_address>
         <size>0xbdc</size>
         <alignment>0x4</alignment>
         <input_file_ref idref="fl-49"/>
      </object_component>
      <object_component id="oc-1cb">
         <name>.text:__TI_printfi</name>
         <load_address>0xc9c</load_address>
         <readonly>true</readonly>
         <executable>true</executable>
         <run_address>0xc9c</run_address>
         <size>0x9d0</size>
         <alignment>0x4</alignment>
         <input_file_ref idref="fl-31"/>
      </object_component>
      <object_component id="oc-29d">
         <name>.text.strtod</name>
         <load_address>0x166c</load_address>
         <readonly>true</readonly>
         <executable>true</executable>
         <run_address>0x166c</run_address>
         <size>0x3b8</size>
         <alignment>0x4</alignment>
         <input_file_ref idref="fl-4d"/>
      </object_component>
      <object_component id="oc-220">
         <name>.text._pconv_a</name>
         <load_address>0x1a24</load_address>
         <readonly>true</readonly>
         <executable>true</executable>
         <run_address>0x1a24</run_address>
         <size>0x220</size>
         <alignment>0x4</alignment>
         <input_file_ref idref="fl-31"/>
      </object_component>
      <object_component id="oc-2b4">
         <name>.text.strtoll</name>
         <load_address>0x1c44</load_address>
         <readonly>true</readonly>
         <executable>true</executable>
         <run_address>0x1c44</run_address>
         <size>0x1e0</size>
         <alignment>0x4</alignment>
         <input_file_ref idref="fl-4f"/>
      </object_component>
      <object_component id="oc-225">
         <name>.text._pconv_g</name>
         <load_address>0x1e24</load_address>
         <readonly>true</readonly>
         <executable>true</executable>
         <run_address>0x1e24</run_address>
         <size>0x1dc</size>
         <alignment>0x4</alignment>
         <input_file_ref idref="fl-31"/>
      </object_component>
      <object_component id="oc-290">
         <name>.text.adddf3_subdf3</name>
         <load_address>0x2000</load_address>
         <readonly>true</readonly>
         <executable>true</executable>
         <run_address>0x2000</run_address>
         <size>0x192</size>
         <alignment>0x4</alignment>
         <input_file_ref idref="fl-fe"/>
      </object_component>
      <object_component id="oc-108">
         <name>.text.Encoder_InitQEIWithoutGeneratedConfig</name>
         <load_address>0x2192</load_address>
         <readonly>true</readonly>
         <executable>true</executable>
         <run_address>0x2192</run_address>
         <size>0x2</size>
         <alignment>0x2</alignment>
         <input_file_ref idref="fl-7"/>
      </object_component>
      <object_component id="oc-19d">
         <name>.text.Demo4_HandleCommand</name>
         <load_address>0x2194</load_address>
         <readonly>true</readonly>
         <executable>true</executable>
         <run_address>0x2194</run_address>
         <size>0x190</size>
         <alignment>0x4</alignment>
         <input_file_ref idref="fl-4"/>
      </object_component>
      <object_component id="oc-2b0">
         <name>.text.strtoull</name>
         <load_address>0x2324</load_address>
         <readonly>true</readonly>
         <executable>true</executable>
         <run_address>0x2324</run_address>
         <size>0x16c</size>
         <alignment>0x4</alignment>
         <input_file_ref idref="fl-51"/>
      </object_component>
      <object_component id="oc-a4">
         <name>.text.CL_Process</name>
         <load_address>0x2490</load_address>
         <readonly>true</readonly>
         <executable>true</executable>
         <run_address>0x2490</run_address>
         <size>0x150</size>
         <alignment>0x4</alignment>
         <input_file_ref idref="fl-5"/>
      </object_component>
      <object_component id="oc-2ac">
         <name>.text.strtol</name>
         <load_address>0x25e0</load_address>
         <readonly>true</readonly>
         <executable>true</executable>
         <run_address>0x25e0</run_address>
         <size>0x144</size>
         <alignment>0x4</alignment>
         <input_file_ref idref="fl-4e"/>
      </object_component>
      <object_component id="oc-294">
         <name>.text.fcvt</name>
         <load_address>0x2724</load_address>
         <readonly>true</readonly>
         <executable>true</executable>
         <run_address>0x2724</run_address>
         <size>0x13c</size>
         <alignment>0x4</alignment>
         <input_file_ref idref="fl-31"/>
      </object_component>
      <object_component id="oc-2a8">
         <name>.text.strtoul</name>
         <load_address>0x2860</load_address>
         <readonly>true</readonly>
         <executable>true</executable>
         <run_address>0x2860</run_address>
         <size>0x12c</size>
         <alignment>0x4</alignment>
         <input_file_ref idref="fl-50"/>
      </object_component>
      <object_component id="oc-227">
         <name>.text._pconv_e</name>
         <load_address>0x298c</load_address>
         <readonly>true</readonly>
         <executable>true</executable>
         <run_address>0x298c</run_address>
         <size>0x120</size>
         <alignment>0x4</alignment>
         <input_file_ref idref="fl-31"/>
      </object_component>
      <object_component id="oc-28c">
         <name>.text.__divdf3</name>
         <load_address>0x2aac</load_address>
         <readonly>true</readonly>
         <executable>true</executable>
         <run_address>0x2aac</run_address>
         <size>0x10c</size>
         <alignment>0x4</alignment>
         <input_file_ref idref="fl-103"/>
      </object_component>
      <object_component id="oc-1e4">
         <name>.text.Demo4_PrintAxis</name>
         <load_address>0x2bb8</load_address>
         <readonly>true</readonly>
         <executable>true</executable>
         <run_address>0x2bb8</run_address>
         <size>0xf8</size>
         <alignment>0x4</alignment>
         <input_file_ref idref="fl-4"/>
      </object_component>
      <object_component id="oc-244">
         <name>.text.Encoder_GetPwmAngle</name>
         <load_address>0x2cb0</load_address>
         <readonly>true</readonly>
         <executable>true</executable>
         <run_address>0x2cb0</run_address>
         <size>0xf4</size>
         <alignment>0x4</alignment>
         <input_file_ref idref="fl-7"/>
      </object_component>
      <object_component id="oc-175">
         <name>.text.DL_Timer_initTimerMode</name>
         <load_address>0x2da4</load_address>
         <readonly>true</readonly>
         <executable>true</executable>
         <run_address>0x2da4</run_address>
         <size>0xe8</size>
         <alignment>0x4</alignment>
         <input_file_ref idref="fl-17"/>
      </object_component>
      <object_component id="oc-27c">
         <name>.text.__muldf3</name>
         <load_address>0x2e8c</load_address>
         <readonly>true</readonly>
         <executable>true</executable>
         <run_address>0x2e8c</run_address>
         <size>0xe4</size>
         <alignment>0x4</alignment>
         <input_file_ref idref="fl-ff"/>
      </object_component>
      <object_component id="oc-171">
         <name>.text.DL_Timer_initCaptureCombinedMode</name>
         <load_address>0x2f70</load_address>
         <readonly>true</readonly>
         <executable>true</executable>
         <run_address>0x2f70</run_address>
         <size>0xe0</size>
         <alignment>0x4</alignment>
         <input_file_ref idref="fl-17"/>
      </object_component>
      <object_component id="oc-15b">
         <name>.text.DL_SYSCTL_configSYSPLL</name>
         <load_address>0x3050</load_address>
         <readonly>true</readonly>
         <executable>true</executable>
         <run_address>0x3050</run_address>
         <size>0xdc</size>
         <alignment>0x4</alignment>
         <input_file_ref idref="fl-19"/>
      </object_component>
      <object_component id="oc-26b">
         <name>.text.scalbn</name>
         <load_address>0x312c</load_address>
         <readonly>true</readonly>
         <executable>true</executable>
         <run_address>0x312c</run_address>
         <size>0xd8</size>
         <alignment>0x4</alignment>
         <input_file_ref idref="fl-34"/>
      </object_component>
      <object_component id="oc-245">
         <name>.text</name>
         <load_address>0x3204</load_address>
         <readonly>true</readonly>
         <executable>true</executable>
         <run_address>0x3204</run_address>
         <size>0xd8</size>
         <alignment>0x4</alignment>
         <input_file_ref idref="fl-fd"/>
      </object_component>
      <object_component id="oc-e6">
         <name>.text.Motor_Start</name>
         <load_address>0x32dc</load_address>
         <readonly>true</readonly>
         <executable>true</executable>
         <run_address>0x32dc</run_address>
         <size>0xd4</size>
         <alignment>0x4</alignment>
         <input_file_ref idref="fl-8"/>
      </object_component>
      <object_component id="oc-43">
         <name>.text.TIMG12_IRQHandler</name>
         <load_address>0x33b0</load_address>
         <readonly>true</readonly>
         <executable>true</executable>
         <run_address>0x33b0</run_address>
         <size>0xd0</size>
         <alignment>0x4</alignment>
         <input_file_ref idref="fl-7"/>
      </object_component>
      <object_component id="oc-1bf">
         <name>.text.DL_Timer_initPWMMode</name>
         <load_address>0x3480</load_address>
         <readonly>true</readonly>
         <executable>true</executable>
         <run_address>0x3480</run_address>
         <size>0xc4</size>
         <alignment>0x4</alignment>
         <input_file_ref idref="fl-17"/>
      </object_component>
      <object_component id="oc-e2">
         <name>.text.CL_CheckFeedback</name>
         <load_address>0x3544</load_address>
         <readonly>true</readonly>
         <executable>true</executable>
         <run_address>0x3544</run_address>
         <size>0xbc</size>
         <alignment>0x4</alignment>
         <input_file_ref idref="fl-5"/>
      </object_component>
      <object_component id="oc-1b0">
         <name>.text</name>
         <load_address>0x3600</load_address>
         <readonly>true</readonly>
         <executable>true</executable>
         <run_address>0x3600</run_address>
         <size>0xa2</size>
         <alignment>0x4</alignment>
         <input_file_ref idref="fl-113"/>
      </object_component>
      <object_component id="oc-257">
         <name>.text.__aeabi_idiv0</name>
         <load_address>0x36a2</load_address>
         <readonly>true</readonly>
         <executable>true</executable>
         <run_address>0x36a2</run_address>
         <size>0x2</size>
         <alignment>0x2</alignment>
         <input_file_ref idref="fl-116"/>
      </object_component>
      <object_component id="oc-c3">
         <name>.text.Demo_Init</name>
         <load_address>0x36a4</load_address>
         <readonly>true</readonly>
         <executable>true</executable>
         <run_address>0x36a4</run_address>
         <size>0xa0</size>
         <alignment>0x4</alignment>
         <input_file_ref idref="fl-4"/>
      </object_component>
      <object_component id="oc-f5">
         <name>.text.SYSCFG_DL_GPIO_init</name>
         <load_address>0x3744</load_address>
         <readonly>true</readonly>
         <executable>true</executable>
         <run_address>0x3744</run_address>
         <size>0x9c</size>
         <alignment>0x4</alignment>
         <input_file_ref idref="fl-2"/>
      </object_component>
      <object_component id="oc-1db">
         <name>.text.CL_SetTargetAngle</name>
         <load_address>0x37e0</load_address>
         <readonly>true</readonly>
         <executable>true</executable>
         <run_address>0x37e0</run_address>
         <size>0x8c</size>
         <alignment>0x4</alignment>
         <input_file_ref idref="fl-5"/>
      </object_component>
      <object_component id="oc-123">
         <name>.text.Demo_PollUart</name>
         <load_address>0x386c</load_address>
         <readonly>true</readonly>
         <executable>true</executable>
         <run_address>0x386c</run_address>
         <size>0x8c</size>
         <alignment>0x4</alignment>
         <input_file_ref idref="fl-4"/>
      </object_component>
      <object_component id="oc-f4">
         <name>.text.SYSCFG_DL_initPower</name>
         <load_address>0x38f8</load_address>
         <readonly>true</readonly>
         <executable>true</executable>
         <run_address>0x38f8</run_address>
         <size>0x8c</size>
         <alignment>0x4</alignment>
         <input_file_ref idref="fl-2"/>
      </object_component>
      <object_component id="oc-2be">
         <name>.text.__mulsf3</name>
         <load_address>0x3984</load_address>
         <readonly>true</readonly>
         <executable>true</executable>
         <run_address>0x3984</run_address>
         <size>0x8c</size>
         <alignment>0x4</alignment>
         <input_file_ref idref="fl-101"/>
      </object_component>
      <object_component id="oc-1e0">
         <name>.text:strcmp</name>
         <load_address>0x3a10</load_address>
         <readonly>true</readonly>
         <executable>true</executable>
         <run_address>0x3a10</run_address>
         <size>0x88</size>
         <alignment>0x10</alignment>
         <input_file_ref idref="fl-37"/>
      </object_component>
      <object_component id="oc-243">
         <name>.text.CL_GetSnapshot</name>
         <load_address>0x3a98</load_address>
         <readonly>true</readonly>
         <executable>true</executable>
         <run_address>0x3a98</run_address>
         <size>0x84</size>
         <alignment>0x4</alignment>
         <input_file_ref idref="fl-5"/>
      </object_component>
      <object_component id="oc-2c2">
         <name>.text.__divsf3</name>
         <load_address>0x3b1c</load_address>
         <readonly>true</readonly>
         <executable>true</executable>
         <run_address>0x3b1c</run_address>
         <size>0x82</size>
         <alignment>0x4</alignment>
         <input_file_ref idref="fl-102"/>
      </object_component>
      <object_component id="oc-1fa">
         <name>.text.__aeabi_ldiv0</name>
         <load_address>0x3b9e</load_address>
         <readonly>true</readonly>
         <executable>true</executable>
         <run_address>0x3b9e</run_address>
         <size>0x2</size>
         <alignment>0x2</alignment>
         <input_file_ref idref="fl-116"/>
      </object_component>
      <object_component id="oc-166">
         <name>.text.DL_TimerA_initPWMMode</name>
         <load_address>0x3ba0</load_address>
         <readonly>true</readonly>
         <executable>true</executable>
         <run_address>0x3ba0</run_address>
         <size>0x80</size>
         <alignment>0x4</alignment>
         <input_file_ref idref="fl-17"/>
      </object_component>
      <object_component id="oc-e5">
         <name>.text.Motor_SetDirection</name>
         <load_address>0x3c20</load_address>
         <readonly>true</readonly>
         <executable>true</executable>
         <run_address>0x3c20</run_address>
         <size>0x80</size>
         <alignment>0x4</alignment>
         <input_file_ref idref="fl-8"/>
      </object_component>
      <object_component id="oc-c2">
         <name>.text.Encoder_Init</name>
         <load_address>0x3ca0</load_address>
         <readonly>true</readonly>
         <executable>true</executable>
         <run_address>0x3ca0</run_address>
         <size>0x7c</size>
         <alignment>0x4</alignment>
         <input_file_ref idref="fl-7"/>
      </object_component>
      <object_component id="oc-1c">
         <name>.text:decompress:lzss</name>
         <load_address>0x3d1c</load_address>
         <readonly>true</readonly>
         <executable>true</executable>
         <run_address>0x3d1c</run_address>
         <size>0x7c</size>
         <alignment>0x4</alignment>
         <input_file_ref idref="fl-47"/>
      </object_component>
      <object_component id="oc-28a">
         <name>.text.__gedf2</name>
         <load_address>0x3d98</load_address>
         <readonly>true</readonly>
         <executable>true</executable>
         <run_address>0x3d98</run_address>
         <size>0x74</size>
         <alignment>0x4</alignment>
         <input_file_ref idref="fl-115"/>
      </object_component>
      <object_component id="oc-33">
         <name>.text.Default_Handler</name>
         <load_address>0x3e0c</load_address>
         <readonly>true</readonly>
         <executable>true</executable>
         <run_address>0x3e0c</run_address>
         <size>0x4</size>
         <alignment>0x2</alignment>
         <input_file_ref idref="fl-3"/>
      </object_component>
      <object_component id="oc-2a3">
         <name>.text.__truncdfsf2</name>
         <load_address>0x3e10</load_address>
         <readonly>true</readonly>
         <executable>true</executable>
         <run_address>0x3e10</run_address>
         <size>0x74</size>
         <alignment>0x10</alignment>
         <input_file_ref idref="fl-10b"/>
      </object_component>
      <object_component id="oc-234">
         <name>.text._chkmbc</name>
         <load_address>0x3e84</load_address>
         <readonly>true</readonly>
         <executable>true</executable>
         <run_address>0x3e84</run_address>
         <size>0x74</size>
         <alignment>0x4</alignment>
         <input_file_ref idref="fl-32"/>
      </object_component>
      <object_component id="oc-115">
         <name>.text.Demo4_PrintHelp</name>
         <load_address>0x3ef8</load_address>
         <readonly>true</readonly>
         <executable>true</executable>
         <run_address>0x3ef8</run_address>
         <size>0x68</size>
         <alignment>0x4</alignment>
         <input_file_ref idref="fl-4"/>
      </object_component>
      <object_component id="oc-a3">
         <name>.text.Encoder_Tick</name>
         <load_address>0x3f60</load_address>
         <readonly>true</readonly>
         <executable>true</executable>
         <run_address>0x3f60</run_address>
         <size>0x68</size>
         <alignment>0x4</alignment>
         <input_file_ref idref="fl-7"/>
      </object_component>
      <object_component id="oc-284">
         <name>.text.__ledf2</name>
         <load_address>0x3fc8</load_address>
         <readonly>true</readonly>
         <executable>true</executable>
         <run_address>0x3fc8</run_address>
         <size>0x68</size>
         <alignment>0x4</alignment>
         <input_file_ref idref="fl-115"/>
      </object_component>
      <object_component id="oc-283">
         <name>.text._mcpy</name>
         <load_address>0x4030</load_address>
         <readonly>true</readonly>
         <executable>true</executable>
         <run_address>0x4030</run_address>
         <size>0x66</size>
         <alignment>0x2</alignment>
         <input_file_ref idref="fl-31"/>
      </object_component>
      <object_component id="oc-1a2">
         <name>.text._nop</name>
         <load_address>0x4096</load_address>
         <readonly>true</readonly>
         <executable>true</executable>
         <run_address>0x4096</run_address>
         <size>0x2</size>
         <alignment>0x2</alignment>
         <input_file_ref idref="fl-39"/>
      </object_component>
      <object_component id="oc-221">
         <name>.text.__aeabi_dcmp</name>
         <load_address>0x4098</load_address>
         <readonly>true</readonly>
         <executable>true</executable>
         <run_address>0x4098</run_address>
         <size>0x62</size>
         <alignment>0x4</alignment>
         <input_file_ref idref="fl-10c"/>
      </object_component>
      <object_component id="oc-23c">
         <name>.text.__aeabi_fcmp</name>
         <load_address>0x40fc</load_address>
         <readonly>true</readonly>
         <executable>true</executable>
         <run_address>0x40fc</run_address>
         <size>0x62</size>
         <alignment>0x4</alignment>
         <input_file_ref idref="fl-10d"/>
      </object_component>
      <object_component id="oc-f7">
         <name>.text.SYSCFG_DL_PWM_0_init</name>
         <load_address>0x4160</load_address>
         <readonly>true</readonly>
         <executable>true</executable>
         <run_address>0x4160</run_address>
         <size>0x60</size>
         <alignment>0x4</alignment>
         <input_file_ref idref="fl-2"/>
      </object_component>
      <object_component id="oc-e4">
         <name>.text.CL_SelectFrequency</name>
         <load_address>0x41c0</load_address>
         <readonly>true</readonly>
         <executable>true</executable>
         <run_address>0x41c0</run_address>
         <size>0x5c</size>
         <alignment>0x4</alignment>
         <input_file_ref idref="fl-5"/>
      </object_component>
      <object_component id="oc-c1">
         <name>.text.Motor_Init</name>
         <load_address>0x421c</load_address>
         <readonly>true</readonly>
         <executable>true</executable>
         <run_address>0x421c</run_address>
         <size>0x5c</size>
         <alignment>0x4</alignment>
         <input_file_ref idref="fl-8"/>
      </object_component>
      <object_component id="oc-3e">
         <name>.text.TIMA1_IRQHandler</name>
         <load_address>0x4278</load_address>
         <readonly>true</readonly>
         <executable>true</executable>
         <run_address>0x4278</run_address>
         <size>0x5c</size>
         <alignment>0x4</alignment>
         <input_file_ref idref="fl-8"/>
      </object_component>
      <object_component id="oc-267">
         <name>.text.frexp</name>
         <load_address>0x42d4</load_address>
         <readonly>true</readonly>
         <executable>true</executable>
         <run_address>0x42d4</run_address>
         <size>0x5c</size>
         <alignment>0x4</alignment>
         <input_file_ref idref="fl-33"/>
      </object_component>
      <object_component id="oc-10f">
         <name>.text.printf</name>
         <load_address>0x4330</load_address>
         <readonly>true</readonly>
         <executable>true</executable>
         <run_address>0x4330</run_address>
         <size>0x5c</size>
         <alignment>0x4</alignment>
         <input_file_ref idref="fl-30"/>
      </object_component>
      <object_component id="oc-240">
         <name>.text.CL_AngleToCount</name>
         <load_address>0x438c</load_address>
         <readonly>true</readonly>
         <executable>true</executable>
         <run_address>0x438c</run_address>
         <size>0x58</size>
         <alignment>0x4</alignment>
         <input_file_ref idref="fl-5"/>
      </object_component>
      <object_component id="oc-e3">
         <name>.text.CL_ErrorToSteps</name>
         <load_address>0x43e4</load_address>
         <readonly>true</readonly>
         <executable>true</executable>
         <run_address>0x43e4</run_address>
         <size>0x58</size>
         <alignment>0x4</alignment>
         <input_file_ref idref="fl-5"/>
      </object_component>
      <object_component id="oc-273">
         <name>.text.__TI_ltoa</name>
         <load_address>0x443c</load_address>
         <readonly>true</readonly>
         <executable>true</executable>
         <run_address>0x443c</run_address>
         <size>0x58</size>
         <alignment>0x2</alignment>
         <input_file_ref idref="fl-3a"/>
      </object_component>
      <object_component id="oc-226">
         <name>.text._pconv_f</name>
         <load_address>0x4494</load_address>
         <readonly>true</readonly>
         <executable>true</executable>
         <run_address>0x4494</run_address>
         <size>0x58</size>
         <alignment>0x2</alignment>
         <input_file_ref idref="fl-31"/>
      </object_component>
      <object_component id="oc-2db">
         <name>.text.__aeabi_idivmod</name>
         <load_address>0x44ec</load_address>
         <readonly>true</readonly>
         <executable>true</executable>
         <run_address>0x44ec</run_address>
         <size>0x56</size>
         <alignment>0x4</alignment>
         <input_file_ref idref="fl-10e"/>
      </object_component>
      <object_component id="oc-1e7">
         <name>.text.CL_ClearFault</name>
         <load_address>0x4544</load_address>
         <readonly>true</readonly>
         <executable>true</executable>
         <run_address>0x4544</run_address>
         <size>0x54</size>
         <alignment>0x4</alignment>
         <input_file_ref idref="fl-5"/>
      </object_component>
      <object_component id="oc-16d">
         <name>.text.DL_Timer_configQEI</name>
         <load_address>0x4598</load_address>
         <readonly>true</readonly>
         <executable>true</executable>
         <run_address>0x4598</run_address>
         <size>0x54</size>
         <alignment>0x4</alignment>
         <input_file_ref idref="fl-2"/>
      </object_component>
      <object_component id="oc-249">
         <name>.text.Demo_FaultName</name>
         <load_address>0x45ec</load_address>
         <readonly>true</readonly>
         <executable>true</executable>
         <run_address>0x45ec</run_address>
         <size>0x54</size>
         <alignment>0x4</alignment>
         <input_file_ref idref="fl-4"/>
      </object_component>
      <object_component id="oc-fb">
         <name>.text.SYSCFG_DL_UART_0_init</name>
         <load_address>0x4640</load_address>
         <readonly>true</readonly>
         <executable>true</executable>
         <run_address>0x4640</run_address>
         <size>0x54</size>
         <alignment>0x4</alignment>
         <input_file_ref idref="fl-2"/>
      </object_component>
      <object_component id="oc-281">
         <name>.text._ecpy</name>
         <load_address>0x4694</load_address>
         <readonly>true</readonly>
         <executable>true</executable>
         <run_address>0x4694</run_address>
         <size>0x52</size>
         <alignment>0x2</alignment>
         <input_file_ref idref="fl-31"/>
      </object_component>
      <object_component id="oc-252">
         <name>.text.CL_SetZero</name>
         <load_address>0x46e8</load_address>
         <readonly>true</readonly>
         <executable>true</executable>
         <run_address>0x46e8</run_address>
         <size>0x50</size>
         <alignment>0x4</alignment>
         <input_file_ref idref="fl-5"/>
      </object_component>
      <object_component id="oc-f8">
         <name>.text.SYSCFG_DL_QEI_0_init</name>
         <load_address>0x4738</load_address>
         <readonly>true</readonly>
         <executable>true</executable>
         <run_address>0x4738</run_address>
         <size>0x50</size>
         <alignment>0x4</alignment>
         <input_file_ref idref="fl-2"/>
      </object_component>
      <object_component id="oc-180">
         <name>.text.DL_UART_setBaudRateDivisor</name>
         <load_address>0x4788</load_address>
         <readonly>true</readonly>
         <executable>true</executable>
         <run_address>0x4788</run_address>
         <size>0x4c</size>
         <alignment>0x4</alignment>
         <input_file_ref idref="fl-2"/>
      </object_component>
      <object_component id="oc-26f">
         <name>.text.__fixdfsi</name>
         <load_address>0x47d4</load_address>
         <readonly>true</readonly>
         <executable>true</executable>
         <run_address>0x47d4</run_address>
         <size>0x4a</size>
         <alignment>0x4</alignment>
         <input_file_ref idref="fl-105"/>
      </object_component>
      <object_component id="oc-1e8">
         <name>.text.CL_TogglePositiveDirLevel</name>
         <load_address>0x4820</load_address>
         <readonly>true</readonly>
         <executable>true</executable>
         <run_address>0x4820</run_address>
         <size>0x48</size>
         <alignment>0x4</alignment>
         <input_file_ref idref="fl-5"/>
      </object_component>
      <object_component id="oc-17e">
         <name>.text.DL_UART_init</name>
         <load_address>0x4868</load_address>
         <readonly>true</readonly>
         <executable>true</executable>
         <run_address>0x4868</run_address>
         <size>0x48</size>
         <alignment>0x4</alignment>
         <input_file_ref idref="fl-18"/>
      </object_component>
      <object_component id="oc-75">
         <name>.text.Motor_StopUnsafe</name>
         <load_address>0x48b0</load_address>
         <readonly>true</readonly>
         <executable>true</executable>
         <run_address>0x48b0</run_address>
         <size>0x48</size>
         <alignment>0x4</alignment>
         <input_file_ref idref="fl-8"/>
      </object_component>
      <object_component id="oc-163">
         <name>.text.DL_SYSCTL_switchMCLKfromSYSOSCtoHSCLK</name>
         <load_address>0x48f8</load_address>
         <readonly>true</readonly>
         <executable>true</executable>
         <run_address>0x48f8</run_address>
         <size>0x44</size>
         <alignment>0x4</alignment>
         <input_file_ref idref="fl-19"/>
      </object_component>
      <object_component id="oc-13d">
         <name>.text.Motor_ConfigurePWM</name>
         <load_address>0x493c</load_address>
         <readonly>true</readonly>
         <executable>true</executable>
         <run_address>0x493c</run_address>
         <size>0x44</size>
         <alignment>0x4</alignment>
         <input_file_ref idref="fl-8"/>
      </object_component>
      <object_component id="oc-1b5">
         <name>.text.Motor_FrequencyToPeriod</name>
         <load_address>0x4980</load_address>
         <readonly>true</readonly>
         <executable>true</executable>
         <run_address>0x4980</run_address>
         <size>0x44</size>
         <alignment>0x4</alignment>
         <input_file_ref idref="fl-8"/>
      </object_component>
      <object_component id="oc-f6">
         <name>.text.SYSCFG_DL_SYSCTL_init</name>
         <load_address>0x49c4</load_address>
         <readonly>true</readonly>
         <executable>true</executable>
         <run_address>0x49c4</run_address>
         <size>0x40</size>
         <alignment>0x4</alignment>
         <input_file_ref idref="fl-2"/>
      </object_component>
      <object_component id="oc-bc">
         <name>.text.SYSCFG_DL_init</name>
         <load_address>0x4a04</load_address>
         <readonly>true</readonly>
         <executable>true</executable>
         <run_address>0x4a04</run_address>
         <size>0x40</size>
         <alignment>0x4</alignment>
         <input_file_ref idref="fl-2"/>
      </object_component>
      <object_component id="oc-205">
         <name>.text.__aeabi_uidivmod</name>
         <load_address>0x4a44</load_address>
         <readonly>true</readonly>
         <executable>true</executable>
         <run_address>0x4a44</run_address>
         <size>0x40</size>
         <alignment>0x4</alignment>
         <input_file_ref idref="fl-111"/>
      </object_component>
      <object_component id="oc-1dc">
         <name>.text.__extendsfdf2</name>
         <load_address>0x4a84</load_address>
         <readonly>true</readonly>
         <executable>true</executable>
         <run_address>0x4a84</run_address>
         <size>0x40</size>
         <alignment>0x4</alignment>
         <input_file_ref idref="fl-104"/>
      </object_component>
      <object_component id="oc-212">
         <name>.text.atoi</name>
         <load_address>0x4ac4</load_address>
         <readonly>true</readonly>
         <executable>true</executable>
         <run_address>0x4ac4</run_address>
         <size>0x40</size>
         <alignment>0x4</alignment>
         <input_file_ref idref="fl-3c"/>
      </object_component>
      <object_component id="oc-1cf">
         <name>.text.fputs</name>
         <load_address>0x4b04</load_address>
         <readonly>true</readonly>
         <executable>true</executable>
         <run_address>0x4b04</run_address>
         <size>0x40</size>
         <alignment>0x2</alignment>
         <input_file_ref idref="fl-6"/>
      </object_component>
      <object_component id="oc-304">
         <name>.text.__floatsisf</name>
         <load_address>0x4b44</load_address>
         <readonly>true</readonly>
         <executable>true</executable>
         <run_address>0x4b44</run_address>
         <size>0x3c</size>
         <alignment>0x4</alignment>
         <input_file_ref idref="fl-108"/>
      </object_component>
      <object_component id="oc-2bc">
         <name>.text.__gtsf2</name>
         <load_address>0x4b80</load_address>
         <readonly>true</readonly>
         <executable>true</executable>
         <run_address>0x4b80</run_address>
         <size>0x3c</size>
         <alignment>0x4</alignment>
         <input_file_ref idref="fl-fc"/>
      </object_component>
      <object_component id="oc-ce">
         <name>.text:__TI_auto_init_nobinit_nopinit</name>
         <load_address>0x4bbc</load_address>
         <readonly>true</readonly>
         <executable>true</executable>
         <run_address>0x4bbc</run_address>
         <size>0x3c</size>
         <alignment>0x4</alignment>
         <input_file_ref idref="fl-42"/>
      </object_component>
      <object_component id="oc-2bb">
         <name>.text.__eqsf2</name>
         <load_address>0x4bf8</load_address>
         <readonly>true</readonly>
         <executable>true</executable>
         <run_address>0x4bf8</run_address>
         <size>0x3a</size>
         <alignment>0x4</alignment>
         <input_file_ref idref="fl-fc"/>
      </object_component>
      <object_component id="oc-1ab">
         <name>.text.__muldsi3</name>
         <load_address>0x4c34</load_address>
         <readonly>true</readonly>
         <executable>true</executable>
         <run_address>0x4c34</run_address>
         <size>0x3a</size>
         <alignment>0x4</alignment>
         <input_file_ref idref="fl-100"/>
      </object_component>
      <object_component id="oc-10e">
         <name>.text.CL_Init</name>
         <load_address>0x4c70</load_address>
         <readonly>true</readonly>
         <executable>true</executable>
         <run_address>0x4c70</run_address>
         <size>0x38</size>
         <alignment>0x4</alignment>
         <input_file_ref idref="fl-5"/>
      </object_component>
      <object_component id="oc-34">
         <name>.text.GROUP1_IRQHandler</name>
         <load_address>0x4ca8</load_address>
         <readonly>true</readonly>
         <executable>true</executable>
         <run_address>0x4ca8</run_address>
         <size>0x38</size>
         <alignment>0x4</alignment>
         <input_file_ref idref="fl-7"/>
      </object_component>
      <object_component id="oc-2c6">
         <name>.text.__fixsfsi</name>
         <load_address>0x4ce0</load_address>
         <readonly>true</readonly>
         <executable>true</executable>
         <run_address>0x4ce0</run_address>
         <size>0x38</size>
         <alignment>0x4</alignment>
         <input_file_ref idref="fl-106"/>
      </object_component>
      <object_component id="oc-253">
         <name>.text.CL_Stop</name>
         <load_address>0x4d18</load_address>
         <readonly>true</readonly>
         <executable>true</executable>
         <run_address>0x4d18</run_address>
         <size>0x34</size>
         <alignment>0x4</alignment>
         <input_file_ref idref="fl-5"/>
      </object_component>
      <object_component id="oc-151">
         <name>.text.DL_GPIO_initDigitalInputFeatures</name>
         <load_address>0x4d4c</load_address>
         <readonly>true</readonly>
         <executable>true</executable>
         <run_address>0x4d4c</run_address>
         <size>0x34</size>
         <alignment>0x4</alignment>
         <input_file_ref idref="fl-2"/>
      </object_component>
      <object_component id="oc-ec">
         <name>.text.DL_Timer_setCCPOutputDisabled</name>
         <load_address>0x4d80</load_address>
         <readonly>true</readonly>
         <executable>true</executable>
         <run_address>0x4d80</run_address>
         <size>0x34</size>
         <alignment>0x4</alignment>
         <input_file_ref idref="fl-8"/>
      </object_component>
      <object_component id="oc-68">
         <name>.text.Encoder_GetCountAtCurrentEdge</name>
         <load_address>0x4db4</load_address>
         <readonly>true</readonly>
         <executable>true</executable>
         <run_address>0x4db4</run_address>
         <size>0x34</size>
         <alignment>0x4</alignment>
         <input_file_ref idref="fl-7"/>
      </object_component>
      <object_component id="oc-67">
         <name>.text.Encoder_GetDirectionSign</name>
         <load_address>0x4de8</load_address>
         <readonly>true</readonly>
         <executable>true</executable>
         <run_address>0x4de8</run_address>
         <size>0x34</size>
         <alignment>0x4</alignment>
         <input_file_ref idref="fl-7"/>
      </object_component>
      <object_component id="oc-82">
         <name>.text.Encoder_PwmElapsed</name>
         <load_address>0x4e1c</load_address>
         <readonly>true</readonly>
         <executable>true</executable>
         <run_address>0x4e1c</run_address>
         <size>0x34</size>
         <alignment>0x4</alignment>
         <input_file_ref idref="fl-7"/>
      </object_component>
      <object_component id="oc-13c">
         <name>.text.Motor_Stop</name>
         <load_address>0x4e50</load_address>
         <readonly>true</readonly>
         <executable>true</executable>
         <run_address>0x4e50</run_address>
         <size>0x34</size>
         <alignment>0x2</alignment>
         <input_file_ref idref="fl-8"/>
      </object_component>
      <object_component id="oc-f9">
         <name>.text.SYSCFG_DL_ENCODER_PWM_init</name>
         <load_address>0x4e84</load_address>
         <readonly>true</readonly>
         <executable>true</executable>
         <run_address>0x4e84</run_address>
         <size>0x34</size>
         <alignment>0x4</alignment>
         <input_file_ref idref="fl-2"/>
      </object_component>
      <object_component id="oc-fa">
         <name>.text.SYSCFG_DL_TIMER_0_init</name>
         <load_address>0x4eb8</load_address>
         <readonly>true</readonly>
         <executable>true</executable>
         <run_address>0x4eb8</run_address>
         <size>0x34</size>
         <alignment>0x4</alignment>
         <input_file_ref idref="fl-2"/>
      </object_component>
      <object_component id="oc-101">
         <name>.text.DL_GPIO_initDigitalOutputFeatures</name>
         <load_address>0x4eec</load_address>
         <readonly>true</readonly>
         <executable>true</executable>
         <run_address>0x4eec</run_address>
         <size>0x30</size>
         <alignment>0x4</alignment>
         <input_file_ref idref="fl-8"/>
      </object_component>
      <object_component id="oc-282">
         <name>.text._fcpy</name>
         <load_address>0x4f1c</load_address>
         <readonly>true</readonly>
         <executable>true</executable>
         <run_address>0x4f1c</run_address>
         <size>0x30</size>
         <alignment>0x2</alignment>
         <input_file_ref idref="fl-31"/>
      </object_component>
      <object_component id="oc-1d5">
         <name>.text.sscanf</name>
         <load_address>0x4f4c</load_address>
         <readonly>true</readonly>
         <executable>true</executable>
         <run_address>0x4f4c</run_address>
         <size>0x30</size>
         <alignment>0x4</alignment>
         <input_file_ref idref="fl-32"/>
      </object_component>
      <object_component id="oc-96">
         <name>.text.main</name>
         <load_address>0x4f7c</load_address>
         <readonly>true</readonly>
         <executable>true</executable>
         <run_address>0x4f7c</run_address>
         <size>0x2e</size>
         <alignment>0x2</alignment>
         <input_file_ref idref="fl-1"/>
      </object_component>
      <object_component id="oc-e0">
         <name>.text.Encoder_GetCount</name>
         <load_address>0x4fac</load_address>
         <readonly>true</readonly>
         <executable>true</executable>
         <run_address>0x4fac</run_address>
         <size>0x2c</size>
         <alignment>0x4</alignment>
         <input_file_ref idref="fl-7"/>
      </object_component>
      <object_component id="oc-189">
         <name>.text.Encoder_SetZero</name>
         <load_address>0x4fd8</load_address>
         <readonly>true</readonly>
         <executable>true</executable>
         <run_address>0x4fd8</run_address>
         <size>0x2c</size>
         <alignment>0x4</alignment>
         <input_file_ref idref="fl-7"/>
      </object_component>
      <object_component id="oc-e1">
         <name>.text.Motor_IsBusy</name>
         <load_address>0x5004</load_address>
         <readonly>true</readonly>
         <executable>true</executable>
         <run_address>0x5004</run_address>
         <size>0x2c</size>
         <alignment>0x4</alignment>
         <input_file_ref idref="fl-8"/>
      </object_component>
      <object_component id="oc-c4">
         <name>.text.__NVIC_ClearPendingIRQ</name>
         <load_address>0x5030</load_address>
         <readonly>true</readonly>
         <executable>true</executable>
         <run_address>0x5030</run_address>
         <size>0x2c</size>
         <alignment>0x4</alignment>
         <input_file_ref idref="fl-1"/>
      </object_component>
      <object_component id="oc-10c">
         <name>.text.__NVIC_ClearPendingIRQ</name>
         <load_address>0x505c</load_address>
         <readonly>true</readonly>
         <executable>true</executable>
         <run_address>0x505c</run_address>
         <size>0x2c</size>
         <alignment>0x4</alignment>
         <input_file_ref idref="fl-7"/>
      </object_component>
      <object_component id="oc-105">
         <name>.text.__NVIC_ClearPendingIRQ</name>
         <load_address>0x5088</load_address>
         <readonly>true</readonly>
         <executable>true</executable>
         <run_address>0x5088</run_address>
         <size>0x2c</size>
         <alignment>0x4</alignment>
         <input_file_ref idref="fl-8"/>
      </object_component>
      <object_component id="oc-c5">
         <name>.text.__NVIC_EnableIRQ</name>
         <load_address>0x50b4</load_address>
         <readonly>true</readonly>
         <executable>true</executable>
         <run_address>0x50b4</run_address>
         <size>0x2c</size>
         <alignment>0x4</alignment>
         <input_file_ref idref="fl-1"/>
      </object_component>
      <object_component id="oc-10d">
         <name>.text.__NVIC_EnableIRQ</name>
         <load_address>0x50e0</load_address>
         <readonly>true</readonly>
         <executable>true</executable>
         <run_address>0x50e0</run_address>
         <size>0x2c</size>
         <alignment>0x4</alignment>
         <input_file_ref idref="fl-7"/>
      </object_component>
      <object_component id="oc-106">
         <name>.text.__NVIC_EnableIRQ</name>
         <load_address>0x510c</load_address>
         <readonly>true</readonly>
         <executable>true</executable>
         <run_address>0x510c</run_address>
         <size>0x2c</size>
         <alignment>0x4</alignment>
         <input_file_ref idref="fl-8"/>
      </object_component>
      <object_component id="oc-277">
         <name>.text.__floatsidf</name>
         <load_address>0x5138</load_address>
         <readonly>true</readonly>
         <executable>true</executable>
         <run_address>0x5138</run_address>
         <size>0x2c</size>
         <alignment>0x4</alignment>
         <input_file_ref idref="fl-107"/>
      </object_component>
      <object_component id="oc-1d4">
         <name>.text.fputc</name>
         <load_address>0x5164</load_address>
         <readonly>true</readonly>
         <executable>true</executable>
         <run_address>0x5164</run_address>
         <size>0x2c</size>
         <alignment>0x4</alignment>
         <input_file_ref idref="fl-6"/>
      </object_component>
      <object_component id="oc-e7">
         <name>.text.CL_SetFault</name>
         <load_address>0x5190</load_address>
         <readonly>true</readonly>
         <executable>true</executable>
         <run_address>0x5190</run_address>
         <size>0x28</size>
         <alignment>0x4</alignment>
         <input_file_ref idref="fl-5"/>
      </object_component>
      <object_component id="oc-141">
         <name>.text.DL_Common_updateReg</name>
         <load_address>0x51b8</load_address>
         <readonly>true</readonly>
         <executable>true</executable>
         <run_address>0x51b8</run_address>
         <size>0x28</size>
         <alignment>0x2</alignment>
         <input_file_ref idref="fl-8"/>
      </object_component>
      <object_component id="oc-1bc">
         <name>.text.DL_Common_updateReg</name>
         <load_address>0x51e0</load_address>
         <readonly>true</readonly>
         <executable>true</executable>
         <run_address>0x51e0</run_address>
         <size>0x28</size>
         <alignment>0x2</alignment>
         <input_file_ref idref="fl-2"/>
      </object_component>
      <object_component id="oc-187">
         <name>.text.DL_SYSTICK_init</name>
         <load_address>0x5208</load_address>
         <readonly>true</readonly>
         <executable>true</executable>
         <run_address>0x5208</run_address>
         <size>0x28</size>
         <alignment>0x4</alignment>
         <input_file_ref idref="fl-2"/>
      </object_component>
      <object_component id="oc-182">
         <name>.text.DL_UART_setRXFIFOThreshold</name>
         <load_address>0x5230</load_address>
         <readonly>true</readonly>
         <executable>true</executable>
         <run_address>0x5230</run_address>
         <size>0x28</size>
         <alignment>0x4</alignment>
         <input_file_ref idref="fl-2"/>
      </object_component>
      <object_component id="oc-183">
         <name>.text.DL_UART_setTXFIFOThreshold</name>
         <load_address>0x5258</load_address>
         <readonly>true</readonly>
         <executable>true</executable>
         <run_address>0x5258</run_address>
         <size>0x28</size>
         <alignment>0x4</alignment>
         <input_file_ref idref="fl-2"/>
      </object_component>
      <object_component id="oc-24a">
         <name>.text.Encoder_GetZCount</name>
         <load_address>0x5280</load_address>
         <readonly>true</readonly>
         <executable>true</executable>
         <run_address>0x5280</run_address>
         <size>0x28</size>
         <alignment>0x4</alignment>
         <input_file_ref idref="fl-7"/>
      </object_component>
      <object_component id="oc-2cb">
         <name>.text.__floatunsisf</name>
         <load_address>0x52a8</load_address>
         <readonly>true</readonly>
         <executable>true</executable>
         <run_address>0x52a8</run_address>
         <size>0x28</size>
         <alignment>0x4</alignment>
         <input_file_ref idref="fl-109"/>
      </object_component>
      <object_component id="oc-5f">
         <name>.text:_c_int00_noargs</name>
         <load_address>0x52d0</load_address>
         <readonly>true</readonly>
         <executable>true</executable>
         <run_address>0x52d0</run_address>
         <size>0x28</size>
         <alignment>0x4</alignment>
         <input_file_ref idref="fl-40"/>
      </object_component>
      <object_component id="oc-2ca">
         <name>.text.CL_CountToAngle</name>
         <load_address>0x52f8</load_address>
         <readonly>true</readonly>
         <executable>true</executable>
         <run_address>0x52f8</run_address>
         <size>0x24</size>
         <alignment>0x4</alignment>
         <input_file_ref idref="fl-5"/>
      </object_component>
      <object_component id="oc-134">
         <name>.text.__muldi3</name>
         <load_address>0x531c</load_address>
         <readonly>true</readonly>
         <executable>true</executable>
         <run_address>0x531c</run_address>
         <size>0x24</size>
         <alignment>0x4</alignment>
         <input_file_ref idref="fl-10a"/>
      </object_component>
      <object_component id="oc-20b">
         <name>.text.memccpy</name>
         <load_address>0x5340</load_address>
         <readonly>true</readonly>
         <executable>true</executable>
         <run_address>0x5340</run_address>
         <size>0x22</size>
         <alignment>0x2</alignment>
         <input_file_ref idref="fl-3e"/>
      </object_component>
      <object_component id="oc-14f">
         <name>.text.DL_GPIO_initPeripheralInputFunction</name>
         <load_address>0x5364</load_address>
         <readonly>true</readonly>
         <executable>true</executable>
         <run_address>0x5364</run_address>
         <size>0x20</size>
         <alignment>0x4</alignment>
         <input_file_ref idref="fl-2"/>
      </object_component>
      <object_component id="oc-157">
         <name>.text.DL_SYSCTL_setFlashWaitState</name>
         <load_address>0x5384</load_address>
         <readonly>true</readonly>
         <executable>true</executable>
         <run_address>0x5384</run_address>
         <size>0x20</size>
         <alignment>0x4</alignment>
         <input_file_ref idref="fl-2"/>
      </object_component>
      <object_component id="oc-17f">
         <name>.text.DL_UART_setOversampling</name>
         <load_address>0x53a4</load_address>
         <readonly>true</readonly>
         <executable>true</executable>
         <run_address>0x53a4</run_address>
         <size>0x1e</size>
         <alignment>0x2</alignment>
         <input_file_ref idref="fl-2"/>
      </object_component>
      <object_component id="oc-200">
         <name>.text.__ashldi3</name>
         <load_address>0x53c4</load_address>
         <readonly>true</readonly>
         <executable>true</executable>
         <run_address>0x53c4</run_address>
         <size>0x1e</size>
         <alignment>0x4</alignment>
         <input_file_ref idref="fl-114"/>
      </object_component>
      <object_component id="oc-154">
         <name>.text.DL_GPIO_clearInterruptStatus</name>
         <load_address>0x53e4</load_address>
         <readonly>true</readonly>
         <executable>true</executable>
         <run_address>0x53e4</run_address>
         <size>0x1c</size>
         <alignment>0x4</alignment>
         <input_file_ref idref="fl-2"/>
      </object_component>
      <object_component id="oc-155">
         <name>.text.DL_GPIO_enableInterrupt</name>
         <load_address>0x5400</load_address>
         <readonly>true</readonly>
         <executable>true</executable>
         <run_address>0x5400</run_address>
         <size>0x1c</size>
         <alignment>0x4</alignment>
         <input_file_ref idref="fl-2"/>
      </object_component>
      <object_component id="oc-14d">
         <name>.text.DL_GPIO_initPeripheralOutputFunction</name>
         <load_address>0x541c</load_address>
         <readonly>true</readonly>
         <executable>true</executable>
         <run_address>0x541c</run_address>
         <size>0x1c</size>
         <alignment>0x4</alignment>
         <input_file_ref idref="fl-2"/>
      </object_component>
      <object_component id="oc-158">
         <name>.text.DL_SYSCTL_setSYSOSCFreq</name>
         <load_address>0x5438</load_address>
         <readonly>true</readonly>
         <executable>true</executable>
         <run_address>0x5438</run_address>
         <size>0x1c</size>
         <alignment>0x4</alignment>
         <input_file_ref idref="fl-2"/>
      </object_component>
      <object_component id="oc-161">
         <name>.text.DL_SYSCTL_setULPCLKDivider</name>
         <load_address>0x5454</load_address>
         <readonly>true</readonly>
         <executable>true</executable>
         <run_address>0x5454</run_address>
         <size>0x1c</size>
         <alignment>0x4</alignment>
         <input_file_ref idref="fl-2"/>
      </object_component>
      <object_component id="oc-ac">
         <name>.text.DL_Timer_disableInterrupt</name>
         <load_address>0x5470</load_address>
         <readonly>true</readonly>
         <executable>true</executable>
         <run_address>0x5470</run_address>
         <size>0x1c</size>
         <alignment>0x4</alignment>
         <input_file_ref idref="fl-8"/>
      </object_component>
      <object_component id="oc-13f">
         <name>.text.DL_Timer_enableInterrupt</name>
         <load_address>0x548c</load_address>
         <readonly>true</readonly>
         <executable>true</executable>
         <run_address>0x548c</run_address>
         <size>0x1c</size>
         <alignment>0x4</alignment>
         <input_file_ref idref="fl-8"/>
      </object_component>
      <object_component id="oc-172">
         <name>.text.DL_Timer_enableInterrupt</name>
         <load_address>0x54a8</load_address>
         <readonly>true</readonly>
         <executable>true</executable>
         <run_address>0x54a8</run_address>
         <size>0x1c</size>
         <alignment>0x4</alignment>
         <input_file_ref idref="fl-2"/>
      </object_component>
      <object_component id="oc-a1">
         <name>.text.DL_Timer_getQEIDirection</name>
         <load_address>0x54c4</load_address>
         <readonly>true</readonly>
         <executable>true</executable>
         <run_address>0x54c4</run_address>
         <size>0x1c</size>
         <alignment>0x4</alignment>
[...]
         <object_component_ref idref="oc-178"/>
      </symbol>
      <symbol id="sm-33a">
         <name>DL_SYSCTL_configSYSPLL</name>
         <value>0x3051</value>
         <object_component_ref idref="oc-15b"/>
      </symbol>
      <symbol id="sm-33b">
         <name>DL_SYSCTL_switchMCLKfromSYSOSCtoHSCLK</name>
         <value>0x48f9</value>
         <object_component_ref idref="oc-163"/>
      </symbol>
      <symbol id="sm-34c">
         <name>printf</name>
         <value>0x4331</value>
         <object_component_ref idref="oc-10f"/>
      </symbol>
      <symbol id="sm-395">
         <name>__TI_printfi</name>
         <value>0xc9d</value>
         <object_component_ref idref="oc-1cb"/>
      </symbol>
      <symbol id="sm-3aa">
         <name>sscanf</name>
         <value>0x4f4d</value>
         <object_component_ref idref="oc-1d5"/>
      </symbol>
      <symbol id="sm-3b4">
         <name>frexp</name>
         <value>0x42d5</value>
         <object_component_ref idref="oc-267"/>
      </symbol>
      <symbol id="sm-3b5">
         <name>frexpl</name>
         <value>0x42d5</value>
         <object_component_ref idref="oc-267"/>
      </symbol>
      <symbol id="sm-3bf">
         <name>scalbn</name>
         <value>0x312d</value>
         <object_component_ref idref="oc-26b"/>
      </symbol>
      <symbol id="sm-3c0">
         <name>ldexp</name>
         <value>0x312d</value>
         <object_component_ref idref="oc-26b"/>
      </symbol>
      <symbol id="sm-3c1">
         <name>scalbnl</name>
         <value>0x312d</value>
         <object_component_ref idref="oc-26b"/>
      </symbol>
      <symbol id="sm-3c2">
         <name>ldexpl</name>
         <value>0x312d</value>
         <object_component_ref idref="oc-26b"/>
      </symbol>
      <symbol id="sm-3cb">
         <name>wcslen</name>
         <value>0x59e1</value>
         <object_component_ref idref="oc-216"/>
      </symbol>
      <symbol id="sm-3cc">
         <name>__aeabi_ctype_table_</name>
         <value>0x5b20</value>
         <object_component_ref idref="oc-25c"/>
      </symbol>
      <symbol id="sm-3cd">
         <name>__aeabi_ctype_table_C</name>
         <value>0x5b20</value>
         <object_component_ref idref="oc-25c"/>
      </symbol>
      <symbol id="sm-3d5">
         <name>strcmp</name>
         <value>0x3a11</value>
         <object_component_ref idref="oc-1e0"/>
      </symbol>
      <symbol id="sm-3e0">
         <name>__aeabi_errno_addr</name>
         <value>0x5ac9</value>
         <object_component_ref idref="oc-21a"/>
      </symbol>
      <symbol id="sm-3e1">
         <name>__aeabi_errno</name>
         <value>0x202002ac</value>
         <object_component_ref idref="oc-263"/>
      </symbol>
      <symbol id="sm-3ea">
         <name>_nop</name>
         <value>0x4097</value>
         <object_component_ref idref="oc-1a2"/>
      </symbol>
      <symbol id="sm-3eb">
         <name>_lock</name>
         <value>0x202002b0</value>
         <object_component_ref idref="oc-12a"/>
      </symbol>
      <symbol id="sm-3ec">
         <name>_unlock</name>
         <value>0x202002b4</value>
         <object_component_ref idref="oc-12d"/>
      </symbol>
      <symbol id="sm-3f5">
         <name>__TI_ltoa</name>
         <value>0x443d</value>
         <object_component_ref idref="oc-273"/>
      </symbol>
      <symbol id="sm-400">
         <name>atoi</name>
         <value>0x4ac5</value>
         <object_component_ref idref="oc-212"/>
      </symbol>
      <symbol id="sm-405">
         <name>_ftable</name>
         <value>0x202001bc</value>
         <object_component_ref idref="oc-18b"/>
      </symbol>
      <symbol id="sm-40e">
         <name>memccpy</name>
         <value>0x5341</value>
         <object_component_ref idref="oc-20b"/>
      </symbol>
      <symbol id="sm-41a">
         <name>_c_int00_noargs</name>
         <value>0x52d1</value>
         <object_component_ref idref="oc-5f"/>
      </symbol>
      <symbol id="sm-41b">
         <name>__stack</name>
         <value>0x20207000</value>
         <object_component_ref idref="oc-1a"/>
      </symbol>
      <symbol id="sm-42a">
         <name>__TI_auto_init_nobinit_nopinit</name>
         <value>0x4bbd</value>
         <object_component_ref idref="oc-ce"/>
      </symbol>
      <symbol id="sm-432">
         <name>_system_pre_init</name>
         <value>0x5b15</value>
         <object_component_ref idref="oc-92"/>
      </symbol>
      <symbol id="sm-43d">
         <name>__TI_zero_init_nomemset</name>
         <value>0x57d3</value>
         <object_component_ref idref="oc-56"/>
      </symbol>
      <symbol id="sm-446">
         <name>__TI_decompress_none</name>
         <value>0x596d</value>
         <object_component_ref idref="oc-20"/>
      </symbol>
      <symbol id="sm-451">
         <name>__TI_decompress_lzss</name>
         <value>0x3d1d</value>
         <object_component_ref idref="oc-1c"/>
      </symbol>
      <symbol id="sm-479">
         <name>__TI_scanfi</name>
         <value>0xc1</value>
         <object_component_ref idref="oc-22c"/>
      </symbol>
      <symbol id="sm-484">
         <name>abort</name>
         <value>0x5af7</value>
         <object_component_ref idref="oc-c7"/>
      </symbol>
      <symbol id="sm-49a">
         <name>strtod</name>
         <value>0x166d</value>
         <object_component_ref idref="oc-29d"/>
      </symbol>
      <symbol id="sm-49b">
         <name>strtold</name>
         <value>0x166d</value>
         <object_component_ref idref="oc-29d"/>
      </symbol>
      <symbol id="sm-4a6">
         <name>strtol</name>
         <value>0x25e1</value>
         <object_component_ref idref="oc-2ac"/>
      </symbol>
      <symbol id="sm-4b1">
         <name>strtoll</name>
         <value>0x1c45</value>
         <object_component_ref idref="oc-2b4"/>
      </symbol>
      <symbol id="sm-4bc">
         <name>strtoul</name>
         <value>0x2861</value>
         <object_component_ref idref="oc-2a8"/>
      </symbol>
      <symbol id="sm-4c7">
         <name>strtoull</name>
         <value>0x2325</value>
         <object_component_ref idref="oc-2b0"/>
      </symbol>
      <symbol id="sm-4cf">
         <name>HOSTexit</name>
         <value>0x5afd</value>
         <object_component_ref idref="oc-124"/>
      </symbol>
      <symbol id="sm-4d0">
         <name>C$$EXIT</name>
         <value>0x5afc</value>
         <object_component_ref idref="oc-124"/>
      </symbol>
      <symbol id="sm-4e5">
         <name>__eqsf2</name>
         <value>0x4bf9</value>
         <object_component_ref idref="oc-2bb"/>
      </symbol>
      <symbol id="sm-4e6">
         <name>__lesf2</name>
         <value>0x4bf9</value>
         <object_component_ref idref="oc-2bb"/>
      </symbol>
      <symbol id="sm-4e7">
         <name>__ltsf2</name>
         <value>0x4bf9</value>
         <object_component_ref idref="oc-2bb"/>
      </symbol>
      <symbol id="sm-4e8">
         <name>__nesf2</name>
         <value>0x4bf9</value>
         <object_component_ref idref="oc-2bb"/>
      </symbol>
      <symbol id="sm-4e9">
         <name>__cmpsf2</name>
         <value>0x4bf9</value>
         <object_component_ref idref="oc-2bb"/>
      </symbol>
      <symbol id="sm-4ea">
         <name>__gtsf2</name>
         <value>0x4b81</value>
         <object_component_ref idref="oc-2bc"/>
      </symbol>
      <symbol id="sm-4eb">
         <name>__gesf2</name>
         <value>0x4b81</value>
         <object_component_ref idref="oc-2bc"/>
      </symbol>
      <symbol id="sm-4ec">
         <name>__unordsf2</name>
         <value>0x57bd</value>
         <object_component_ref idref="oc-237"/>
      </symbol>
      <symbol id="sm-4ed">
         <name>__aeabi_fcmpun</name>
         <value>0x57bd</value>
         <object_component_ref idref="oc-237"/>
      </symbol>
      <symbol id="sm-4f3">
         <name>__aeabi_fadd</name>
         <value>0x320f</value>
         <object_component_ref idref="oc-245"/>
      </symbol>
      <symbol id="sm-4f4">
         <name>__addsf3</name>
         <value>0x320f</value>
         <object_component_ref idref="oc-245"/>
      </symbol>
      <symbol id="sm-4f5">
         <name>__aeabi_fsub</name>
         <value>0x3205</value>
         <object_component_ref idref="oc-245"/>
      </symbol>
      <symbol id="sm-4f6">
         <name>__subsf3</name>
         <value>0x3205</value>
         <object_component_ref idref="oc-245"/>
      </symbol>
      <symbol id="sm-4fc">
         <name>__aeabi_dadd</name>
         <value>0x200b</value>
         <object_component_ref idref="oc-290"/>
      </symbol>
      <symbol id="sm-4fd">
         <name>__adddf3</name>
         <value>0x200b</value>
         <object_component_ref idref="oc-290"/>
      </symbol>
      <symbol id="sm-4fe">
         <name>__aeabi_dsub</name>
         <value>0x2001</value>
         <object_component_ref idref="oc-290"/>
      </symbol>
      <symbol id="sm-4ff">
         <name>__subdf3</name>
         <value>0x2001</value>
         <object_component_ref idref="oc-290"/>
      </symbol>
      <symbol id="sm-508">
         <name>__aeabi_dmul</name>
         <value>0x2e8d</value>
         <object_component_ref idref="oc-27c"/>
      </symbol>
      <symbol id="sm-509">
         <name>__muldf3</name>
         <value>0x2e8d</value>
         <object_component_ref idref="oc-27c"/>
      </symbol>
      <symbol id="sm-50f">
         <name>__muldsi3</name>
         <value>0x4c35</value>
         <object_component_ref idref="oc-1ab"/>
      </symbol>
      <symbol id="sm-515">
         <name>__aeabi_fmul</name>
         <value>0x3985</value>
         <object_component_ref idref="oc-2be"/>
      </symbol>
      <symbol id="sm-516">
         <name>__mulsf3</name>
         <value>0x3985</value>
         <object_component_ref idref="oc-2be"/>
      </symbol>
      <symbol id="sm-51c">
         <name>__aeabi_fdiv</name>
         <value>0x3b1d</value>
         <object_component_ref idref="oc-2c2"/>
      </symbol>
      <symbol id="sm-51d">
         <name>__divsf3</name>
         <value>0x3b1d</value>
         <object_component_ref idref="oc-2c2"/>
      </symbol>
      <symbol id="sm-523">
         <name>__aeabi_ddiv</name>
         <value>0x2aad</value>
         <object_component_ref idref="oc-28c"/>
      </symbol>
      <symbol id="sm-524">
         <name>__divdf3</name>
         <value>0x2aad</value>
         <object_component_ref idref="oc-28c"/>
      </symbol>
      <symbol id="sm-52a">
         <name>__aeabi_f2d</name>
         <value>0x4a85</value>
         <object_component_ref idref="oc-1dc"/>
      </symbol>
      <symbol id="sm-52b">
         <name>__extendsfdf2</name>
         <value>0x4a85</value>
         <object_component_ref idref="oc-1dc"/>
      </symbol>
      <symbol id="sm-531">
         <name>__aeabi_d2iz</name>
         <value>0x47d5</value>
         <object_component_ref idref="oc-26f"/>
      </symbol>
      <symbol id="sm-532">
         <name>__fixdfsi</name>
         <value>0x47d5</value>
         <object_component_ref idref="oc-26f"/>
      </symbol>
      <symbol id="sm-538">
         <name>__aeabi_f2iz</name>
         <value>0x4ce1</value>
         <object_component_ref idref="oc-2c6"/>
      </symbol>
      <symbol id="sm-539">
         <name>__fixsfsi</name>
         <value>0x4ce1</value>
         <object_component_ref idref="oc-2c6"/>
      </symbol>
      <symbol id="sm-53f">
         <name>__aeabi_i2d</name>
         <value>0x5139</value>
         <object_component_ref idref="oc-277"/>
      </symbol>
      <symbol id="sm-540">
         <name>__floatsidf</name>
         <value>0x5139</value>
         <object_component_ref idref="oc-277"/>
      </symbol>
      <symbol id="sm-546">
         <name>__aeabi_i2f</name>
         <value>0x4b45</value>
         <object_component_ref idref="oc-304"/>
      </symbol>
      <symbol id="sm-547">
         <name>__floatsisf</name>
         <value>0x4b45</value>
         <object_component_ref idref="oc-304"/>
      </symbol>
      <symbol id="sm-54d">
         <name>__aeabi_ui2f</name>
         <value>0x52a9</value>
         <object_component_ref idref="oc-2cb"/>
      </symbol>
      <symbol id="sm-54e">
         <name>__floatunsisf</name>
         <value>0x52a9</value>
         <object_component_ref idref="oc-2cb"/>
      </symbol>
      <symbol id="sm-554">
         <name>__aeabi_lmul</name>
         <value>0x531d</value>
         <object_component_ref idref="oc-134"/>
      </symbol>
      <symbol id="sm-555">
         <name>__muldi3</name>
         <value>0x531d</value>
         <object_component_ref idref="oc-134"/>
      </symbol>
      <symbol id="sm-55c">
         <name>__aeabi_d2f</name>
         <value>0x3e11</value>
         <object_component_ref idref="oc-2a3"/>
      </symbol>
      <symbol id="sm-55d">
         <name>__truncdfsf2</name>
         <value>0x3e11</value>
         <object_component_ref idref="oc-2a3"/>
      </symbol>
      <symbol id="sm-563">
         <name>__aeabi_dcmpeq</name>
         <value>0x4099</value>
         <object_component_ref idref="oc-221"/>
      </symbol>
      <symbol id="sm-564">
         <name>__aeabi_dcmplt</name>
         <value>0x40ad</value>
         <object_component_ref idref="oc-221"/>
      </symbol>
      <symbol id="sm-565">
         <name>__aeabi_dcmple</name>
         <value>0x40c1</value>
         <object_component_ref idref="oc-221"/>
      </symbol>
      <symbol id="sm-566">
         <name>__aeabi_dcmpge</name>
         <value>0x40d5</value>
         <object_component_ref idref="oc-221"/>
      </symbol>
      <symbol id="sm-567">
         <name>__aeabi_dcmpgt</name>
         <value>0x40e9</value>
         <object_component_ref idref="oc-221"/>
      </symbol>
      <symbol id="sm-570">
         <name>__aeabi_fcmpeq</name>
         <value>0x40fd</value>
         <object_component_ref idref="oc-23c"/>
      </symbol>
      <symbol id="sm-571">
         <name>__aeabi_fcmplt</name>
         <value>0x4111</value>
         <object_component_ref idref="oc-23c"/>
      </symbol>
      <symbol id="sm-572">
         <name>__aeabi_fcmple</name>
         <value>0x4125</value>
         <object_component_ref idref="oc-23c"/>
      </symbol>
      <symbol id="sm-573">
         <name>__aeabi_fcmpge</name>
         <value>0x4139</value>
         <object_component_ref idref="oc-23c"/>
      </symbol>
      <symbol id="sm-574">
         <name>__aeabi_fcmpgt</name>
         <value>0x414d</value>
         <object_component_ref idref="oc-23c"/>
      </symbol>
      <symbol id="sm-57a">
         <name>__aeabi_idiv</name>
         <value>0x44ed</value>
         <object_component_ref idref="oc-2db"/>
      </symbol>
      <symbol id="sm-57b">
         <name>__aeabi_idivmod</name>
         <value>0x44ed</value>
         <object_component_ref idref="oc-2db"/>
      </symbol>
      <symbol id="sm-581">
         <name>__aeabi_memcpy</name>
         <value>0x5ad1</value>
         <object_component_ref idref="oc-4f"/>
      </symbol>
      <symbol id="sm-582">
         <name>__aeabi_memcpy4</name>
         <value>0x5ad1</value>
         <object_component_ref idref="oc-4f"/>
      </symbol>
      <symbol id="sm-583">
         <name>__aeabi_memcpy8</name>
         <value>0x5ad1</value>
         <object_component_ref idref="oc-4f"/>
      </symbol>
      <symbol id="sm-58c">
         <name>__aeabi_memset</name>
         <value>0x5a1d</value>
         <object_component_ref idref="oc-20a"/>
      </symbol>
      <symbol id="sm-58d">
         <name>__aeabi_memset4</name>
         <value>0x5a1d</value>
         <object_component_ref idref="oc-20a"/>
      </symbol>
      <symbol id="sm-58e">
         <name>__aeabi_memset8</name>
         <value>0x5a1d</value>
         <object_component_ref idref="oc-20a"/>
      </symbol>
      <symbol id="sm-58f">
         <name>__aeabi_memclr</name>
         <value>0x5a49</value>
         <object_component_ref idref="oc-8d"/>
      </symbol>
      <symbol id="sm-590">
         <name>__aeabi_memclr4</name>
         <value>0x5a49</value>
         <object_component_ref idref="oc-8d"/>
      </symbol>
      <symbol id="sm-591">
         <name>__aeabi_memclr8</name>
         <value>0x5a49</value>
         <object_component_ref idref="oc-8d"/>
      </symbol>
      <symbol id="sm-597">
         <name>__aeabi_uidiv</name>
         <value>0x4a45</value>
         <object_component_ref idref="oc-205"/>
      </symbol>
      <symbol id="sm-598">
         <name>__aeabi_uidivmod</name>
         <value>0x4a45</value>
         <object_component_ref idref="oc-205"/>
      </symbol>
      <symbol id="sm-59e">
         <name>__aeabi_uldivmod</name>
         <value>0x58c5</value>
         <object_component_ref idref="oc-138"/>
      </symbol>
      <symbol id="sm-5a4">
         <name>__udivmoddi4</name>
         <value>0x3601</value>
         <object_component_ref idref="oc-1b0"/>
      </symbol>
      <symbol id="sm-5aa">
         <name>__aeabi_llsl</name>
         <value>0x53c5</value>
         <object_component_ref idref="oc-200"/>
      </symbol>
      <symbol id="sm-5ab">
         <name>__ashldi3</name>
         <value>0x53c5</value>
         <object_component_ref idref="oc-200"/>
      </symbol>
      <symbol id="sm-5b9">
         <name>__ledf2</name>
         <value>0x3fc9</value>
         <object_component_ref idref="oc-284"/>
      </symbol>
      <symbol id="sm-5ba">
         <name>__gedf2</name>
         <value>0x3d99</value>
         <object_component_ref idref="oc-28a"/>
      </symbol>
      <symbol id="sm-5bb">
         <name>__cmpdf2</name>
         <value>0x3fc9</value>
         <object_component_ref idref="oc-284"/>
      </symbol>
      <symbol id="sm-5bc">
         <name>__eqdf2</name>
         <value>0x3fc9</value>
         <object_component_ref idref="oc-284"/>
      </symbol>
      <symbol id="sm-5bd">
         <name>__ltdf2</name>
         <value>0x3fc9</value>
         <object_component_ref idref="oc-284"/>
      </symbol>
      <symbol id="sm-5be">
         <name>__nedf2</name>
         <value>0x3fc9</value>
         <object_component_ref idref="oc-284"/>
      </symbol>
      <symbol id="sm-5bf">
         <name>__gtdf2</name>
         <value>0x3d99</value>
         <object_component_ref idref="oc-28a"/>
      </symbol>
      <symbol id="sm-5cb">
         <name>__aeabi_idiv0</name>
         <value>0x36a3</value>
         <object_component_ref idref="oc-257"/>
      </symbol>
      <symbol id="sm-5cc">
         <name>__aeabi_ldiv0</name>
         <value>0x3b9f</value>
         <object_component_ref idref="oc-1fa"/>
      </symbol>
      <symbol id="sm-5d5">
         <name>TI_memcpy_small</name>
         <value>0x595b</value>
         <object_component_ref idref="oc-b2"/>
      </symbol>
      <symbol id="sm-5de">
         <name>TI_memset_small</name>
         <value>0x5a39</value>
         <object_component_ref idref="oc-ee"/>
      </symbol>
      <symbol id="sm-5df">
         <name>__TI_static_base__</name>
         <value>0x0</value>
      </symbol>
      <symbol id="sm-5e3">
         <name>__mpu_init</name>
         <value>0x0</value>
      </symbol>
      <symbol id="sm-5e4">
         <name>_system_post_cinit</name>
         <value>0x0</value>
      </symbol>
   </symbol_table>
   <title>Link successful</title>
</link_info>
