Archive member included to satisfy reference by file (symbol)

/home/clbritheking/ti/mspm0_sdk_2_11_00_07/source/ti/driverlib/lib/gcc/m0p/mspm0g1x0x_g3x0x/driverlib.a(dl_adc12.o)
                              /tmp/ccRbCPYH.o (DL_ADC12_setClockConfig)
/home/clbritheking/ti/mspm0_sdk_2_11_00_07/source/ti/driverlib/lib/gcc/m0p/mspm0g1x0x_g3x0x/driverlib.a(dl_common.o)
                              /tmp/ccRbCPYH.o (DL_Common_delayCycles)
/home/clbritheking/ti/mspm0_sdk_2_11_00_07/source/ti/driverlib/lib/gcc/m0p/mspm0g1x0x_g3x0x/driverlib.a(dl_i2c.o)
                              /tmp/ccRbCPYH.o (DL_I2C_setClockConfig)
/home/clbritheking/ti/mspm0_sdk_2_11_00_07/source/ti/driverlib/lib/gcc/m0p/mspm0g1x0x_g3x0x/driverlib.a(dl_timer.o)
                              /tmp/ccRbCPYH.o (DL_Timer_setClockConfig)
/home/clbritheking/ti/mspm0_sdk_2_11_00_07/source/ti/driverlib/lib/gcc/m0p/mspm0g1x0x_g3x0x/driverlib.a(dl_uart.o)
                              /tmp/ccRbCPYH.o (DL_UART_init)
/usr/lib/gcc/arm-none-eabi/10.3.1/thumb/v6-m/nofp/libgcc.a(_udivsi3.o)
                              /tmp/ccfhmQef.o (__aeabi_uidiv)
/usr/lib/gcc/arm-none-eabi/10.3.1/thumb/v6-m/nofp/libgcc.a(_divsi3.o)
                              /tmp/ccfTx9Hb.o (__aeabi_idiv)
/usr/lib/gcc/arm-none-eabi/10.3.1/thumb/v6-m/nofp/libgcc.a(_dvmd_tls.o)
                              /usr/lib/gcc/arm-none-eabi/10.3.1/thumb/v6-m/nofp/libgcc.a(_udivsi3.o) (__aeabi_idiv0)
/usr/lib/gcc/arm-none-eabi/10.3.1/thumb/v6-m/nofp/libgcc.a(_arm_cmpsf2.o)
                              /tmp/ccMHeIKv.o (__aeabi_fcmplt)
/usr/lib/gcc/arm-none-eabi/10.3.1/thumb/v6-m/nofp/libgcc.a(_aeabi_ldivmod.o)
                              /tmp/cc1CQe6N.o (__aeabi_ldivmod)
/usr/lib/gcc/arm-none-eabi/10.3.1/thumb/v6-m/nofp/libgcc.a(_aeabi_uldivmod.o)
                              /tmp/cc1CQe6N.o (__aeabi_uldivmod)
/usr/lib/gcc/arm-none-eabi/10.3.1/thumb/v6-m/nofp/libgcc.a(_muldi3.o)
                              /tmp/cc1CQe6N.o (__aeabi_lmul)
/usr/lib/gcc/arm-none-eabi/10.3.1/thumb/v6-m/nofp/libgcc.a(_udivmoddi4.o)
                              /usr/lib/gcc/arm-none-eabi/10.3.1/thumb/v6-m/nofp/libgcc.a(_aeabi_uldivmod.o) (__udivmoddi4)
/usr/lib/gcc/arm-none-eabi/10.3.1/thumb/v6-m/nofp/libgcc.a(bpabi.o)
                              /usr/lib/gcc/arm-none-eabi/10.3.1/thumb/v6-m/nofp/libgcc.a(_aeabi_ldivmod.o) (__gnu_ldivmod_helper)
/usr/lib/gcc/arm-none-eabi/10.3.1/thumb/v6-m/nofp/libgcc.a(addsf3.o)
                              /tmp/ccMHeIKv.o (__aeabi_fadd)
/usr/lib/gcc/arm-none-eabi/10.3.1/thumb/v6-m/nofp/libgcc.a(divsf3.o)
                              /tmp/ccMHeIKv.o (__aeabi_fdiv)
/usr/lib/gcc/arm-none-eabi/10.3.1/thumb/v6-m/nofp/libgcc.a(eqsf2.o)
                              /usr/lib/gcc/arm-none-eabi/10.3.1/thumb/v6-m/nofp/libgcc.a(_arm_cmpsf2.o) (__eqsf2)
/usr/lib/gcc/arm-none-eabi/10.3.1/thumb/v6-m/nofp/libgcc.a(gesf2.o)
                              /usr/lib/gcc/arm-none-eabi/10.3.1/thumb/v6-m/nofp/libgcc.a(_arm_cmpsf2.o) (__gesf2)
/usr/lib/gcc/arm-none-eabi/10.3.1/thumb/v6-m/nofp/libgcc.a(lesf2.o)
                              /usr/lib/gcc/arm-none-eabi/10.3.1/thumb/v6-m/nofp/libgcc.a(_arm_cmpsf2.o) (__lesf2)
/usr/lib/gcc/arm-none-eabi/10.3.1/thumb/v6-m/nofp/libgcc.a(mulsf3.o)
                              /tmp/ccMHeIKv.o (__aeabi_fmul)
/usr/lib/gcc/arm-none-eabi/10.3.1/thumb/v6-m/nofp/libgcc.a(subsf3.o)
                              /tmp/ccMHeIKv.o (__aeabi_fsub)
/usr/lib/gcc/arm-none-eabi/10.3.1/thumb/v6-m/nofp/libgcc.a(unordsf2.o)
                              /tmp/ccMHeIKv.o (__aeabi_fcmpun)
/usr/lib/gcc/arm-none-eabi/10.3.1/thumb/v6-m/nofp/libgcc.a(fixsfsi.o)
                              /tmp/ccM4WjcT.o (__aeabi_f2iz)
/usr/lib/gcc/arm-none-eabi/10.3.1/thumb/v6-m/nofp/libgcc.a(floatsisf.o)
                              /tmp/ccM4WjcT.o (__aeabi_i2f)
/usr/lib/gcc/arm-none-eabi/10.3.1/thumb/v6-m/nofp/libgcc.a(_clzsi2.o)
                              /usr/lib/gcc/arm-none-eabi/10.3.1/thumb/v6-m/nofp/libgcc.a(addsf3.o) (__clzsi2)
/usr/lib/gcc/arm-none-eabi/10.3.1/thumb/v6-m/nofp/libgcc.a(_clzdi2.o)
                              /usr/lib/gcc/arm-none-eabi/10.3.1/thumb/v6-m/nofp/libgcc.a(_udivmoddi4.o) (__clzdi2)
/usr/lib/gcc/arm-none-eabi/10.3.1/thumb/v6-m/nofp/libgcc.a(_divdi3.o)
                              /usr/lib/gcc/arm-none-eabi/10.3.1/thumb/v6-m/nofp/libgcc.a(bpabi.o) (__divdi3)
/usr/lib/gcc/arm-none-eabi/10.3.1/../../../arm-none-eabi/lib/thumb/v6-m/nofp/libg_nano.a(lib_a-init.o)
                              /tmp/ccjPpAR0.o (__libc_init_array)
/usr/lib/gcc/arm-none-eabi/10.3.1/../../../arm-none-eabi/lib/thumb/v6-m/nofp/libg_nano.a(lib_a-memcpy-stub.o)
                              /tmp/ccfTx9Hb.o (memcpy)
/usr/lib/gcc/arm-none-eabi/10.3.1/../../../arm-none-eabi/lib/thumb/v6-m/nofp/libg_nano.a(lib_a-memset.o)
                              /tmp/ccfTx9Hb.o (memset)

Discarded input sections

 .text.ADC_ReadRaw
                0x0000000000000000       0x44 /tmp/ccfhmQef.o
[...]
Memory Configuration

Name             Origin             Length             Attributes
FLASH            0x0000000000000000 0x0000000000020000 xr
SRAM             0x0000000020200000 0x0000000000008000 xrw
BCR_CONFIG       0x0000000041c00000 0x00000000000000ff r
BSL_CONFIG       0x0000000041c00100 0x0000000000000080 r
*default*        0x0000000000000000 0xffffffffffffffff

Linker script and memory map

LOAD /tmp/ccTsam43.o
LOAD /tmp/ccfhmQef.o
LOAD /tmp/cc1CQe6N.o
LOAD /tmp/ccrGIZXY.o
LOAD /tmp/ccjcwoWs.o
LOAD /tmp/ccfTx9Hb.o
LOAD /tmp/ccBkeTFm.o
LOAD /tmp/ccrBE8Ni.o
LOAD /tmp/cclOpHyA.o
LOAD /tmp/ccMHeIKv.o
LOAD /tmp/ccM4WjcT.o
LOAD /tmp/ccTNQDlp.o
LOAD /tmp/ccSZTXHt.o
LOAD /tmp/ccRbCPYH.o
LOAD /tmp/ccjPpAR0.o
LOAD /home/clbritheking/ti/mspm0_sdk_2_11_00_07/source/ti/driverlib/lib/gcc/m0p/mspm0g1x0x_g3x0x/driverlib.a
START GROUP
LOAD /usr/lib/gcc/arm-none-eabi/10.3.1/thumb/v6-m/nofp/libgcc.a
LOAD /usr/lib/gcc/arm-none-eabi/10.3.1/../../../arm-none-eabi/lib/thumb/v6-m/nofp/libg_nano.a
LOAD /usr/lib/gcc/arm-none-eabi/10.3.1/../../../arm-none-eabi/lib/thumb/v6-m/nofp/libc_nano.a
END GROUP
START GROUP
LOAD /usr/lib/gcc/arm-none-eabi/10.3.1/thumb/v6-m/nofp/libgcc.a
LOAD /usr/lib/gcc/arm-none-eabi/10.3.1/../../../arm-none-eabi/lib/thumb/v6-m/nofp/libc_nano.a
LOAD /usr/lib/gcc/arm-none-eabi/10.3.1/../../../arm-none-eabi/lib/thumb/v6-m/nofp/libnosys.a
END GROUP
START GROUP
LOAD /usr/lib/gcc/arm-none-eabi/10.3.1/thumb/v6-m/nofp/libgcc.a
LOAD /usr/lib/gcc/arm-none-eabi/10.3.1/../../../arm-none-eabi/lib/thumb/v6-m/nofp/libc_nano.a
LOAD /usr/lib/gcc/arm-none-eabi/10.3.1/../../../arm-none-eabi/lib/thumb/v6-m/nofp/libnosys.a
END GROUP
                0x0000000000000000                _Min_Heap_Size = 0x0
                0x0000000000000080                _Min_Stack_Size = 0x80
                0x0000000000000000                PROVIDE (_intvecs_base_address = DEFINED (_intvecs_base_address)?_intvecs_base_address:0x0)

.intvecs        0x0000000000000000       0xc0
 *(.intvecs)
 .intvecs       0x0000000000000000       0xc0 /tmp/ccjPpAR0.o
                0x0000000000000000                interruptVectors
                0x0000000020200000                PROVIDE (_vtable_base_address = DEFINED (_vtable_base_address)?_vtable_base_address:0x20200000)

.vtable
 *(.vtable)

.text           0x00000000000000c0     0x3400
 CREATE_OBJECT_SYMBOLS
 *(.text)
 .text          0x00000000000000c0        0x0 /tmp/ccTsam43.o
 .text          0x00000000000000c0        0x0 /tmp/ccfhmQef.o
 .text          0x00000000000000c0        0x0 /tmp/cc1CQe6N.o
 .text          0x00000000000000c0        0x0 /tmp/ccrGIZXY.o
 .text          0x00000000000000c0        0x0 /tmp/ccjcwoWs.o
 .text          0x00000000000000c0        0x0 /tmp/ccfTx9Hb.o
 .text          0x00000000000000c0        0x0 /tmp/ccBkeTFm.o
 .text          0x00000000000000c0        0x0 /tmp/ccrBE8Ni.o
 .text          0x00000000000000c0        0x0 /tmp/cclOpHyA.o
 .text          0x00000000000000c0        0x0 /tmp/ccMHeIKv.o
 .text          0x00000000000000c0        0x0 /tmp/ccM4WjcT.o
 .text          0x00000000000000c0        0x0 /tmp/ccTNQDlp.o
 .text          0x00000000000000c0        0x0 /tmp/ccSZTXHt.o
 .text          0x00000000000000c0        0x0 /tmp/ccRbCPYH.o
 .text          0x00000000000000c0        0x0 /tmp/ccjPpAR0.o
 .text          0x00000000000000c0        0x0 /home/clbritheking/ti/mspm0_sdk_2_11_00_07/source/ti/driverlib/lib/gcc/m0p/mspm0g1x0x_g3x0x/driverlib.a(dl_adc12.o)
 .text          0x00000000000000c0        0x0 /home/clbritheking/ti/mspm0_sdk_2_11_00_07/source/ti/driverlib/lib/gcc/m0p/mspm0g1x0x_g3x0x/driverlib.a(dl_common.o)
 .text          0x00000000000000c0        0x0 /home/clbritheking/ti/mspm0_sdk_2_11_00_07/source/ti/driverlib/lib/gcc/m0p/mspm0g1x0x_g3x0x/driverlib.a(dl_i2c.o)
 .text          0x00000000000000c0        0x0 /home/clbritheking/ti/mspm0_sdk_2_11_00_07/source/ti/driverlib/lib/gcc/m0p/mspm0g1x0x_g3x0x/driverlib.a(dl_timer.o)
 .text          0x00000000000000c0        0x0 /home/clbritheking/ti/mspm0_sdk_2_11_00_07/source/ti/driverlib/lib/gcc/m0p/mspm0g1x0x_g3x0x/driverlib.a(dl_uart.o)
 .text          0x00000000000000c0      0x114 /usr/lib/gcc/arm-none-eabi/10.3.1/thumb/v6-m/nofp/libgcc.a(_udivsi3.o)
                0x00000000000000c0                __udivsi3
                0x00000000000000c0                __aeabi_uidiv
                0x00000000000001cc                __aeabi_uidivmod
 .text          0x00000000000001d4      0x1d4 /usr/lib/gcc/arm-none-eabi/10.3.1/thumb/v6-m/nofp/libgcc.a(_divsi3.o)
                0x00000000000001d4                __aeabi_idiv
                0x00000000000001d4                __divsi3
                0x00000000000003a0                __aeabi_idivmod
 .text          0x00000000000003a8        0x4 /usr/lib/gcc/arm-none-eabi/10.3.1/thumb/v6-m/nofp/libgcc.a(_dvmd_tls.o)
                0x00000000000003a8                __aeabi_ldiv0
                0x00000000000003a8                __aeabi_idiv0
 .text          0x00000000000003ac       0x74 /usr/lib/gcc/arm-none-eabi/10.3.1/thumb/v6-m/nofp/libgcc.a(_arm_cmpsf2.o)
                0x00000000000003ac                __aeabi_cfrcmple
                0x00000000000003b4                __aeabi_cfcmple
                0x00000000000003b4                __aeabi_cfcmpeq
                0x00000000000003c4                __aeabi_fcmpeq
                0x00000000000003d0                __aeabi_fcmplt
                0x00000000000003e4                __aeabi_fcmple
                0x00000000000003f8                __aeabi_fcmpgt
                0x000000000000040c                __aeabi_fcmpge
 .text          0x0000000000000420       0x48 /usr/lib/gcc/arm-none-eabi/10.3.1/thumb/v6-m/nofp/libgcc.a(_aeabi_ldivmod.o)
                0x0000000000000420                __aeabi_ldivmod
 .text          0x0000000000000468       0x40 /usr/lib/gcc/arm-none-eabi/10.3.1/thumb/v6-m/nofp/libgcc.a(_aeabi_uldivmod.o)
                0x0000000000000468                __aeabi_uldivmod
 .text          0x00000000000004a8       0x5c /usr/lib/gcc/arm-none-eabi/10.3.1/thumb/v6-m/nofp/libgcc.a(_muldi3.o)
                0x00000000000004a8                __aeabi_lmul
                0x00000000000004a8                __muldi3
 .text          0x0000000000000504      0x198 /usr/lib/gcc/arm-none-eabi/10.3.1/thumb/v6-m/nofp/libgcc.a(_udivmoddi4.o)
                0x0000000000000504                __udivmoddi4
 .text          0x000000000000069c       0x3c /usr/lib/gcc/arm-none-eabi/10.3.1/thumb/v6-m/nofp/libgcc.a(bpabi.o)
                0x000000000000069c                __gnu_ldivmod_helper
 .text          0x00000000000006d8      0x33c /usr/lib/gcc/arm-none-eabi/10.3.1/thumb/v6-m/nofp/libgcc.a(addsf3.o)
                0x00000000000006d8                __aeabi_fadd
 .text          0x0000000000000a14      0x230 /usr/lib/gcc/arm-none-eabi/10.3.1/thumb/v6-m/nofp/libgcc.a(divsf3.o)
                0x0000000000000a14                __aeabi_fdiv
 .text          0x0000000000000c44       0x4c /usr/lib/gcc/arm-none-eabi/10.3.1/thumb/v6-m/nofp/libgcc.a(eqsf2.o)
                0x0000000000000c44                __nesf2
                0x0000000000000c44                __eqsf2
 .text          0x0000000000000c90       0x8c /usr/lib/gcc/arm-none-eabi/10.3.1/thumb/v6-m/nofp/libgcc.a(gesf2.o)
                0x0000000000000c90                __gtsf2
                0x0000000000000c90                __gesf2
 .text          0x0000000000000d1c       0x88 /usr/lib/gcc/arm-none-eabi/10.3.1/thumb/v6-m/nofp/libgcc.a(lesf2.o)
                0x0000000000000d1c                __lesf2
                0x0000000000000d1c                __ltsf2
 .text          0x0000000000000da4      0x24c /usr/lib/gcc/arm-none-eabi/10.3.1/thumb/v6-m/nofp/libgcc.a(mulsf3.o)
                0x0000000000000da4                __aeabi_fmul
 .text          0x0000000000000ff0      0x35c /usr/lib/gcc/arm-none-eabi/10.3.1/thumb/v6-m/nofp/libgcc.a(subsf3.o)
                0x0000000000000ff0                __aeabi_fsub
 .text          0x000000000000134c       0x2c /usr/lib/gcc/arm-none-eabi/10.3.1/thumb/v6-m/nofp/libgcc.a(unordsf2.o)
                0x000000000000134c                __aeabi_fcmpun
 .text          0x0000000000001378       0x40 /usr/lib/gcc/arm-none-eabi/10.3.1/thumb/v6-m/nofp/libgcc.a(fixsfsi.o)
                0x0000000000001378                __aeabi_f2iz
 .text          0x00000000000013b8       0x9c /usr/lib/gcc/arm-none-eabi/10.3.1/thumb/v6-m/nofp/libgcc.a(floatsisf.o)
                0x00000000000013b8                __aeabi_i2f
 .text          0x0000000000001454       0x3c /usr/lib/gcc/arm-none-eabi/10.3.1/thumb/v6-m/nofp/libgcc.a(_clzsi2.o)
                0x0000000000001454                __clzsi2
 .text          0x0000000000001490       0x18 /usr/lib/gcc/arm-none-eabi/10.3.1/thumb/v6-m/nofp/libgcc.a(_clzdi2.o)
                0x0000000000001490                __clzdi2
 .text          0x00000000000014a8      0x1cc /usr/lib/gcc/arm-none-eabi/10.3.1/thumb/v6-m/nofp/libgcc.a(_divdi3.o)
                0x00000000000014a8                __divdi3
 .text          0x0000000000001674       0x44 /usr/lib/gcc/arm-none-eabi/10.3.1/../../../arm-none-eabi/lib/thumb/v6-m/nofp/libg_nano.a(lib_a-init.o)
                0x0000000000001674                __libc_init_array
 .text          0x00000000000016b8       0xa4 /usr/lib/gcc/arm-none-eabi/10.3.1/../../../arm-none-eabi/lib/thumb/v6-m/nofp/libg_nano.a(lib_a-memcpy-stub.o)
                0x00000000000016b8                memcpy
 .text          0x000000000000175c       0xa8 /usr/lib/gcc/arm-none-eabi/10.3.1/../../../arm-none-eabi/lib/thumb/v6-m/nofp/libg_nano.a(lib_a-memset.o)
                0x000000000000175c                memset
                0x0000000000001808                . = ALIGN (0x8)
 *fill*         0x0000000000001804        0x4 
 *(.text.*)
 .text.startup.main
                0x0000000000001808       0x14 /tmp/ccTsam43.o
                0x0000000000001808                main
 .text.SysTick_Handler
                0x000000000000181c        0x8 /tmp/ccTsam43.o
                0x000000000000181c                SysTick_Handler
 .text.UART1_IRQHandler
                0x0000000000001824       0x10 /tmp/ccTsam43.o
                0x0000000000001824                UART1_IRQHandler
 .text.ADC_ReadSequence8
                0x0000000000001834       0xa4 /tmp/ccfhmQef.o
                0x0000000000001834                ADC_ReadSequence8
 .text.DigitalOutput_High
                0x00000000000018d8        0xc /tmp/cc1CQe6N.o
                0x00000000000018d8                DigitalOutput_High
 .text.DigitalOutput_Low
                0x00000000000018e4        0x8 /tmp/cc1CQe6N.o
                0x00000000000018e4                DigitalOutput_Low
 .text.PwmOutput_Start
                0x00000000000018ec       0x10 /tmp/cc1CQe6N.o
                0x00000000000018ec                PwmOutput_Start
 .text.PwmOutput_SetDuty
                0x00000000000018fc       0x54 /tmp/cc1CQe6N.o
                0x00000000000018fc                PwmOutput_SetDuty
 .text.PwmOutput_SetPulseUs
                0x0000000000001950       0x5c /tmp/cc1CQe6N.o
                0x0000000000001950                PwmOutput_SetPulseUs
 .text.SystemTime_On1msTick
                0x00000000000019ac       0x34 /tmp/ccrGIZXY.o
                0x00000000000019ac                SystemTime_On1msTick
 .text.SystemTime_GetMs
                0x00000000000019e0        0xc /tmp/ccrGIZXY.o
                0x00000000000019e0                SystemTime_GetMs
 .text.SystemTime_GetControlSequence
                0x00000000000019ec        0xc /tmp/ccrGIZXY.o
                0x00000000000019ec                SystemTime_GetControlSequence
 .text.HC05_SendByte
                0x00000000000019f8        0x8 /tmp/ccjcwoWs.o
                0x00000000000019f8                HC05_SendByte
 .text.HC05_SendString
                0x0000000000001a00       0x1c /tmp/ccjcwoWs.o
                0x0000000000001a00                HC05_SendString
 .text.HC05_SendUint32
                0x0000000000001a1c       0x6c /tmp/ccjcwoWs.o
                0x0000000000001a1c                HC05_SendUint32
 .text.HC05_SendInt32
                0x0000000000001a88       0x1c /tmp/ccjcwoWs.o
                0x0000000000001a88                HC05_SendInt32
 .text.HC05_ResetReceiver
                0x0000000000001aa4       0x20 /tmp/ccjcwoWs.o
                0x0000000000001aa4                HC05_ResetReceiver
 .text.HC05_HandleRxInterrupt
                0x0000000000001ac4       0x90 /tmp/ccjcwoWs.o
                0x0000000000001ac4                HC05_HandleRxInterrupt
 .text.HC05_ReadByte
                0x0000000000001b54       0x38 /tmp/ccjcwoWs.o
                0x0000000000001b54                HC05_ReadByte
 .text.LineSensor_IsConfigValid
                0x0000000000001b8c       0x60 /tmp/ccfTx9Hb.o
                0x0000000000001b8c                LineSensor_IsConfigValid
 .text.LineSensor_Init
                0x0000000000001bec       0x44 /tmp/ccfTx9Hb.o
                0x0000000000001bec                LineSensor_Init
 .text.LineSensor_ProcessRaw
                0x0000000000001c30       0xf4 /tmp/ccfTx9Hb.o
                0x0000000000001c30                LineSensor_ProcessRaw
 .text.LineSensor_GetResult
                0x0000000000001d24       0x14 /tmp/ccfTx9Hb.o
                0x0000000000001d24                LineSensor_GetResult
 .text.Motor_ApplyDrive
                0x0000000000001d38       0x80 /tmp/ccBkeTFm.o
 .text.Motor_SetOutput.part.0
                0x0000000000001db8      0x10c /tmp/ccBkeTFm.o
 .text.Motor_Init
                0x0000000000001ec4       0x98 /tmp/ccBkeTFm.o
                0x0000000000001ec4                Motor_Init
 .text.Motor_SetOutput
                0x0000000000001f5c       0x14 /tmp/ccBkeTFm.o
                0x0000000000001f5c                Motor_SetOutput
 .text.Motor_Process
                0x0000000000001f70       0x34 /tmp/ccBkeTFm.o
                0x0000000000001f70                Motor_Process
 .text.Motor_Brake
                0x0000000000001fa4       0x54 /tmp/ccBkeTFm.o
                0x0000000000001fa4                Motor_Brake
 .text.Motor_IsInitialized
                0x0000000000001ff8       0x10 /tmp/ccBkeTFm.o
                0x0000000000001ff8                Motor_IsInitialized
 .text.Motor_StandbyInit
                0x0000000000002008       0x2c /tmp/ccBkeTFm.o
                0x0000000000002008                Motor_StandbyInit
 .text.Motor_StandbyEnable
                0x0000000000002034       0x1c /tmp/ccBkeTFm.o
                0x0000000000002034                Motor_StandbyEnable
 .text.Motor_StandbyDisable
                0x0000000000002050       0x1c /tmp/ccBkeTFm.o
                0x0000000000002050                Motor_StandbyDisable
 .text.Motor_StandbyIsEnabled
                0x000000000000206c       0x14 /tmp/ccBkeTFm.o
                0x000000000000206c                Motor_StandbyIsEnabled
 .text.Servo_Init
                0x0000000000002080       0x64 /tmp/cclOpHyA.o
                0x0000000000002080                Servo_Init
 .text.Servo_Enable
                0x00000000000020e4       0x30 /tmp/cclOpHyA.o
                0x00000000000020e4                Servo_Enable
 .text.Servo_SetNormalized
                0x0000000000002114       0x64 /tmp/cclOpHyA.o
                0x0000000000002114                Servo_SetNormalized
 .text.Servo_Center
                0x0000000000002178       0x2c /tmp/cclOpHyA.o
                0x0000000000002178                Servo_Center
 .text.PID_Init
                0x00000000000021a4      0x180 /tmp/ccMHeIKv.o
                0x00000000000021a4                PID_Init
 .text.PID_Reset
                0x0000000000002324       0x20 /tmp/ccMHeIKv.o
                0x0000000000002324                PID_Reset
 .text.PID_UpdateError
                0x0000000000002344      0x150 /tmp/ccMHeIKv.o
                0x0000000000002344                PID_UpdateError
 .text.LineControl_Init
                0x0000000000002494       0x88 /tmp/ccM4WjcT.o
                0x0000000000002494                LineControl_Init
 .text.LineControl_Reset
                0x000000000000251c       0x1c /tmp/ccM4WjcT.o
                0x000000000000251c                LineControl_Reset
 .text.LineControl_Update
                0x0000000000002538      0x108 /tmp/ccM4WjcT.o
                0x0000000000002538                LineControl_Update
 .text.LineControl_GetSteeringCommand
                0x0000000000002640       0x18 /tmp/ccM4WjcT.o
                0x0000000000002640                LineControl_GetSteeringCommand
 .text.Chassis_Init
                0x0000000000002658       0x84 /tmp/ccTNQDlp.o
                0x0000000000002658                Chassis_Init
 .text.Chassis_Enable
                0x00000000000026dc       0x64 /tmp/ccTNQDlp.o
                0x00000000000026dc                Chassis_Enable
 .text.Chassis_SetOpenLoop
                0x0000000000002740       0x84 /tmp/ccTNQDlp.o
                0x0000000000002740                Chassis_SetOpenLoop
 .text.Chassis_Brake
                0x00000000000027c4       0x28 /tmp/ccTNQDlp.o
                0x00000000000027c4                Chassis_Brake
 .text.Chassis_CenterSteering
                0x00000000000027ec       0x1c /tmp/ccTNQDlp.o
                0x00000000000027ec                Chassis_CenterSteering
 .text.Chassis_Process
                0x0000000000002808       0x24 /tmp/ccTNQDlp.o
                0x0000000000002808                Chassis_Process
 .text.Application_SendArray
                0x000000000000282c       0x48 /tmp/ccSZTXHt.o
 .text.Application_Init
                0x0000000000002874      0x194 /tmp/ccSZTXHt.o
                0x0000000000002874                Application_Init
 .text.Application_Process
                0x0000000000002a08      0x294 /tmp/ccSZTXHt.o
                0x0000000000002a08                Application_Process
 .text.SYSCFG_DL_initPower
                0x0000000000002c9c       0x74 /tmp/ccRbCPYH.o
                0x0000000000002c9c                SYSCFG_DL_initPower
 .text.SYSCFG_DL_GPIO_init
                0x0000000000002d10       0xd0 /tmp/ccRbCPYH.o
                0x0000000000002d10                SYSCFG_DL_GPIO_init
 .text.SYSCFG_DL_SYSCTL_init
                0x0000000000002de0       0x50 /tmp/ccRbCPYH.o
                0x0000000000002de0                SYSCFG_DL_SYSCTL_init
 .text.SYSCFG_DL_MOTOR_PWM_init
                0x0000000000002e30       0x90 /tmp/ccRbCPYH.o
                0x0000000000002e30                SYSCFG_DL_MOTOR_PWM_init
 .text.SYSCFG_DL_SERVO_PWM_init
                0x0000000000002ec0       0x78 /tmp/ccRbCPYH.o
                0x0000000000002ec0                SYSCFG_DL_SERVO_PWM_init
 .text.SYSCFG_DL_MPU6050_I2C_init
                0x0000000000002f38       0x84 /tmp/ccRbCPYH.o
                0x0000000000002f38                SYSCFG_DL_MPU6050_I2C_init
 .text.SYSCFG_DL_HC05_UART_init
                0x0000000000002fbc       0x88 /tmp/ccRbCPYH.o
                0x0000000000002fbc                SYSCFG_DL_HC05_UART_init
 .text.SYSCFG_DL_LINE_ADC_init
                0x0000000000003044       0xb4 /tmp/ccRbCPYH.o
                0x0000000000003044                SYSCFG_DL_LINE_ADC_init
 .text.SYSCFG_DL_SYSTICK_init
                0x00000000000030f8       0x2c /tmp/ccRbCPYH.o
                0x00000000000030f8                SYSCFG_DL_SYSTICK_init
 .text.SYSCFG_DL_init
                0x0000000000003124       0x28 /tmp/ccRbCPYH.o
                0x0000000000003124                SYSCFG_DL_init
 .text.Default_Handler
                0x000000000000314c        0x4 /tmp/ccjPpAR0.o
                0x000000000000314c                TIMG6_IRQHandler
                0x000000000000314c                TIMG8_IRQHandler
                0x000000000000314c                I2C0_IRQHandler
                0x000000000000314c                HardFault_Handler
                0x000000000000314c                PendSV_Handler
                0x000000000000314c                NMI_Handler
                0x000000000000314c                I2C1_IRQHandler
                0x000000000000314c                TIMA1_IRQHandler
                0x000000000000314c                UART0_IRQHandler
                0x000000000000314c                ADC0_IRQHandler
                0x000000000000314c                SPI1_IRQHandler
                0x000000000000314c                TIMG0_IRQHandler
                0x000000000000314c                ADC1_IRQHandler
                0x000000000000314c                GROUP1_IRQHandler
                0x000000000000314c                RTC_IRQHandler
                0x000000000000314c                GROUP0_IRQHandler
                0x000000000000314c                UART2_IRQHandler
                0x000000000000314c                Default_Handler
                0x000000000000314c                SVC_Handler
                0x000000000000314c                TIMG12_IRQHandler
                0x000000000000314c                DAC0_IRQHandler
                0x000000000000314c                TIMG7_IRQHandler
                0x000000000000314c                SPI0_IRQHandler
                0x000000000000314c                AES_IRQHandler
                0x000000000000314c                DMA_IRQHandler
                0x000000000000314c                TIMA0_IRQHandler
                0x000000000000314c                UART3_IRQHandler
                0x000000000000314c                CANFD0_IRQHandler
 .text.Reset_Handler
                0x0000000000003150       0x78 /tmp/ccjPpAR0.o
                0x0000000000003150                Reset_Handler
 .text.initStub
                0x00000000000031c8        0x4 /tmp/ccjPpAR0.o
                0x00000000000031c8                _init
                0x00000000000031c8                initStub
 .text.DL_ADC12_setClockConfig
                0x00000000000031cc       0x40 /home/clbritheking/ti/mspm0_sdk_2_11_00_07/source/ti/driverlib/lib/gcc/m0p/mspm0g1x0x_g3x0x/driverlib.a(dl_adc12.o)
                0x00000000000031cc                DL_ADC12_setClockConfig
 .text.DL_Common_delayCycles
                0x000000000000320c        0xc /home/clbritheking/ti/mspm0_sdk_2_11_00_07/source/ti/driverlib/lib/gcc/m0p/mspm0g1x0x_g3x0x/driverlib.a(dl_common.o)
                0x000000000000320c                DL_Common_delayCycles
 .text.DL_I2C_setClockConfig
                0x0000000000003218       0x28 /home/clbritheking/ti/mspm0_sdk_2_11_00_07/source/ti/driverlib/lib/gcc/m0p/mspm0g1x0x_g3x0x/driverlib.a(dl_i2c.o)
                0x0000000000003218                DL_I2C_setClockConfig
 .text.DL_Timer_setClockConfig
                0x0000000000003240       0x1c /home/clbritheking/ti/mspm0_sdk_2_11_00_07/source/ti/driverlib/lib/gcc/m0p/mspm0g1x0x_g3x0x/driverlib.a(dl_timer.o)
                0x0000000000003240                DL_Timer_setClockConfig
 .text.DL_Timer_setCaptureCompareValue
                0x000000000000325c       0x14 /home/clbritheking/ti/mspm0_sdk_2_11_00_07/source/ti/driverlib/lib/gcc/m0p/mspm0g1x0x_g3x0x/driverlib.a(dl_timer.o)
                0x000000000000325c                DL_Timer_setCaptureCompareValue
 .text.DL_Timer_setCaptCompUpdateMethod
                0x0000000000003270       0x20 /home/clbritheking/ti/mspm0_sdk_2_11_00_07/source/ti/driverlib/lib/gcc/m0p/mspm0g1x0x_g3x0x/driverlib.a(dl_timer.o)
                0x0000000000003270                DL_Timer_setCaptCompUpdateMethod
 .text.DL_Timer_setCaptureCompareOutCtl
                0x0000000000003290       0x1c /home/clbritheking/ti/mspm0_sdk_2_11_00_07/source/ti/driverlib/lib/gcc/m0p/mspm0g1x0x_g3x0x/driverlib.a(dl_timer.o)
                0x0000000000003290                DL_Timer_setCaptureCompareOutCtl
 .text.DL_Timer_initFourCCPWMMode
                0x00000000000032ac      0x190 /home/clbritheking/ti/mspm0_sdk_2_11_00_07/source/ti/driverlib/lib/gcc/m0p/mspm0g1x0x_g3x0x/driverlib.a(dl_timer.o)
                0x00000000000032ac                DL_Timer_initFourCCPWMMode
 .text.DL_UART_init
                0x000000000000343c       0x48 /home/clbritheking/ti/mspm0_sdk_2_11_00_07/source/ti/driverlib/lib/gcc/m0p/mspm0g1x0x_g3x0x/driverlib.a(dl_uart.o)
                0x000000000000343c                DL_UART_init
 .text.DL_UART_setClockConfig
                0x0000000000003484       0x14 /home/clbritheking/ti/mspm0_sdk_2_11_00_07/source/ti/driverlib/lib/gcc/m0p/mspm0g1x0x_g3x0x/driverlib.a(dl_uart.o)
                0x0000000000003484                DL_UART_setClockConfig
 .text.DL_UART_transmitDataBlocking
                0x0000000000003498       0x24 /home/clbritheking/ti/mspm0_sdk_2_11_00_07/source/ti/driverlib/lib/gcc/m0p/mspm0g1x0x_g3x0x/driverlib.a(dl_uart.o)
                0x0000000000003498                DL_UART_transmitDataBlocking
                0x00000000000034c0                . = ALIGN (0x8)
 *fill*         0x00000000000034bc        0x4 
 *(.ctors)
                0x00000000000034c0                . = ALIGN (0x8)
 *(.dtors)
                0x00000000000034c0                . = ALIGN (0x8)
 *(.init)
                0x00000000000034c0                . = ALIGN (0x8)
 *(.fini*)
                0x00000000000034c0                . = ALIGN (0x8)

.glue_7         0x00000000000034c0        0x0
 .glue_7        0x00000000000034c0        0x0 linker stubs

.glue_7t        0x00000000000034c0        0x0
 .glue_7t       0x00000000000034c0        0x0 linker stubs

.vfp11_veneer   0x00000000000034c0        0x0
 .vfp11_veneer  0x00000000000034c0        0x0 linker stubs

.v4_bx          0x00000000000034c0        0x0
 .v4_bx         0x00000000000034c0        0x0 linker stubs

.iplt           0x00000000000034c0        0x0
 .iplt          0x00000000000034c0        0x0 /tmp/ccTsam43.o

.ramfunc        0x0000000020200000        0x0 load address 0x00000000000034c0
                0x00000000000034c0                __ramfunct_load__ = LOADADDR (.ramfunc)
                0x0000000020200000                __ramfunct_start__ = .
 *(.ramfunc)
                0x0000000020200000                . = ALIGN (0x8)
                0x0000000020200000                __ramfunct_end__ = .

.rodata         0x00000000000034c0      0x240
 *(.rodata)
 .rodata        0x00000000000034c0       0xd4 /tmp/ccSZTXHt.o
 .rodata        0x0000000000003594       0x80 /usr/lib/gcc/arm-none-eabi/10.3.1/thumb/v6-m/nofp/libgcc.a(divsf3.o)
 .rodata        0x0000000000003614       0x40 /usr/lib/gcc/arm-none-eabi/10.3.1/thumb/v6-m/nofp/libgcc.a(mulsf3.o)
                0x0000000000003658                . = ALIGN (0x8)
 *fill*         0x0000000000003654        0x4 
 *(.rodata.*)
 .rodata.Application_SendArray.str1.4
                0x0000000000003658        0x0 /tmp/ccSZTXHt.o
                                          0x3 (size before relaxing)
 .rodata.Application_Init.str1.4
                0x0000000000003658       0x27 /tmp/ccSZTXHt.o
 *fill*         0x000000000000367f        0x1 
 .rodata.Application_Process.str1.4
                0x0000000000003680       0x49 /tmp/ccSZTXHt.o
 *fill*         0x00000000000036c9        0x3 
 .rodata.gHC05_UARTClockConfig
                0x00000000000036cc        0x2 /tmp/ccRbCPYH.o
 *fill*         0x00000000000036ce        0x2 
 .rodata.gHC05_UARTConfig
                0x00000000000036d0        0xa /tmp/ccRbCPYH.o
 *fill*         0x00000000000036da        0x2 
 .rodata.gLINE_ADCClockConfig
                0x00000000000036dc        0x8 /tmp/ccRbCPYH.o
 .rodata.gMOTOR_PWMClockConfig
                0x00000000000036e4        0x3 /tmp/ccRbCPYH.o
 *fill*         0x00000000000036e7        0x1 
 .rodata.gMOTOR_PWMConfig
                0x00000000000036e8        0x8 /tmp/ccRbCPYH.o
 .rodata.gMPU6050_I2CClockConfig
                0x00000000000036f0        0x2 /tmp/ccRbCPYH.o
 *fill*         0x00000000000036f2        0x2 
 .rodata.gSERVO_PWMClockConfig
                0x00000000000036f4        0x3 /tmp/ccRbCPYH.o
 *fill*         0x00000000000036f7        0x1 
 .rodata.gSERVO_PWMConfig
                0x00000000000036f8        0x8 /tmp/ccRbCPYH.o
                0x0000000000003700                . = ALIGN (0x8)

.preinit_array  0x0000000000003700        0x0
                0x0000000000003700                PROVIDE (__preinit_array_start = .)
 *(.preinit_array*)
                0x0000000000003700                PROVIDE (__preinit_array_end = .)

.init_array     0x0000000000003700        0x0
                0x0000000000003700                . = ALIGN (0x8)
                0x0000000000003700                PROVIDE (__init_array_start = .)
 *(SORT_BY_NAME(.init_array.*))
 *(.init_array*)
                0x0000000000003700                PROVIDE (__init_array_end = .)

.fini_array     0x0000000000003700        0x0
                0x0000000000003700                . = ALIGN (0x8)
                [!provide]                        PROVIDE (__fini_array_start = .)
 *(SORT_BY_NAME(.fini_array.*))
 *(.fini_array*)
                [!provide]                        PROVIDE (__fini_array_end = .)
                0x0000000000003700                . = ALIGN (0x8)

.ARM.exidx      0x0000000000003700        0x8
                0x0000000000003700                __exidx_start = .
 *(.ARM.exidx* .gnu.linkonce.armexidx.*)
 .ARM.exidx     0x0000000000003700        0x8 /usr/lib/gcc/arm-none-eabi/10.3.1/thumb/v6-m/nofp/libgcc.a(_udivmoddi4.o)
 .ARM.exidx     0x0000000000003708        0x0 /usr/lib/gcc/arm-none-eabi/10.3.1/thumb/v6-m/nofp/libgcc.a(_divdi3.o)
                                          0x8 (size before relaxing)
                0x0000000000003708                __exidx_end = .

.ARM.extab      0x0000000000003708        0x0
                0x0000000000003708                . = ALIGN (0x8)
 *(.ARM.extab* .gnu.linkonce.armextab.*)
 .ARM.extab     0x0000000000003708        0x0 /usr/lib/gcc/arm-none-eabi/10.3.1/thumb/v6-m/nofp/libgcc.a(_udivmoddi4.o)
 .ARM.extab     0x0000000000003708        0x0 /usr/lib/gcc/arm-none-eabi/10.3.1/thumb/v6-m/nofp/libgcc.a(_divdi3.o)
                0x0000000000003708                . = ALIGN (0x8)
                0x0000000000003708                __etext = .

.rel.dyn        0x0000000000003708        0x0
 .rel.iplt      0x0000000000003708        0x0 /tmp/ccTsam43.o

.data           0x0000000020200000        0x0 load address 0x0000000000003708
                0x0000000000003708                __data_load__ = LOADADDR (.data)
                0x0000000020200000                __data_start__ = .
 *(.data)
 .data          0x0000000020200000        0x0 /tmp/ccTsam43.o
 .data          0x0000000020200000        0x0 /tmp/ccfhmQef.o
 .data          0x0000000020200000        0x0 /tmp/cc1CQe6N.o
 .data          0x0000000020200000        0x0 /tmp/ccrGIZXY.o
 .data          0x0000000020200000        0x0 /tmp/ccjcwoWs.o
 .data          0x0000000020200000        0x0 /tmp/ccfTx9Hb.o
 .data          0x0000000020200000        0x0 /tmp/ccBkeTFm.o
 .data          0x0000000020200000        0x0 /tmp/ccrBE8Ni.o
 .data          0x0000000020200000        0x0 /tmp/cclOpHyA.o
 .data          0x0000000020200000        0x0 /tmp/ccMHeIKv.o
 .data          0x0000000020200000        0x0 /tmp/ccM4WjcT.o
 .data          0x0000000020200000        0x0 /tmp/ccTNQDlp.o
 .data          0x0000000020200000        0x0 /tmp/ccSZTXHt.o
 .data          0x0000000020200000        0x0 /tmp/ccRbCPYH.o
 .data          0x0000000020200000        0x0 /tmp/ccjPpAR0.o
 .data          0x0000000020200000        0x0 /home/clbritheking/ti/mspm0_sdk_2_11_00_07/source/ti/driverlib/lib/gcc/m0p/mspm0g1x0x_g3x0x/driverlib.a(dl_adc12.o)
 .data          0x0000000020200000        0x0 /home/clbritheking/ti/mspm0_sdk_2_11_00_07/source/ti/driverlib/lib/gcc/m0p/mspm0g1x0x_g3x0x/driverlib.a(dl_common.o)
 .data          0x0000000020200000        0x0 /home/clbritheking/ti/mspm0_sdk_2_11_00_07/source/ti/driverlib/lib/gcc/m0p/mspm0g1x0x_g3x0x/driverlib.a(dl_i2c.o)
 .data          0x0000000020200000        0x0 /home/clbritheking/ti/mspm0_sdk_2_11_00_07/source/ti/driverlib/lib/gcc/m0p/mspm0g1x0x_g3x0x/driverlib.a(dl_timer.o)
 .data          0x0000000020200000        0x0 /home/clbritheking/ti/mspm0_sdk_2_11_00_07/source/ti/driverlib/lib/gcc/m0p/mspm0g1x0x_g3x0x/driverlib.a(dl_uart.o)
 .data          0x0000000020200000        0x0 /usr/lib/gcc/arm-none-eabi/10.3.1/thumb/v6-m/nofp/libgcc.a(_udivsi3.o)
 .data          0x0000000020200000        0x0 /usr/lib/gcc/arm-none-eabi/10.3.1/thumb/v6-m/nofp/libgcc.a(_divsi3.o)
 .data          0x0000000020200000        0x0 /usr/lib/gcc/arm-none-eabi/10.3.1/thumb/v6-m/nofp/libgcc.a(_dvmd_tls.o)
 .data          0x0000000020200000        0x0 /usr/lib/gcc/arm-none-eabi/10.3.1/thumb/v6-m/nofp/libgcc.a(_arm_cmpsf2.o)
 .data          0x0000000020200000        0x0 /usr/lib/gcc/arm-none-eabi/10.3.1/thumb/v6-m/nofp/libgcc.a(_aeabi_ldivmod.o)
 .data          0x0000000020200000        0x0 /usr/lib/gcc/arm-none-eabi/10.3.1/thumb/v6-m/nofp/libgcc.a(_aeabi_uldivmod.o)
 .data          0x0000000020200000        0x0 /usr/lib/gcc/arm-none-eabi/10.3.1/thumb/v6-m/nofp/libgcc.a(_muldi3.o)
 .data          0x0000000020200000        0x0 /usr/lib/gcc/arm-none-eabi/10.3.1/thumb/v6-m/nofp/libgcc.a(_udivmoddi4.o)
 .data          0x0000000020200000        0x0 /usr/lib/gcc/arm-none-eabi/10.3.1/thumb/v6-m/nofp/libgcc.a(bpabi.o)
 .data          0x0000000020200000        0x0 /usr/lib/gcc/arm-none-eabi/10.3.1/thumb/v6-m/nofp/libgcc.a(addsf3.o)
 .data          0x0000000020200000        0x0 /usr/lib/gcc/arm-none-eabi/10.3.1/thumb/v6-m/nofp/libgcc.a(divsf3.o)
 .data          0x0000000020200000        0x0 /usr/lib/gcc/arm-none-eabi/10.3.1/thumb/v6-m/nofp/libgcc.a(eqsf2.o)
 .data          0x0000000020200000        0x0 /usr/lib/gcc/arm-none-eabi/10.3.1/thumb/v6-m/nofp/libgcc.a(gesf2.o)
 .data          0x0000000020200000        0x0 /usr/lib/gcc/arm-none-eabi/10.3.1/thumb/v6-m/nofp/libgcc.a(lesf2.o)
 .data          0x0000000020200000        0x0 /usr/lib/gcc/arm-none-eabi/10.3.1/thumb/v6-m/nofp/libgcc.a(mulsf3.o)
 .data          0x0000000020200000        0x0 /usr/lib/gcc/arm-none-eabi/10.3.1/thumb/v6-m/nofp/libgcc.a(subsf3.o)
 .data          0x0000000020200000        0x0 /usr/lib/gcc/arm-none-eabi/10.3.1/thumb/v6-m/nofp/libgcc.a(unordsf2.o)
 .data          0x0000000020200000        0x0 /usr/lib/gcc/arm-none-eabi/10.3.1/thumb/v6-m/nofp/libgcc.a(fixsfsi.o)
 .data          0x0000000020200000        0x0 /usr/lib/gcc/arm-none-eabi/10.3.1/thumb/v6-m/nofp/libgcc.a(floatsisf.o)
 .data          0x0000000020200000        0x0 /usr/lib/gcc/arm-none-eabi/10.3.1/thumb/v6-m/nofp/libgcc.a(_clzsi2.o)
 .data          0x0000000020200000        0x0 /usr/lib/gcc/arm-none-eabi/10.3.1/thumb/v6-m/nofp/libgcc.a(_clzdi2.o)
 .data          0x0000000020200000        0x0 /usr/lib/gcc/arm-none-eabi/10.3.1/thumb/v6-m/nofp/libgcc.a(_divdi3.o)
 .data          0x0000000020200000        0x0 /usr/lib/gcc/arm-none-eabi/10.3.1/../../../arm-none-eabi/lib/thumb/v6-m/nofp/libg_nano.a(lib_a-init.o)
 .data          0x0000000020200000        0x0 /usr/lib/gcc/arm-none-eabi/10.3.1/../../../arm-none-eabi/lib/thumb/v6-m/nofp/libg_nano.a(lib_a-memcpy-stub.o)
 .data          0x0000000020200000        0x0 /usr/lib/gcc/arm-none-eabi/10.3.1/../../../arm-none-eabi/lib/thumb/v6-m/nofp/libg_nano.a(lib_a-memset.o)
 *(.data*)
                0x0000000020200000                . = ALIGN (0x8)
                0x0000000020200000                __data_end__ = .

.igot.plt       0x0000000020200000        0x0 load address 0x0000000000003708
 .igot.plt      0x0000000020200000        0x0 /tmp/ccTsam43.o

.bss            0x0000000020200000      0x1f8
                0x0000000020200000                __bss_start__ = .
 *(.shbss)
 *(.bss)
 .bss           0x0000000020200000        0x0 /tmp/ccTsam43.o
 .bss           0x0000000020200000        0x0 /tmp/ccfhmQef.o
 .bss           0x0000000020200000        0x0 /tmp/cc1CQe6N.o
 .bss           0x0000000020200000        0x0 /tmp/ccrGIZXY.o
 .bss           0x0000000020200000        0x0 /tmp/ccjcwoWs.o
 .bss           0x0000000020200000        0x0 /tmp/ccfTx9Hb.o
 .bss           0x0000000020200000        0x0 /tmp/ccBkeTFm.o
 .bss           0x0000000020200000        0x0 /tmp/ccrBE8Ni.o
 .bss           0x0000000020200000        0x0 /tmp/cclOpHyA.o
 .bss           0x0000000020200000        0x0 /tmp/ccMHeIKv.o
 .bss           0x0000000020200000        0x0 /tmp/ccM4WjcT.o
 .bss           0x0000000020200000        0x0 /tmp/ccTNQDlp.o
 .bss           0x0000000020200000        0x0 /tmp/ccSZTXHt.o
 .bss           0x0000000020200000        0x0 /tmp/ccRbCPYH.o
 .bss           0x0000000020200000        0x0 /tmp/ccjPpAR0.o
 .bss           0x0000000020200000        0x0 /home/clbritheking/ti/mspm0_sdk_2_11_00_07/source/ti/driverlib/lib/gcc/m0p/mspm0g1x0x_g3x0x/driverlib.a(dl_adc12.o)
 .bss           0x0000000020200000        0x0 /home/clbritheking/ti/mspm0_sdk_2_11_00_07/source/ti/driverlib/lib/gcc/m0p/mspm0g1x0x_g3x0x/driverlib.a(dl_common.o)
 .bss           0x0000000020200000        0x0 /home/clbritheking/ti/mspm0_sdk_2_11_00_07/source/ti/driverlib/lib/gcc/m0p/mspm0g1x0x_g3x0x/driverlib.a(dl_i2c.o)
 .bss           0x0000000020200000        0x0 /home/clbritheking/ti/mspm0_sdk_2_11_00_07/source/ti/driverlib/lib/gcc/m0p/mspm0g1x0x_g3x0x/driverlib.a(dl_timer.o)
 .bss           0x0000000020200000        0x0 /home/clbritheking/ti/mspm0_sdk_2_11_00_07/source/ti/driverlib/lib/gcc/m0p/mspm0g1x0x_g3x0x/driverlib.a(dl_uart.o)
 .bss           0x0000000020200000        0x0 /usr/lib/gcc/arm-none-eabi/10.3.1/thumb/v6-m/nofp/libgcc.a(_udivsi3.o)
 .bss           0x0000000020200000        0x0 /usr/lib/gcc/arm-none-eabi/10.3.1/thumb/v6-m/nofp/libgcc.a(_divsi3.o)
 .bss           0x0000000020200000        0x0 /usr/lib/gcc/arm-none-eabi/10.3.1/thumb/v6-m/nofp/libgcc.a(_dvmd_tls.o)
 .bss           0x0000000020200000        0x0 /usr/lib/gcc/arm-none-eabi/10.3.1/thumb/v6-m/nofp/libgcc.a(_arm_cmpsf2.o)
 .bss           0x0000000020200000        0x0 /usr/lib/gcc/arm-none-eabi/10.3.1/thumb/v6-m/nofp/libgcc.a(_aeabi_ldivmod.o)
 .bss           0x0000000020200000        0x0 /usr/lib/gcc/arm-none-eabi/10.3.1/thumb/v6-m/nofp/libgcc.a(_aeabi_uldivmod.o)
 .bss           0x0000000020200000        0x0 /usr/lib/gcc/arm-none-eabi/10.3.1/thumb/v6-m/nofp/libgcc.a(_muldi3.o)
 .bss           0x0000000020200000        0x0 /usr/lib/gcc/arm-none-eabi/10.3.1/thumb/v6-m/nofp/libgcc.a(_udivmoddi4.o)
 .bss           0x0000000020200000        0x0 /usr/lib/gcc/arm-none-eabi/10.3.1/thumb/v6-m/nofp/libgcc.a(bpabi.o)
 .bss           0x0000000020200000        0x0 /usr/lib/gcc/arm-none-eabi/10.3.1/thumb/v6-m/nofp/libgcc.a(addsf3.o)
 .bss           0x0000000020200000        0x0 /usr/lib/gcc/arm-none-eabi/10.3.1/thumb/v6-m/nofp/libgcc.a(divsf3.o)
 .bss           0x0000000020200000        0x0 /usr/lib/gcc/arm-none-eabi/10.3.1/thumb/v6-m/nofp/libgcc.a(eqsf2.o)
 .bss           0x0000000020200000        0x0 /usr/lib/gcc/arm-none-eabi/10.3.1/thumb/v6-m/nofp/libgcc.a(gesf2.o)
 .bss           0x0000000020200000        0x0 /usr/lib/gcc/arm-none-eabi/10.3.1/thumb/v6-m/nofp/libgcc.a(lesf2.o)
 .bss           0x0000000020200000        0x0 /usr/lib/gcc/arm-none-eabi/10.3.1/thumb/v6-m/nofp/libgcc.a(mulsf3.o)
 .bss           0x0000000020200000        0x0 /usr/lib/gcc/arm-none-eabi/10.3.1/thumb/v6-m/nofp/libgcc.a(subsf3.o)
 .bss           0x0000000020200000        0x0 /usr/lib/gcc/arm-none-eabi/10.3.1/thumb/v6-m/nofp/libgcc.a(unordsf2.o)
 .bss           0x0000000020200000        0x0 /usr/lib/gcc/arm-none-eabi/10.3.1/thumb/v6-m/nofp/libgcc.a(fixsfsi.o)
 .bss           0x0000000020200000        0x0 /usr/lib/gcc/arm-none-eabi/10.3.1/thumb/v6-m/nofp/libgcc.a(floatsisf.o)
 .bss           0x0000000020200000        0x0 /usr/lib/gcc/arm-none-eabi/10.3.1/thumb/v6-m/nofp/libgcc.a(_clzsi2.o)
 .bss           0x0000000020200000        0x0 /usr/lib/gcc/arm-none-eabi/10.3.1/thumb/v6-m/nofp/libgcc.a(_clzdi2.o)
 .bss           0x0000000020200000        0x0 /usr/lib/gcc/arm-none-eabi/10.3.1/thumb/v6-m/nofp/libgcc.a(_divdi3.o)
 .bss           0x0000000020200000        0x0 /usr/lib/gcc/arm-none-eabi/10.3.1/../../../arm-none-eabi/lib/thumb/v6-m/nofp/libg_nano.a(lib_a-init.o)
 .bss           0x0000000020200000        0x0 /usr/lib/gcc/arm-none-eabi/10.3.1/../../../arm-none-eabi/lib/thumb/v6-m/nofp/libg_nano.a(lib_a-memcpy-stub.o)
 .bss           0x0000000020200000        0x0 /usr/lib/gcc/arm-none-eabi/10.3.1/../../../arm-none-eabi/lib/thumb/v6-m/nofp/libg_nano.a(lib_a-memset.o)
 *(.bss.*)
 .bss.gControlDivider
                0x0000000020200000        0x1 /tmp/ccrGIZXY.o
 *fill*         0x0000000020200001        0x3 
 .bss.gControlSequence
                0x0000000020200004        0x4 /tmp/ccrGIZXY.o
 .bss.gMilliseconds
                0x0000000020200008        0x4 /tmp/ccrGIZXY.o
 .bss.gRxBuffer
                0x000000002020000c       0x40 /tmp/ccjcwoWs.o
 .bss.gRxHead   0x000000002020004c        0x2 /tmp/ccjcwoWs.o
 .bss.gRxOverflow
                0x000000002020004e        0x1 /tmp/ccjcwoWs.o
 *fill*         0x000000002020004f        0x1 
 .bss.gRxTail   0x0000000020200050        0x2 /tmp/ccjcwoWs.o
 *fill*         0x0000000020200052        0x2 
 .bss.gAdcErrorCount
                0x0000000020200054        0x4 /tmp/ccSZTXHt.o
 .bss.gChassis  0x0000000020200058       0x20 /tmp/ccSZTXHt.o
 .bss.gDriveOutput
                0x0000000020200078        0x2 /tmp/ccSZTXHt.o
 *fill*         0x000000002020007a        0x2 
 .bss.gLeftMotor
                0x000000002020007c       0x34 /tmp/ccSZTXHt.o
 .bss.gLineControl
                0x00000000202000b0       0x64 /tmp/ccSZTXHt.o
 .bss.gLineSensor
                0x0000000020200114       0x74 /tmp/ccSZTXHt.o
 .bss.gMissedControlCycles
                0x0000000020200188        0x4 /tmp/ccSZTXHt.o
 .bss.gMotorStandby
                0x000000002020018c        0xc /tmp/ccSZTXHt.o
 .bss.gProcessedControlSequence
                0x0000000020200198        0x4 /tmp/ccSZTXHt.o
 .bss.gRightMotor
                0x000000002020019c       0x34 /tmp/ccSZTXHt.o
 .bss.gState    0x00000000202001d0        0x1 /tmp/ccSZTXHt.o
 *fill*         0x00000000202001d1        0x3 
 .bss.gSteeringServo
                0x00000000202001d4       0x1c /tmp/ccSZTXHt.o
 .bss.gTelemetryRequested
                0x00000000202001f0        0x1 /tmp/ccSZTXHt.o
 *(COMMON)
                0x00000000202001f8                . = ALIGN (0x8)
 *fill*         0x00000000202001f1        0x7 
                0x00000000202001f8                __bss_end__ = .

.noinit         0x00000000202001f8        0x0
 *(*.noinit*)
                0x00000000202001f8                . = ALIGN (0x8)

.heap           0x00000000202001f8        0x0
                0x00000000202001f8                __heap_start__ = .
                0x00000000202001f8                end = __heap_start__
                0x00000000202001f8                _end = end
                0x00000000202001f8                __end = end
 *(.heap)
                0x00000000202001f8                __heap_end__ = .
                0x00000000202001f8                __HeapLimit = __heap_end__

.stack          0x00000000202001f8        0x0
                0x00000000202001f8                _stack = .
 *(.stack)

.BCRConfig
 *(.BCRConfig)

.BSLConfig
 *(.BSLConfig)
                0x0000000020208000                __StackTop = (ORIGIN (REGION_STACK) + LENGTH (REGION_STACK))
                [!provide]                        PROVIDE (__stack = __StackTop)
OUTPUT(firmware.elf elf32-littlearm)
LOAD linker stubs

.debug_info     0x0000000000000000    0x64610
 .debug_info    0x0000000000000000     0x56c2 /tmp/ccTsam43.o
 .debug_info    0x00000000000056c2     0x5bf1 /tmp/ccfhmQef.o
 .debug_info    0x000000000000b2b3     0x6053 /tmp/cc1CQe6N.o
 .debug_info    0x0000000000011306      0x13a /tmp/ccrGIZXY.o
 .debug_info    0x0000000000011440     0x5d9d /tmp/ccjcwoWs.o
 .debug_info    0x00000000000171dd      0x67a /tmp/ccfTx9Hb.o
 .debug_info    0x0000000000017857     0x6457 /tmp/ccBkeTFm.o
 .debug_info    0x000000000001dcae     0x66d5 /tmp/ccrBE8Ni.o
 .debug_info    0x0000000000024383     0x5cf8 /tmp/cclOpHyA.o
 .debug_info    0x000000000002a07b      0x6fd /tmp/ccMHeIKv.o
 .debug_info    0x000000000002a778      0x7d3 /tmp/ccM4WjcT.o
 .debug_info    0x000000000002af4b     0x6084 /tmp/ccTNQDlp.o
 .debug_info    0x0000000000030fcf     0x6d9b /tmp/ccSZTXHt.o
 .debug_info    0x0000000000037d6a     0x890b /tmp/ccRbCPYH.o
 .debug_info    0x0000000000040675      0x1fc /tmp/ccjPpAR0.o
 .debug_info    0x0000000000040871     0x6127 /home/clbritheking/ti/mspm0_sdk_2_11_00_07/source/ti/driverlib/lib/gcc/m0p/mspm0g1x0x_g3x0x/driverlib.a(dl_adc12.o)
 .debug_info    0x0000000000046998     0x561b /home/clbritheking/ti/mspm0_sdk_2_11_00_07/source/ti/driverlib/lib/gcc/m0p/mspm0g1x0x_g3x0x/driverlib.a(dl_common.o)
 .debug_info    0x000000000004bfb3     0x5f7e /home/clbritheking/ti/mspm0_sdk_2_11_00_07/source/ti/driverlib/lib/gcc/m0p/mspm0g1x0x_g3x0x/driverlib.a(dl_i2c.o)
 .debug_info    0x0000000000051f31     0x9259 /home/clbritheking/ti/mspm0_sdk_2_11_00_07/source/ti/driverlib/lib/gcc/m0p/mspm0g1x0x_g3x0x/driverlib.a(dl_timer.o)
 .debug_info    0x000000000005b18a     0x670b /home/clbritheking/ti/mspm0_sdk_2_11_00_07/source/ti/driverlib/lib/gcc/m0p/mspm0g1x0x_g3x0x/driverlib.a(dl_uart.o)
 .debug_info    0x0000000000061895       0x26 /usr/lib/gcc/arm-none-eabi/10.3.1/thumb/v6-m/nofp/libgcc.a(_udivsi3.o)
 .debug_info    0x00000000000618bb       0x26 /usr/lib/gcc/arm-none-eabi/10.3.1/thumb/v6-m/nofp/libgcc.a(_divsi3.o)
 .debug_info    0x00000000000618e1       0x26 /usr/lib/gcc/arm-none-eabi/10.3.1/thumb/v6-m/nofp/libgcc.a(_dvmd_tls.o)
 .debug_info    0x0000000000061907       0x26 /usr/lib/gcc/arm-none-eabi/10.3.1/thumb/v6-m/nofp/libgcc.a(_arm_cmpsf2.o)
 .debug_info    0x000000000006192d       0x26 /usr/lib/gcc/arm-none-eabi/10.3.1/thumb/v6-m/nofp/libgcc.a(_aeabi_ldivmod.o)
 .debug_info    0x0000000000061953       0x26 /usr/lib/gcc/arm-none-eabi/10.3.1/thumb/v6-m/nofp/libgcc.a(_aeabi_uldivmod.o)
 .debug_info    0x0000000000061979      0x431 /usr/lib/gcc/arm-none-eabi/10.3.1/thumb/v6-m/nofp/libgcc.a(_muldi3.o)
 .debug_info    0x0000000000061daa      0x39f /usr/lib/gcc/arm-none-eabi/10.3.1/thumb/v6-m/nofp/libgcc.a(_udivmoddi4.o)
 .debug_info    0x0000000000062149       0xe4 /usr/lib/gcc/arm-none-eabi/10.3.1/thumb/v6-m/nofp/libgcc.a(bpabi.o)
 .debug_info    0x000000000006222d      0x343 /usr/lib/gcc/arm-none-eabi/10.3.1/thumb/v6-m/nofp/libgcc.a(addsf3.o)
 .debug_info    0x0000000000062570      0x376 /usr/lib/gcc/arm-none-eabi/10.3.1/thumb/v6-m/nofp/libgcc.a(divsf3.o)
 .debug_info    0x00000000000628e6      0x22c /usr/lib/gcc/arm-none-eabi/10.3.1/thumb/v6-m/nofp/libgcc.a(eqsf2.o)
 .debug_info    0x0000000000062b12      0x24a /usr/lib/gcc/arm-none-eabi/10.3.1/thumb/v6-m/nofp/libgcc.a(gesf2.o)
 .debug_info    0x0000000000062d5c      0x24a /usr/lib/gcc/arm-none-eabi/10.3.1/thumb/v6-m/nofp/libgcc.a(lesf2.o)
 .debug_info    0x0000000000062fa6      0x3ff /usr/lib/gcc/arm-none-eabi/10.3.1/thumb/v6-m/nofp/libgcc.a(mulsf3.o)
 .debug_info    0x00000000000633a5      0x363 /usr/lib/gcc/arm-none-eabi/10.3.1/thumb/v6-m/nofp/libgcc.a(subsf3.o)
 .debug_info    0x0000000000063708      0x21a /usr/lib/gcc/arm-none-eabi/10.3.1/thumb/v6-m/nofp/libgcc.a(unordsf2.o)
 .debug_info    0x0000000000063922      0x1c0 /usr/lib/gcc/arm-none-eabi/10.3.1/thumb/v6-m/nofp/libgcc.a(fixsfsi.o)
 .debug_info    0x0000000000063ae2      0x24f /usr/lib/gcc/arm-none-eabi/10.3.1/thumb/v6-m/nofp/libgcc.a(floatsisf.o)
 .debug_info    0x0000000000063d31       0x26 /usr/lib/gcc/arm-none-eabi/10.3.1/thumb/v6-m/nofp/libgcc.a(_clzsi2.o)
 .debug_info    0x0000000000063d57       0x26 /usr/lib/gcc/arm-none-eabi/10.3.1/thumb/v6-m/nofp/libgcc.a(_clzdi2.o)
 .debug_info    0x0000000000063d7d      0x4e0 /usr/lib/gcc/arm-none-eabi/10.3.1/thumb/v6-m/nofp/libgcc.a(_divdi3.o)
 .debug_info    0x000000000006425d      0x11a /usr/lib/gcc/arm-none-eabi/10.3.1/../../../arm-none-eabi/lib/thumb/v6-m/nofp/libg_nano.a(lib_a-init.o)
 .debug_info    0x0000000000064377      0x15c /usr/lib/gcc/arm-none-eabi/10.3.1/../../../arm-none-eabi/lib/thumb/v6-m/nofp/libg_nano.a(lib_a-memcpy-stub.o)
 .debug_info    0x00000000000644d3      0x13d /usr/lib/gcc/arm-none-eabi/10.3.1/../../../arm-none-eabi/lib/thumb/v6-m/nofp/libg_nano.a(lib_a-memset.o)

.debug_abbrev   0x0000000000000000     0x4c94
 .debug_abbrev  0x0000000000000000      0x1b1 /tmp/ccTsam43.o
 .debug_abbrev  0x00000000000001b1      0x312 /tmp/ccfhmQef.o
 .debug_abbrev  0x00000000000004c3      0x356 /tmp/cc1CQe6N.o
 .debug_abbrev  0x0000000000000819       0xca /tmp/ccrGIZXY.o
 .debug_abbrev  0x00000000000008e3      0x38e /tmp/ccjcwoWs.o
 .debug_abbrev  0x0000000000000c71      0x1e5 /tmp/ccfTx9Hb.o
 .debug_abbrev  0x0000000000000e56      0x38f /tmp/ccBkeTFm.o
 .debug_abbrev  0x00000000000011e5      0x440 /tmp/ccrBE8Ni.o
 .debug_abbrev  0x0000000000001625      0x2ce /tmp/cclOpHyA.o
 .debug_abbrev  0x00000000000018f3      0x20e /tmp/ccMHeIKv.o
 .debug_abbrev  0x0000000000001b01      0x217 /tmp/ccM4WjcT.o
 .debug_abbrev  0x0000000000001d18      0x2da /tmp/ccTNQDlp.o
 .debug_abbrev  0x0000000000001ff2      0x3aa /tmp/ccSZTXHt.o
 .debug_abbrev  0x000000000000239c      0x3ec /tmp/ccRbCPYH.o
 .debug_abbrev  0x0000000000002788      0x12d /tmp/ccjPpAR0.o
 .debug_abbrev  0x00000000000028b5      0x2ef /home/clbritheking/ti/mspm0_sdk_2_11_00_07/source/ti/driverlib/lib/gcc/m0p/mspm0g1x0x_g3x0x/driverlib.a(dl_adc12.o)
 .debug_abbrev  0x0000000000002ba4      0x166 /home/clbritheking/ti/mspm0_sdk_2_11_00_07/source/ti/driverlib/lib/gcc/m0p/mspm0g1x0x_g3x0x/driverlib.a(dl_common.o)
 .debug_abbrev  0x0000000000002d0a      0x2f1 /home/clbritheking/ti/mspm0_sdk_2_11_00_07/source/ti/driverlib/lib/gcc/m0p/mspm0g1x0x_g3x0x/driverlib.a(dl_i2c.o)
 .debug_abbrev  0x0000000000002ffb      0x3dd /home/clbritheking/ti/mspm0_sdk_2_11_00_07/source/ti/driverlib/lib/gcc/m0p/mspm0g1x0x_g3x0x/driverlib.a(dl_timer.o)
 .debug_abbrev  0x00000000000033d8      0x3a0 /home/clbritheking/ti/mspm0_sdk_2_11_00_07/source/ti/driverlib/lib/gcc/m0p/mspm0g1x0x_g3x0x/driverlib.a(dl_uart.o)
 .debug_abbrev  0x0000000000003778       0x14 /usr/lib/gcc/arm-none-eabi/10.3.1/thumb/v6-m/nofp/libgcc.a(_udivsi3.o)
 .debug_abbrev  0x000000000000378c       0x14 /usr/lib/gcc/arm-none-eabi/10.3.1/thumb/v6-m/nofp/libgcc.a(_divsi3.o)
 .debug_abbrev  0x00000000000037a0       0x14 /usr/lib/gcc/arm-none-eabi/10.3.1/thumb/v6-m/nofp/libgcc.a(_dvmd_tls.o)
 .debug_abbrev  0x00000000000037b4       0x14 /usr/lib/gcc/arm-none-eabi/10.3.1/thumb/v6-m/nofp/libgcc.a(_arm_cmpsf2.o)
 .debug_abbrev  0x00000000000037c8       0x14 /usr/lib/gcc/arm-none-eabi/10.3.1/thumb/v6-m/nofp/libgcc.a(_aeabi_ldivmod.o)
 .debug_abbrev  0x00000000000037dc       0x14 /usr/lib/gcc/arm-none-eabi/10.3.1/thumb/v6-m/nofp/libgcc.a(_aeabi_uldivmod.o)
 .debug_abbrev  0x00000000000037f0      0x13b /usr/lib/gcc/arm-none-eabi/10.3.1/thumb/v6-m/nofp/libgcc.a(_muldi3.o)
 .debug_abbrev  0x000000000000392b      0x11b /usr/lib/gcc/arm-none-eabi/10.3.1/thumb/v6-m/nofp/libgcc.a(_udivmoddi4.o)
 .debug_abbrev  0x0000000000003a46       0xc3 /usr/lib/gcc/arm-none-eabi/10.3.1/thumb/v6-m/nofp/libgcc.a(bpabi.o)
 .debug_abbrev  0x0000000000003b09      0x166 /usr/lib/gcc/arm-none-eabi/10.3.1/thumb/v6-m/nofp/libgcc.a(addsf3.o)
 .debug_abbrev  0x0000000000003c6f      0x155 /usr/lib/gcc/arm-none-eabi/10.3.1/thumb/v6-m/nofp/libgcc.a(divsf3.o)
 .debug_abbrev  0x0000000000003dc4      0x140 /usr/lib/gcc/arm-none-eabi/10.3.1/thumb/v6-m/nofp/libgcc.a(eqsf2.o)
 .debug_abbrev  0x0000000000003f04      0x156 /usr/lib/gcc/arm-none-eabi/10.3.1/thumb/v6-m/nofp/libgcc.a(gesf2.o)
 .debug_abbrev  0x000000000000405a      0x156 /usr/lib/gcc/arm-none-eabi/10.3.1/thumb/v6-m/nofp/libgcc.a(lesf2.o)
 .debug_abbrev  0x00000000000041b0      0x164 /usr/lib/gcc/arm-none-eabi/10.3.1/thumb/v6-m/nofp/libgcc.a(mulsf3.o)
 .debug_abbrev  0x0000000000004314      0x166 /usr/lib/gcc/arm-none-eabi/10.3.1/thumb/v6-m/nofp/libgcc.a(subsf3.o)
 .debug_abbrev  0x000000000000447a      0x12f /usr/lib/gcc/arm-none-eabi/10.3.1/thumb/v6-m/nofp/libgcc.a(unordsf2.o)
 .debug_abbrev  0x00000000000045a9      0x154 /usr/lib/gcc/arm-none-eabi/10.3.1/thumb/v6-m/nofp/libgcc.a(fixsfsi.o)
 .debug_abbrev  0x00000000000046fd      0x173 /usr/lib/gcc/arm-none-eabi/10.3.1/thumb/v6-m/nofp/libgcc.a(floatsisf.o)
 .debug_abbrev  0x0000000000004870       0x14 /usr/lib/gcc/arm-none-eabi/10.3.1/thumb/v6-m/nofp/libgcc.a(_clzsi2.o)
 .debug_abbrev  0x0000000000004884       0x14 /usr/lib/gcc/arm-none-eabi/10.3.1/thumb/v6-m/nofp/libgcc.a(_clzdi2.o)
 .debug_abbrev  0x0000000000004898      0x1b5 /usr/lib/gcc/arm-none-eabi/10.3.1/thumb/v6-m/nofp/libgcc.a(_divdi3.o)
 .debug_abbrev  0x0000000000004a4d       0xcc /usr/lib/gcc/arm-none-eabi/10.3.1/../../../arm-none-eabi/lib/thumb/v6-m/nofp/libg_nano.a(lib_a-init.o)
 .debug_abbrev  0x0000000000004b19       0xc7 /usr/lib/gcc/arm-none-eabi/10.3.1/../../../arm-none-eabi/lib/thumb/v6-m/nofp/libg_nano.a(lib_a-memcpy-stub.o)
 .debug_abbrev  0x0000000000004be0       0xb4 /usr/lib/gcc/arm-none-eabi/10.3.1/../../../arm-none-eabi/lib/thumb/v6-m/nofp/libg_nano.a(lib_a-memset.o)

.debug_aranges  0x0000000000000000      0xac8
 .debug_aranges
                0x0000000000000000       0x30 /tmp/ccTsam43.o
 .debug_aranges
                0x0000000000000030       0x30 /tmp/ccfhmQef.o
 .debug_aranges
                0x0000000000000060       0x60 /tmp/cc1CQe6N.o
 .debug_aranges
                0x00000000000000c0       0x38 /tmp/ccrGIZXY.o
 .debug_aranges
                0x00000000000000f8       0x78 /tmp/ccjcwoWs.o
 .debug_aranges
                0x0000000000000170       0x38 /tmp/ccfTx9Hb.o
 .debug_aranges
                0x00000000000001a8       0xa8 /tmp/ccBkeTFm.o
 .debug_aranges
                0x0000000000000250       0x60 /tmp/ccrBE8Ni.o
 .debug_aranges
                0x00000000000002b0       0x60 /tmp/cclOpHyA.o
 .debug_aranges
                0x0000000000000310       0x40 /tmp/ccMHeIKv.o
 .debug_aranges
                0x0000000000000350       0x48 /tmp/ccM4WjcT.o
 .debug_aranges
                0x0000000000000398       0x58 /tmp/ccTNQDlp.o
 .debug_aranges
                0x00000000000003f0       0x38 /tmp/ccSZTXHt.o
 .debug_aranges
                0x0000000000000428       0x68 /tmp/ccRbCPYH.o
 .debug_aranges
                0x0000000000000490       0x30 /tmp/ccjPpAR0.o
 .debug_aranges
                0x00000000000004c0       0x28 /home/clbritheking/ti/mspm0_sdk_2_11_00_07/source/ti/driverlib/lib/gcc/m0p/mspm0g1x0x_g3x0x/driverlib.a(dl_adc12.o)
 .debug_aranges
                0x00000000000004e8       0x20 /home/clbritheking/ti/mspm0_sdk_2_11_00_07/source/ti/driverlib/lib/gcc/m0p/mspm0g1x0x_g3x0x/driverlib.a(dl_common.o)
 .debug_aranges
                0x0000000000000508       0x78 /home/clbritheking/ti/mspm0_sdk_2_11_00_07/source/ti/driverlib/lib/gcc/m0p/mspm0g1x0x_g3x0x/driverlib.a(dl_i2c.o)
 .debug_aranges
                0x0000000000000580      0x190 /home/clbritheking/ti/mspm0_sdk_2_11_00_07/source/ti/driverlib/lib/gcc/m0p/mspm0g1x0x_g3x0x/driverlib.a(dl_timer.o)
 .debug_aranges
                0x0000000000000710       0x98 /home/clbritheking/ti/mspm0_sdk_2_11_00_07/source/ti/driverlib/lib/gcc/m0p/mspm0g1x0x_g3x0x/driverlib.a(dl_uart.o)
 .debug_aranges
                0x00000000000007a8       0x20 /usr/lib/gcc/arm-none-eabi/10.3.1/thumb/v6-m/nofp/libgcc.a(_udivsi3.o)
 .debug_aranges
                0x00000000000007c8       0x20 /usr/lib/gcc/arm-none-eabi/10.3.1/thumb/v6-m/nofp/libgcc.a(_divsi3.o)
 .debug_aranges
                0x00000000000007e8       0x20 /usr/lib/gcc/arm-none-eabi/10.3.1/thumb/v6-m/nofp/libgcc.a(_dvmd_tls.o)
 .debug_aranges
                0x0000000000000808       0x20 /usr/lib/gcc/arm-none-eabi/10.3.1/thumb/v6-m/nofp/libgcc.a(_arm_cmpsf2.o)
 .debug_aranges
                0x0000000000000828       0x20 /usr/lib/gcc/arm-none-eabi/10.3.1/thumb/v6-m/nofp/libgcc.a(_aeabi_ldivmod.o)
 .debug_aranges
                0x0000000000000848       0x20 /usr/lib/gcc/arm-none-eabi/10.3.1/thumb/v6-m/nofp/libgcc.a(_aeabi_uldivmod.o)
 .debug_aranges
                0x0000000000000868       0x20 /usr/lib/gcc/arm-none-eabi/10.3.1/thumb/v6-m/nofp/libgcc.a(_muldi3.o)
 .debug_aranges
                0x0000000000000888       0x20 /usr/lib/gcc/arm-none-eabi/10.3.1/thumb/v6-m/nofp/libgcc.a(_udivmoddi4.o)
 .debug_aranges
                0x00000000000008a8       0x20 /usr/lib/gcc/arm-none-eabi/10.3.1/thumb/v6-m/nofp/libgcc.a(bpabi.o)
 .debug_aranges
                0x00000000000008c8       0x20 /usr/lib/gcc/arm-none-eabi/10.3.1/thumb/v6-m/nofp/libgcc.a(addsf3.o)
 .debug_aranges
                0x00000000000008e8       0x20 /usr/lib/gcc/arm-none-eabi/10.3.1/thumb/v6-m/nofp/libgcc.a(divsf3.o)
 .debug_aranges
                0x0000000000000908       0x20 /usr/lib/gcc/arm-none-eabi/10.3.1/thumb/v6-m/nofp/libgcc.a(eqsf2.o)
 .debug_aranges
                0x0000000000000928       0x20 /usr/lib/gcc/arm-none-eabi/10.3.1/thumb/v6-m/nofp/libgcc.a(gesf2.o)
 .debug_aranges
                0x0000000000000948       0x20 /usr/lib/gcc/arm-none-eabi/10.3.1/thumb/v6-m/nofp/libgcc.a(lesf2.o)
 .debug_aranges
                0x0000000000000968       0x20 /usr/lib/gcc/arm-none-eabi/10.3.1/thumb/v6-m/nofp/libgcc.a(mulsf3.o)
 .debug_aranges
                0x0000000000000988       0x20 /usr/lib/gcc/arm-none-eabi/10.3.1/thumb/v6-m/nofp/libgcc.a(subsf3.o)
 .debug_aranges
                0x00000000000009a8       0x20 /usr/lib/gcc/arm-none-eabi/10.3.1/thumb/v6-m/nofp/libgcc.a(unordsf2.o)
 .debug_aranges
                0x00000000000009c8       0x20 /usr/lib/gcc/arm-none-eabi/10.3.1/thumb/v6-m/nofp/libgcc.a(fixsfsi.o)
 .debug_aranges
                0x00000000000009e8       0x20 /usr/lib/gcc/arm-none-eabi/10.3.1/thumb/v6-m/nofp/libgcc.a(floatsisf.o)
 .debug_aranges
                0x0000000000000a08       0x20 /usr/lib/gcc/arm-none-eabi/10.3.1/thumb/v6-m/nofp/libgcc.a(_clzsi2.o)
 .debug_aranges
                0x0000000000000a28       0x20 /usr/lib/gcc/arm-none-eabi/10.3.1/thumb/v6-m/nofp/libgcc.a(_clzdi2.o)
 .debug_aranges
                0x0000000000000a48       0x20 /usr/lib/gcc/arm-none-eabi/10.3.1/thumb/v6-m/nofp/libgcc.a(_divdi3.o)
 .debug_aranges
                0x0000000000000a68       0x20 /usr/lib/gcc/arm-none-eabi/10.3.1/../../../arm-none-eabi/lib/thumb/v6-m/nofp/libg_nano.a(lib_a-init.o)
 .debug_aranges
                0x0000000000000a88       0x20 /usr/lib/gcc/arm-none-eabi/10.3.1/../../../arm-none-eabi/lib/thumb/v6-m/nofp/libg_nano.a(lib_a-memcpy-stub.o)
 .debug_aranges
                0x0000000000000aa8       0x20 /usr/lib/gcc/arm-none-eabi/10.3.1/../../../arm-none-eabi/lib/thumb/v6-m/nofp/libg_nano.a(lib_a-memset.o)

.debug_ranges   0x0000000000000000     0x2b18
 .debug_ranges  0x0000000000000000       0x20 /tmp/ccTsam43.o
 .debug_ranges  0x0000000000000020      0x198 /tmp/ccfhmQef.o
 .debug_ranges  0x00000000000001b8      0x1a0 /tmp/cc1CQe6N.o
 .debug_ranges  0x0000000000000358       0x28 /tmp/ccrGIZXY.o
 .debug_ranges  0x0000000000000380      0x110 /tmp/ccjcwoWs.o
 .debug_ranges  0x0000000000000490       0x78 /tmp/ccfTx9Hb.o
 .debug_ranges  0x0000000000000508      0x1f0 /tmp/ccBkeTFm.o
 .debug_ranges  0x00000000000006f8      0x2e8 /tmp/ccrBE8Ni.o
 .debug_ranges  0x00000000000009e0       0xe0 /tmp/cclOpHyA.o
 .debug_ranges  0x0000000000000ac0       0xb0 /tmp/ccMHeIKv.o
 .debug_ranges  0x0000000000000b70       0xa8 /tmp/ccM4WjcT.o
 .debug_ranges  0x0000000000000c18       0xd0 /tmp/ccTNQDlp.o
 .debug_ranges  0x0000000000000ce8      0x188 /tmp/ccSZTXHt.o
 .debug_ranges  0x0000000000000e70      0x4d8 /tmp/ccRbCPYH.o
 .debug_ranges  0x0000000000001348       0x20 /tmp/ccjPpAR0.o
 .debug_ranges  0x0000000000001368       0x40 /home/clbritheking/ti/mspm0_sdk_2_11_00_07/source/ti/driverlib/lib/gcc/m0p/mspm0g1x0x_g3x0x/driverlib.a(dl_adc12.o)
 .debug_ranges  0x00000000000013a8       0x10 /home/clbritheking/ti/mspm0_sdk_2_11_00_07/source/ti/driverlib/lib/gcc/m0p/mspm0g1x0x_g3x0x/driverlib.a(dl_common.o)
 .debug_ranges  0x00000000000013b8      0x318 /home/clbritheking/ti/mspm0_sdk_2_11_00_07/source/ti/driverlib/lib/gcc/m0p/mspm0g1x0x_g3x0x/driverlib.a(dl_i2c.o)
 .debug_ranges  0x00000000000016d0      0x8b0 /home/clbritheking/ti/mspm0_sdk_2_11_00_07/source/ti/driverlib/lib/gcc/m0p/mspm0g1x0x_g3x0x/driverlib.a(dl_timer.o)
 .debug_ranges  0x0000000000001f80      0x390 /home/clbritheking/ti/mspm0_sdk_2_11_00_07/source/ti/driverlib/lib/gcc/m0p/mspm0g1x0x_g3x0x/driverlib.a(dl_uart.o)
 .debug_ranges  0x0000000000002310       0x30 /usr/lib/gcc/arm-none-eabi/10.3.1/thumb/v6-m/nofp/libgcc.a(_muldi3.o)
 .debug_ranges  0x0000000000002340      0x200 /usr/lib/gcc/arm-none-eabi/10.3.1/thumb/v6-m/nofp/libgcc.a(addsf3.o)
 .debug_ranges  0x0000000000002540       0xb8 /usr/lib/gcc/arm-none-eabi/10.3.1/thumb/v6-m/nofp/libgcc.a(divsf3.o)
 .debug_ranges  0x00000000000025f8       0x40 /usr/lib/gcc/arm-none-eabi/10.3.1/thumb/v6-m/nofp/libgcc.a(eqsf2.o)
 .debug_ranges  0x0000000000002638       0x58 /usr/lib/gcc/arm-none-eabi/10.3.1/thumb/v6-m/nofp/libgcc.a(gesf2.o)
 .debug_ranges  0x0000000000002690       0x58 /usr/lib/gcc/arm-none-eabi/10.3.1/thumb/v6-m/nofp/libgcc.a(lesf2.o)
 .debug_ranges  0x00000000000026e8       0xc0 /usr/lib/gcc/arm-none-eabi/10.3.1/thumb/v6-m/nofp/libgcc.a(mulsf3.o)
 .debug_ranges  0x00000000000027a8      0x260 /usr/lib/gcc/arm-none-eabi/10.3.1/thumb/v6-m/nofp/libgcc.a(subsf3.o)
 .debug_ranges  0x0000000000002a08       0x30 /usr/lib/gcc/arm-none-eabi/10.3.1/thumb/v6-m/nofp/libgcc.a(unordsf2.o)
 .debug_ranges  0x0000000000002a38       0x30 /usr/lib/gcc/arm-none-eabi/10.3.1/thumb/v6-m/nofp/libgcc.a(fixsfsi.o)
 .debug_ranges  0x0000000000002a68       0x90 /usr/lib/gcc/arm-none-eabi/10.3.1/thumb/v6-m/nofp/libgcc.a(floatsisf.o)
 .debug_ranges  0x0000000000002af8       0x20 /usr/lib/gcc/arm-none-eabi/10.3.1/thumb/v6-m/nofp/libgcc.a(_divdi3.o)

.debug_line     0x0000000000000000     0xe044
 .debug_line    0x0000000000000000      0x42c /tmp/ccTsam43.o
 .debug_line    0x000000000000042c      0x64d /tmp/ccfhmQef.o
 .debug_line    0x0000000000000a79      0x76f /tmp/cc1CQe6N.o
 .debug_line    0x00000000000011e8      0x123 /tmp/ccrGIZXY.o
 .debug_line    0x000000000000130b      0x763 /tmp/ccjcwoWs.o
 .debug_line    0x0000000000001a6e      0x404 /tmp/ccfTx9Hb.o
 .debug_line    0x0000000000001e72      0xc0f /tmp/ccBkeTFm.o
 .debug_line    0x0000000000002a81      0xd3f /tmp/ccrBE8Ni.o
 .debug_line    0x00000000000037c0      0x738 /tmp/cclOpHyA.o
 .debug_line    0x0000000000003ef8      0x369 /tmp/ccMHeIKv.o
 .debug_line    0x0000000000004261      0x3ed /tmp/ccM4WjcT.o
 .debug_line    0x000000000000464e      0x758 /tmp/ccTNQDlp.o
 .debug_line    0x0000000000004da6      0xa77 /tmp/ccSZTXHt.o
 .debug_line    0x000000000000581d     0x116f /tmp/ccRbCPYH.o
 .debug_line    0x000000000000698c      0x16e /tmp/ccjPpAR0.o
 .debug_line    0x0000000000006afa      0x5d8 /home/clbritheking/ti/mspm0_sdk_2_11_00_07/source/ti/driverlib/lib/gcc/m0p/mspm0g1x0x_g3x0x/driverlib.a(dl_adc12.o)
 .debug_line    0x00000000000070d2      0x427 /home/clbritheking/ti/mspm0_sdk_2_11_00_07/source/ti/driverlib/lib/gcc/m0p/mspm0g1x0x_g3x0x/driverlib.a(dl_common.o)
 .debug_line    0x00000000000074f9      0xaae /home/clbritheking/ti/mspm0_sdk_2_11_00_07/source/ti/driverlib/lib/gcc/m0p/mspm0g1x0x_g3x0x/driverlib.a(dl_i2c.o)
 .debug_line    0x0000000000007fa7     0x24f6 /home/clbritheking/ti/mspm0_sdk_2_11_00_07/source/ti/driverlib/lib/gcc/m0p/mspm0g1x0x_g3x0x/driverlib.a(dl_timer.o)
 .debug_line    0x000000000000a49d      0xee2 /home/clbritheking/ti/mspm0_sdk_2_11_00_07/source/ti/driverlib/lib/gcc/m0p/mspm0g1x0x_g3x0x/driverlib.a(dl_uart.o)
 .debug_line    0x000000000000b37f       0x6c /usr/lib/gcc/arm-none-eabi/10.3.1/thumb/v6-m/nofp/libgcc.a(_udivsi3.o)
 .debug_line    0x000000000000b3eb       0x73 /usr/lib/gcc/arm-none-eabi/10.3.1/thumb/v6-m/nofp/libgcc.a(_divsi3.o)
 .debug_line    0x000000000000b45e       0x60 /usr/lib/gcc/arm-none-eabi/10.3.1/thumb/v6-m/nofp/libgcc.a(_dvmd_tls.o)
 .debug_line    0x000000000000b4be       0x75 /usr/lib/gcc/arm-none-eabi/10.3.1/thumb/v6-m/nofp/libgcc.a(_arm_cmpsf2.o)
 .debug_line    0x000000000000b533       0x6b /usr/lib/gcc/arm-none-eabi/10.3.1/thumb/v6-m/nofp/libgcc.a(_aeabi_ldivmod.o)
 .debug_line    0x000000000000b59e       0x6b /usr/lib/gcc/arm-none-eabi/10.3.1/thumb/v6-m/nofp/libgcc.a(_aeabi_uldivmod.o)
 .debug_line    0x000000000000b609      0x12e /usr/lib/gcc/arm-none-eabi/10.3.1/thumb/v6-m/nofp/libgcc.a(_muldi3.o)
 .debug_line    0x000000000000b737      0x1c2 /usr/lib/gcc/arm-none-eabi/10.3.1/thumb/v6-m/nofp/libgcc.a(_udivmoddi4.o)
 .debug_line    0x000000000000b8f9       0x8c /usr/lib/gcc/arm-none-eabi/10.3.1/thumb/v6-m/nofp/libgcc.a(bpabi.o)
 .debug_line    0x000000000000b985      0x625 /usr/lib/gcc/arm-none-eabi/10.3.1/thumb/v6-m/nofp/libgcc.a(addsf3.o)
 .debug_line    0x000000000000bfaa      0x51b /usr/lib/gcc/arm-none-eabi/10.3.1/thumb/v6-m/nofp/libgcc.a(divsf3.o)
 .debug_line    0x000000000000c4c5      0x10c /usr/lib/gcc/arm-none-eabi/10.3.1/thumb/v6-m/nofp/libgcc.a(eqsf2.o)
 .debug_line    0x000000000000c5d1      0x160 /usr/lib/gcc/arm-none-eabi/10.3.1/thumb/v6-m/nofp/libgcc.a(gesf2.o)
 .debug_line    0x000000000000c731      0x157 /usr/lib/gcc/arm-none-eabi/10.3.1/thumb/v6-m/nofp/libgcc.a(lesf2.o)
 .debug_line    0x000000000000c888      0x556 /usr/lib/gcc/arm-none-eabi/10.3.1/thumb/v6-m/nofp/libgcc.a(mulsf3.o)
 .debug_line    0x000000000000cdde      0x6ce /usr/lib/gcc/arm-none-eabi/10.3.1/thumb/v6-m/nofp/libgcc.a(subsf3.o)
 .debug_line    0x000000000000d4ac       0xc5 /usr/lib/gcc/arm-none-eabi/10.3.1/thumb/v6-m/nofp/libgcc.a(unordsf2.o)
 .debug_line    0x000000000000d571      0x113 /usr/lib/gcc/arm-none-eabi/10.3.1/thumb/v6-m/nofp/libgcc.a(fixsfsi.o)
 .debug_line    0x000000000000d684      0x22c /usr/lib/gcc/arm-none-eabi/10.3.1/thumb/v6-m/nofp/libgcc.a(floatsisf.o)
 .debug_line    0x000000000000d8b0       0x74 /usr/lib/gcc/arm-none-eabi/10.3.1/thumb/v6-m/nofp/libgcc.a(_clzsi2.o)
 .debug_line    0x000000000000d924       0x6a /usr/lib/gcc/arm-none-eabi/10.3.1/thumb/v6-m/nofp/libgcc.a(_clzdi2.o)
 .debug_line    0x000000000000d98e      0x20c /usr/lib/gcc/arm-none-eabi/10.3.1/thumb/v6-m/nofp/libgcc.a(_divdi3.o)
 .debug_line    0x000000000000db9a      0x127 /usr/lib/gcc/arm-none-eabi/10.3.1/../../../arm-none-eabi/lib/thumb/v6-m/nofp/libg_nano.a(lib_a-init.o)
 .debug_line    0x000000000000dcc1      0x1b5 /usr/lib/gcc/arm-none-eabi/10.3.1/../../../arm-none-eabi/lib/thumb/v6-m/nofp/libg_nano.a(lib_a-memcpy-stub.o)
 .debug_line    0x000000000000de76      0x1ce /usr/lib/gcc/arm-none-eabi/10.3.1/../../../arm-none-eabi/lib/thumb/v6-m/nofp/libg_nano.a(lib_a-memset.o)

.debug_str      0x0000000000000000     0x96ea
 .debug_str     0x0000000000000000     0x19e5 /tmp/ccTsam43.o
                                       0x1ad9 (size before relaxing)
 .debug_str     0x00000000000019e5      0x2dd /tmp/ccfhmQef.o
                                       0x1d39 (size before relaxing)
 .debug_str     0x0000000000001cc2      0x2cb /tmp/cc1CQe6N.o
                                       0x1d14 (size before relaxing)
 .debug_str     0x0000000000001f8d       0xab /tmp/ccrGIZXY.o
                                        0x20d (size before relaxing)
 .debug_str     0x0000000000002038      0x395 /tmp/ccjcwoWs.o
                                       0x1e31 (size before relaxing)
 .debug_str     0x00000000000023cd      0x246 /tmp/ccfTx9Hb.o
                                        0x406 (size before relaxing)
 .debug_str     0x0000000000002613      0x3cb /tmp/ccBkeTFm.o
                                       0x1f0e (size before relaxing)
 .debug_str     0x00000000000029de      0xb2c /tmp/ccrBE8Ni.o
                                       0x25e7 (size before relaxing)
 .debug_str     0x000000000000350a      0x16d /tmp/cclOpHyA.o
                                       0x1cde (size before relaxing)
 .debug_str     0x0000000000003677      0x1e7 /tmp/ccMHeIKv.o
                                        0x36e (size before relaxing)
 .debug_str     0x000000000000385e      0x25b /tmp/ccM4WjcT.o
                                        0x5a4 (size before relaxing)
 .debug_str     0x0000000000003ab9      0x1d1 /tmp/ccTNQDlp.o
                                       0x1feb (size before relaxing)
 .debug_str     0x0000000000003c8a      0x5ab /tmp/ccSZTXHt.o
                                       0x2831 (size before relaxing)
 .debug_str     0x0000000000004235     0x228f /tmp/ccRbCPYH.o
                                       0x4194 (size before relaxing)
 .debug_str     0x00000000000064c4      0x15f /tmp/ccjPpAR0.o
                                        0x2d9 (size before relaxing)
 .debug_str     0x0000000000006623      0x577 /home/clbritheking/ti/mspm0_sdk_2_11_00_07/source/ti/driverlib/lib/gcc/m0p/mspm0g1x0x_g3x0x/driverlib.a(dl_adc12.o)
                                       0x21e7 (size before relaxing)
 .debug_str     0x0000000000006b9a       0xc9 /home/clbritheking/ti/mspm0_sdk_2_11_00_07/source/ti/driverlib/lib/gcc/m0p/mspm0g1x0x_g3x0x/driverlib.a(dl_common.o)
                                       0x1b32 (size before relaxing)
 .debug_str     0x0000000000006c63      0x3a4 /home/clbritheking/ti/mspm0_sdk_2_11_00_07/source/ti/driverlib/lib/gcc/m0p/mspm0g1x0x_g3x0x/driverlib.a(dl_i2c.o)
                                       0x1feb (size before relaxing)
 .debug_str     0x0000000000007007     0x1587 /home/clbritheking/ti/mspm0_sdk_2_11_00_07/source/ti/driverlib/lib/gcc/m0p/mspm0g1x0x_g3x0x/driverlib.a(dl_timer.o)
                                       0x36ea (size before relaxing)
 .debug_str     0x000000000000858e      0x431 /home/clbritheking/ti/mspm0_sdk_2_11_00_07/source/ti/driverlib/lib/gcc/m0p/mspm0g1x0x_g3x0x/driverlib.a(dl_uart.o)
                                       0x24b5 (size before relaxing)
 .debug_str     0x00000000000089bf       0xa6 /usr/lib/gcc/arm-none-eabi/10.3.1/thumb/v6-m/nofp/libgcc.a(_udivsi3.o)
 .debug_str     0x0000000000008a65       0xa6 /usr/lib/gcc/arm-none-eabi/10.3.1/thumb/v6-m/nofp/libgcc.a(_divsi3.o)
 .debug_str     0x0000000000008a65       0xa6 /usr/lib/gcc/arm-none-eabi/10.3.1/thumb/v6-m/nofp/libgcc.a(_dvmd_tls.o)
 .debug_str     0x0000000000008a65       0x30 /usr/lib/gcc/arm-none-eabi/10.3.1/thumb/v6-m/nofp/libgcc.a(_arm_cmpsf2.o)
                                         0xa6 (size before relaxing)
 .debug_str     0x0000000000008a95       0xa6 /usr/lib/gcc/arm-none-eabi/10.3.1/thumb/v6-m/nofp/libgcc.a(_aeabi_ldivmod.o)
 .debug_str     0x0000000000008a95       0xa6 /usr/lib/gcc/arm-none-eabi/10.3.1/thumb/v6-m/nofp/libgcc.a(_aeabi_uldivmod.o)
 .debug_str     0x0000000000008a95      0x528 /usr/lib/gcc/arm-none-eabi/10.3.1/thumb/v6-m/nofp/libgcc.a(_muldi3.o)
                                        0x62c (size before relaxing)
 .debug_str     0x0000000000008fbd       0xd2 /usr/lib/gcc/arm-none-eabi/10.3.1/thumb/v6-m/nofp/libgcc.a(_udivmoddi4.o)
                                        0x602 (size before relaxing)
 .debug_str     0x000000000000908f       0x5d /usr/lib/gcc/arm-none-eabi/10.3.1/thumb/v6-m/nofp/libgcc.a(bpabi.o)
                                        0x1a0 (size before relaxing)
 .debug_str     0x00000000000090ec      0x126 /usr/lib/gcc/arm-none-eabi/10.3.1/thumb/v6-m/nofp/libgcc.a(addsf3.o)
                                        0x2ce (size before relaxing)
 .debug_str     0x0000000000009212       0xfd /usr/lib/gcc/arm-none-eabi/10.3.1/thumb/v6-m/nofp/libgcc.a(divsf3.o)
                                        0x2f3 (size before relaxing)
 .debug_str     0x000000000000930f       0x2f /usr/lib/gcc/arm-none-eabi/10.3.1/thumb/v6-m/nofp/libgcc.a(eqsf2.o)
                                        0x1fc (size before relaxing)
 .debug_str     0x000000000000933e       0x34 /usr/lib/gcc/arm-none-eabi/10.3.1/thumb/v6-m/nofp/libgcc.a(gesf2.o)
                                        0x220 (size before relaxing)
 .debug_str     0x0000000000009372       0x10 /usr/lib/gcc/arm-none-eabi/10.3.1/thumb/v6-m/nofp/libgcc.a(lesf2.o)
                                        0x220 (size before relaxing)
 .debug_str     0x0000000000009382       0x43 /usr/lib/gcc/arm-none-eabi/10.3.1/thumb/v6-m/nofp/libgcc.a(mulsf3.o)
                                        0x2f3 (size before relaxing)
 .debug_str     0x00000000000093c5        0x9 /usr/lib/gcc/arm-none-eabi/10.3.1/thumb/v6-m/nofp/libgcc.a(subsf3.o)
                                        0x2ce (size before relaxing)
 .debug_str     0x00000000000093ce        0xb /usr/lib/gcc/arm-none-eabi/10.3.1/thumb/v6-m/nofp/libgcc.a(unordsf2.o)
                                        0x206 (size before relaxing)
 .debug_str     0x00000000000093d9       0x1d /usr/lib/gcc/arm-none-eabi/10.3.1/thumb/v6-m/nofp/libgcc.a(fixsfsi.o)
                                        0x206 (size before relaxing)
 .debug_str     0x00000000000093f6       0x39 /usr/lib/gcc/arm-none-eabi/10.3.1/thumb/v6-m/nofp/libgcc.a(floatsisf.o)
                                        0x295 (size before relaxing)
 .debug_str     0x000000000000942f       0xa6 /usr/lib/gcc/arm-none-eabi/10.3.1/thumb/v6-m/nofp/libgcc.a(_clzsi2.o)
 .debug_str     0x000000000000942f       0xa6 /usr/lib/gcc/arm-none-eabi/10.3.1/thumb/v6-m/nofp/libgcc.a(_clzdi2.o)
 .debug_str     0x000000000000942f      0x62f /usr/lib/gcc/arm-none-eabi/10.3.1/thumb/v6-m/nofp/libgcc.a(_divdi3.o)
 .debug_str     0x000000000000942f      0x151 /usr/lib/gcc/arm-none-eabi/10.3.1/../../../arm-none-eabi/lib/thumb/v6-m/nofp/libg_nano.a(lib_a-init.o)
                                        0x204 (size before relaxing)
 .debug_str     0x0000000000009580       0xcb /usr/lib/gcc/arm-none-eabi/10.3.1/../../../arm-none-eabi/lib/thumb/v6-m/nofp/libg_nano.a(lib_a-memcpy-stub.o)
                                        0x1de (size before relaxing)
 .debug_str     0x000000000000964b       0x9f /usr/lib/gcc/arm-none-eabi/10.3.1/../../../arm-none-eabi/lib/thumb/v6-m/nofp/libg_nano.a(lib_a-memset.o)
                                        0x1b9 (size before relaxing)

.comment        0x0000000000000000       0xac
 .comment       0x0000000000000000       0x33 /tmp/ccTsam43.o
                                         0x34 (size before relaxing)
 .comment       0x0000000000000033       0x34 /tmp/ccfhmQef.o
 .comment       0x0000000000000033       0x34 /tmp/cc1CQe6N.o
 .comment       0x0000000000000033       0x34 /tmp/ccrGIZXY.o
 .comment       0x0000000000000033       0x34 /tmp/ccjcwoWs.o
 .comment       0x0000000000000033       0x34 /tmp/ccfTx9Hb.o
 .comment       0x0000000000000033       0x34 /tmp/ccBkeTFm.o
 .comment       0x0000000000000033       0x34 /tmp/ccrBE8Ni.o
 .comment       0x0000000000000033       0x34 /tmp/cclOpHyA.o
 .comment       0x0000000000000033       0x34 /tmp/ccMHeIKv.o
 .comment       0x0000000000000033       0x34 /tmp/ccM4WjcT.o
 .comment       0x0000000000000033       0x34 /tmp/ccTNQDlp.o
 .comment       0x0000000000000033       0x34 /tmp/ccSZTXHt.o
 .comment       0x0000000000000033       0x34 /tmp/ccRbCPYH.o
 .comment       0x0000000000000033       0x34 /tmp/ccjPpAR0.o
 .comment       0x0000000000000033       0x79 /home/clbritheking/ti/mspm0_sdk_2_11_00_07/source/ti/driverlib/lib/gcc/m0p/mspm0g1x0x_g3x0x/driverlib.a(dl_adc12.o)
                                         0x7a (size before relaxing)
 .comment       0x00000000000000ac       0x7a /home/clbritheking/ti/mspm0_sdk_2_11_00_07/source/ti/driverlib/lib/gcc/m0p/mspm0g1x0x_g3x0x/driverlib.a(dl_common.o)
 .comment       0x00000000000000ac       0x7a /home/clbritheking/ti/mspm0_sdk_2_11_00_07/source/ti/driverlib/lib/gcc/m0p/mspm0g1x0x_g3x0x/driverlib.a(dl_i2c.o)
 .comment       0x00000000000000ac       0x7a /home/clbritheking/ti/mspm0_sdk_2_11_00_07/source/ti/driverlib/lib/gcc/m0p/mspm0g1x0x_g3x0x/driverlib.a(dl_timer.o)
 .comment       0x00000000000000ac       0x7a /home/clbritheking/ti/mspm0_sdk_2_11_00_07/source/ti/driverlib/lib/gcc/m0p/mspm0g1x0x_g3x0x/driverlib.a(dl_uart.o)
 .comment       0x00000000000000ac       0x34 /usr/lib/gcc/arm-none-eabi/10.3.1/thumb/v6-m/nofp/libgcc.a(_muldi3.o)
 .comment       0x00000000000000ac       0x34 /usr/lib/gcc/arm-none-eabi/10.3.1/thumb/v6-m/nofp/libgcc.a(_udivmoddi4.o)
 .comment       0x00000000000000ac       0x34 /usr/lib/gcc/arm-none-eabi/10.3.1/thumb/v6-m/nofp/libgcc.a(bpabi.o)
 .comment       0x00000000000000ac       0x34 /usr/lib/gcc/arm-none-eabi/10.3.1/thumb/v6-m/nofp/libgcc.a(addsf3.o)
 .comment       0x00000000000000ac       0x34 /usr/lib/gcc/arm-none-eabi/10.3.1/thumb/v6-m/nofp/libgcc.a(divsf3.o)
 .comment       0x00000000000000ac       0x34 /usr/lib/gcc/arm-none-eabi/10.3.1/thumb/v6-m/nofp/libgcc.a(eqsf2.o)
 .comment       0x00000000000000ac       0x34 /usr/lib/gcc/arm-none-eabi/10.3.1/thumb/v6-m/nofp/libgcc.a(gesf2.o)
 .comment       0x00000000000000ac       0x34 /usr/lib/gcc/arm-none-eabi/10.3.1/thumb/v6-m/nofp/libgcc.a(lesf2.o)
 .comment       0x00000000000000ac       0x34 /usr/lib/gcc/arm-none-eabi/10.3.1/thumb/v6-m/nofp/libgcc.a(mulsf3.o)
 .comment       0x00000000000000ac       0x34 /usr/lib/gcc/arm-none-eabi/10.3.1/thumb/v6-m/nofp/libgcc.a(subsf3.o)
 .comment       0x00000000000000ac       0x34 /usr/lib/gcc/arm-none-eabi/10.3.1/thumb/v6-m/nofp/libgcc.a(unordsf2.o)
 .comment       0x00000000000000ac       0x34 /usr/lib/gcc/arm-none-eabi/10.3.1/thumb/v6-m/nofp/libgcc.a(fixsfsi.o)
 .comment       0x00000000000000ac       0x34 /usr/lib/gcc/arm-none-eabi/10.3.1/thumb/v6-m/nofp/libgcc.a(floatsisf.o)
 .comment       0x00000000000000ac       0x34 /usr/lib/gcc/arm-none-eabi/10.3.1/thumb/v6-m/nofp/libgcc.a(_divdi3.o)
 .comment       0x00000000000000ac       0x34 /usr/lib/gcc/arm-none-eabi/10.3.1/../../../arm-none-eabi/lib/thumb/v6-m/nofp/libg_nano.a(lib_a-init.o)
 .comment       0x00000000000000ac       0x34 /usr/lib/gcc/arm-none-eabi/10.3.1/../../../arm-none-eabi/lib/thumb/v6-m/nofp/libg_nano.a(lib_a-memcpy-stub.o)
 .comment       0x00000000000000ac       0x34 /usr/lib/gcc/arm-none-eabi/10.3.1/../../../arm-none-eabi/lib/thumb/v6-m/nofp/libg_nano.a(lib_a-memset.o)

.ARM.attributes
                0x0000000000000000       0x2c
 .ARM.attributes
                0x0000000000000000       0x2c /tmp/ccTsam43.o
 .ARM.attributes
                0x000000000000002c       0x2c /tmp/ccfhmQef.o
 .ARM.attributes
                0x0000000000000058       0x2c /tmp/cc1CQe6N.o
 .ARM.attributes
                0x0000000000000084       0x2c /tmp/ccrGIZXY.o
 .ARM.attributes
                0x00000000000000b0       0x2c /tmp/ccjcwoWs.o
 .ARM.attributes
                0x00000000000000dc       0x2c /tmp/ccfTx9Hb.o
 .ARM.attributes
                0x0000000000000108       0x2c /tmp/ccBkeTFm.o
 .ARM.attributes
                0x0000000000000134       0x2c /tmp/ccrBE8Ni.o
 .ARM.attributes
                0x0000000000000160       0x2c /tmp/cclOpHyA.o
 .ARM.attributes
                0x000000000000018c       0x2c /tmp/ccMHeIKv.o
 .ARM.attributes
                0x00000000000001b8       0x2c /tmp/ccM4WjcT.o
 .ARM.attributes
                0x00000000000001e4       0x2c /tmp/ccTNQDlp.o
 .ARM.attributes
                0x0000000000000210       0x2c /tmp/ccSZTXHt.o
 .ARM.attributes
                0x000000000000023c       0x2c /tmp/ccRbCPYH.o
 .ARM.attributes
                0x0000000000000268       0x2c /tmp/ccjPpAR0.o
 .ARM.attributes
                0x0000000000000294       0x2b /home/clbritheking/ti/mspm0_sdk_2_11_00_07/source/ti/driverlib/lib/gcc/m0p/mspm0g1x0x_g3x0x/driverlib.a(dl_adc12.o)
 .ARM.attributes
                0x00000000000002bf       0x2b /home/clbritheking/ti/mspm0_sdk_2_11_00_07/source/ti/driverlib/lib/gcc/m0p/mspm0g1x0x_g3x0x/driverlib.a(dl_common.o)
 .ARM.attributes
                0x00000000000002ea       0x2b /home/clbritheking/ti/mspm0_sdk_2_11_00_07/source/ti/driverlib/lib/gcc/m0p/mspm0g1x0x_g3x0x/driverlib.a(dl_i2c.o)
 .ARM.attributes
                0x0000000000000315       0x2b /home/clbritheking/ti/mspm0_sdk_2_11_00_07/source/ti/driverlib/lib/gcc/m0p/mspm0g1x0x_g3x0x/driverlib.a(dl_timer.o)
 .ARM.attributes
                0x0000000000000340       0x2b /home/clbritheking/ti/mspm0_sdk_2_11_00_07/source/ti/driverlib/lib/gcc/m0p/mspm0g1x0x_g3x0x/driverlib.a(dl_uart.o)
 .ARM.attributes
                0x000000000000036b       0x1e /usr/lib/gcc/arm-none-eabi/10.3.1/thumb/v6-m/nofp/libgcc.a(_udivsi3.o)
 .ARM.attributes
                0x0000000000000389       0x1e /usr/lib/gcc/arm-none-eabi/10.3.1/thumb/v6-m/nofp/libgcc.a(_divsi3.o)
 .ARM.attributes
                0x00000000000003a7       0x1e /usr/lib/gcc/arm-none-eabi/10.3.1/thumb/v6-m/nofp/libgcc.a(_dvmd_tls.o)
 .ARM.attributes
                0x00000000000003c5       0x1e /usr/lib/gcc/arm-none-eabi/10.3.1/thumb/v6-m/nofp/libgcc.a(_arm_cmpsf2.o)
 .ARM.attributes
                0x00000000000003e3       0x1e /usr/lib/gcc/arm-none-eabi/10.3.1/thumb/v6-m/nofp/libgcc.a(_aeabi_ldivmod.o)
 .ARM.attributes
                0x0000000000000401       0x1e /usr/lib/gcc/arm-none-eabi/10.3.1/thumb/v6-m/nofp/libgcc.a(_aeabi_uldivmod.o)
 .ARM.attributes
                0x000000000000041f       0x2c /usr/lib/gcc/arm-none-eabi/10.3.1/thumb/v6-m/nofp/libgcc.a(_muldi3.o)
 .ARM.attributes
                0x000000000000044b       0x2c /usr/lib/gcc/arm-none-eabi/10.3.1/thumb/v6-m/nofp/libgcc.a(_udivmoddi4.o)
 .ARM.attributes
                0x0000000000000477       0x2c /usr/lib/gcc/arm-none-eabi/10.3.1/thumb/v6-m/nofp/libgcc.a(bpabi.o)
 .ARM.attributes
                0x00000000000004a3       0x2c /usr/lib/gcc/arm-none-eabi/10.3.1/thumb/v6-m/nofp/libgcc.a(addsf3.o)
 .ARM.attributes
                0x00000000000004cf       0x2c /usr/lib/gcc/arm-none-eabi/10.3.1/thumb/v6-m/nofp/libgcc.a(divsf3.o)
 .ARM.attributes
                0x00000000000004fb       0x2c /usr/lib/gcc/arm-none-eabi/10.3.1/thumb/v6-m/nofp/libgcc.a(eqsf2.o)
 .ARM.attributes
                0x0000000000000527       0x2c /usr/lib/gcc/arm-none-eabi/10.3.1/thumb/v6-m/nofp/libgcc.a(gesf2.o)
 .ARM.attributes
                0x0000000000000553       0x2c /usr/lib/gcc/arm-none-eabi/10.3.1/thumb/v6-m/nofp/libgcc.a(lesf2.o)
 .ARM.attributes
                0x000000000000057f       0x2c /usr/lib/gcc/arm-none-eabi/10.3.1/thumb/v6-m/nofp/libgcc.a(mulsf3.o)
 .ARM.attributes
                0x00000000000005ab       0x2c /usr/lib/gcc/arm-none-eabi/10.3.1/thumb/v6-m/nofp/libgcc.a(subsf3.o)
 .ARM.attributes
                0x00000000000005d7       0x2c /usr/lib/gcc/arm-none-eabi/10.3.1/thumb/v6-m/nofp/libgcc.a(unordsf2.o)
 .ARM.attributes
                0x0000000000000603       0x2c /usr/lib/gcc/arm-none-eabi/10.3.1/thumb/v6-m/nofp/libgcc.a(fixsfsi.o)
 .ARM.attributes
                0x000000000000062f       0x2c /usr/lib/gcc/arm-none-eabi/10.3.1/thumb/v6-m/nofp/libgcc.a(floatsisf.o)
 .ARM.attributes
                0x000000000000065b       0x1e /usr/lib/gcc/arm-none-eabi/10.3.1/thumb/v6-m/nofp/libgcc.a(_clzsi2.o)
 .ARM.attributes
                0x0000000000000679       0x1e /usr/lib/gcc/arm-none-eabi/10.3.1/thumb/v6-m/nofp/libgcc.a(_clzdi2.o)
 .ARM.attributes
                0x0000000000000697       0x2c /usr/lib/gcc/arm-none-eabi/10.3.1/thumb/v6-m/nofp/libgcc.a(_divdi3.o)
 .ARM.attributes
                0x00000000000006c3       0x2c /usr/lib/gcc/arm-none-eabi/10.3.1/../../../arm-none-eabi/lib/thumb/v6-m/nofp/libg_nano.a(lib_a-init.o)
 .ARM.attributes
                0x00000000000006ef       0x2c /usr/lib/gcc/arm-none-eabi/10.3.1/../../../arm-none-eabi/lib/thumb/v6-m/nofp/libg_nano.a(lib_a-memcpy-stub.o)
 .ARM.attributes
                0x000000000000071b       0x2c /usr/lib/gcc/arm-none-eabi/10.3.1/../../../arm-none-eabi/lib/thumb/v6-m/nofp/libg_nano.a(lib_a-memset.o)

.debug_frame    0x0000000000000000     0x15d8
 .debug_frame   0x0000000000000000       0x58 /tmp/ccTsam43.o
 .debug_frame   0x0000000000000058       0x5c /tmp/ccfhmQef.o
 .debug_frame   0x00000000000000b4       0xc4 /tmp/cc1CQe6N.o
 .debug_frame   0x0000000000000178       0x50 /tmp/ccrGIZXY.o
 .debug_frame   0x00000000000001c8      0x138 /tmp/ccjcwoWs.o
 .debug_frame   0x0000000000000300       0x88 /tmp/ccfTx9Hb.o
 .debug_frame   0x0000000000000388      0x1b4 /tmp/ccBkeTFm.o
 .debug_frame   0x000000000000053c      0x10c /tmp/ccrBE8Ni.o
 .debug_frame   0x0000000000000648       0xf0 /tmp/cclOpHyA.o
 .debug_frame   0x0000000000000738       0xa0 /tmp/ccMHeIKv.o
 .debug_frame   0x00000000000007d8       0x98 /tmp/ccM4WjcT.o
 .debug_frame   0x0000000000000870       0xf8 /tmp/ccTNQDlp.o
 .debug_frame   0x0000000000000968       0x90 /tmp/ccSZTXHt.o
 .debug_frame   0x00000000000009f8      0x114 /tmp/ccRbCPYH.o
 .debug_frame   0x0000000000000b0c       0x48 /tmp/ccjPpAR0.o
 .debug_frame   0x0000000000000b54       0x44 /home/clbritheking/ti/mspm0_sdk_2_11_00_07/source/ti/driverlib/lib/gcc/m0p/mspm0g1x0x_g3x0x/driverlib.a(dl_adc12.o)
 .debug_frame   0x0000000000000b98       0x20 /home/clbritheking/ti/mspm0_sdk_2_11_00_07/source/ti/driverlib/lib/gcc/m0p/mspm0g1x0x_g3x0x/driverlib.a(dl_common.o)
 .debug_frame   0x0000000000000bb8      0x124 /home/clbritheking/ti/mspm0_sdk_2_11_00_07/source/ti/driverlib/lib/gcc/m0p/mspm0g1x0x_g3x0x/driverlib.a(dl_i2c.o)
 .debug_frame   0x0000000000000cdc      0x3d4 /home/clbritheking/ti/mspm0_sdk_2_11_00_07/source/ti/driverlib/lib/gcc/m0p/mspm0g1x0x_g3x0x/driverlib.a(dl_timer.o)
 .debug_frame   0x00000000000010b0      0x1a4 /home/clbritheking/ti/mspm0_sdk_2_11_00_07/source/ti/driverlib/lib/gcc/m0p/mspm0g1x0x_g3x0x/driverlib.a(dl_uart.o)
 .debug_frame   0x0000000000001254       0x20 /usr/lib/gcc/arm-none-eabi/10.3.1/thumb/v6-m/nofp/libgcc.a(_udivsi3.o)
 .debug_frame   0x0000000000001274       0x20 /usr/lib/gcc/arm-none-eabi/10.3.1/thumb/v6-m/nofp/libgcc.a(_divsi3.o)
 .debug_frame   0x0000000000001294       0x34 /usr/lib/gcc/arm-none-eabi/10.3.1/thumb/v6-m/nofp/libgcc.a(_muldi3.o)
 .debug_frame   0x00000000000012c8       0x3c /usr/lib/gcc/arm-none-eabi/10.3.1/thumb/v6-m/nofp/libgcc.a(_udivmoddi4.o)
 .debug_frame   0x0000000000001304       0x38 /usr/lib/gcc/arm-none-eabi/10.3.1/thumb/v6-m/nofp/libgcc.a(bpabi.o)
 .debug_frame   0x000000000000133c       0x34 /usr/lib/gcc/arm-none-eabi/10.3.1/thumb/v6-m/nofp/libgcc.a(addsf3.o)
 .debug_frame   0x0000000000001370       0x38 /usr/lib/gcc/arm-none-eabi/10.3.1/thumb/v6-m/nofp/libgcc.a(divsf3.o)
 .debug_frame   0x00000000000013a8       0x2c /usr/lib/gcc/arm-none-eabi/10.3.1/thumb/v6-m/nofp/libgcc.a(eqsf2.o)
 .debug_frame   0x00000000000013d4       0x2c /usr/lib/gcc/arm-none-eabi/10.3.1/thumb/v6-m/nofp/libgcc.a(gesf2.o)
 .debug_frame   0x0000000000001400       0x2c /usr/lib/gcc/arm-none-eabi/10.3.1/thumb/v6-m/nofp/libgcc.a(lesf2.o)
 .debug_frame   0x000000000000142c       0x38 /usr/lib/gcc/arm-none-eabi/10.3.1/thumb/v6-m/nofp/libgcc.a(mulsf3.o)
 .debug_frame   0x0000000000001464       0x38 /usr/lib/gcc/arm-none-eabi/10.3.1/thumb/v6-m/nofp/libgcc.a(subsf3.o)
 .debug_frame   0x000000000000149c       0x20 /usr/lib/gcc/arm-none-eabi/10.3.1/thumb/v6-m/nofp/libgcc.a(unordsf2.o)
 .debug_frame   0x00000000000014bc       0x20 /usr/lib/gcc/arm-none-eabi/10.3.1/thumb/v6-m/nofp/libgcc.a(fixsfsi.o)
 .debug_frame   0x00000000000014dc       0x30 /usr/lib/gcc/arm-none-eabi/10.3.1/thumb/v6-m/nofp/libgcc.a(floatsisf.o)
 .debug_frame   0x000000000000150c       0x3c /usr/lib/gcc/arm-none-eabi/10.3.1/thumb/v6-m/nofp/libgcc.a(_divdi3.o)
 .debug_frame   0x0000000000001548       0x2c /usr/lib/gcc/arm-none-eabi/10.3.1/../../../arm-none-eabi/lib/thumb/v6-m/nofp/libg_nano.a(lib_a-init.o)
 .debug_frame   0x0000000000001574       0x34 /usr/lib/gcc/arm-none-eabi/10.3.1/../../../arm-none-eabi/lib/thumb/v6-m/nofp/libg_nano.a(lib_a-memcpy-stub.o)
 .debug_frame   0x00000000000015a8       0x30 /usr/lib/gcc/arm-none-eabi/10.3.1/../../../arm-none-eabi/lib/thumb/v6-m/nofp/libg_nano.a(lib_a-memset.o)

.debug_loc      0x0000000000000000     0xebe4
 .debug_loc     0x0000000000000000      0x3c1 /tmp/ccfhmQef.o
 .debug_loc     0x00000000000003c1      0xa44 /tmp/cc1CQe6N.o
 .debug_loc     0x0000000000000e05       0x25 /tmp/ccrGIZXY.o
 .debug_loc     0x0000000000000e2a      0x5da /tmp/ccjcwoWs.o
 .debug_loc     0x0000000000001404      0x450 /tmp/ccfTx9Hb.o
 .debug_loc     0x0000000000001854     0x109d /tmp/ccBkeTFm.o
 .debug_loc     0x00000000000028f1      0xc06 /tmp/ccrBE8Ni.o
 .debug_loc     0x00000000000034f7      0x610 /tmp/cclOpHyA.o
 .debug_loc     0x0000000000003b07      0x622 /tmp/ccMHeIKv.o
 .debug_loc     0x0000000000004129      0x42f /tmp/ccM4WjcT.o
 .debug_loc     0x0000000000004558      0x65c /tmp/ccTNQDlp.o
 .debug_loc     0x0000000000004bb4      0x4eb /tmp/ccSZTXHt.o
 .debug_loc     0x000000000000509f     0x139e /tmp/ccRbCPYH.o
 .debug_loc     0x000000000000643d      0x134 /home/clbritheking/ti/mspm0_sdk_2_11_00_07/source/ti/driverlib/lib/gcc/m0p/mspm0g1x0x_g3x0x/driverlib.a(dl_adc12.o)
 .debug_loc     0x0000000000006571      0x473 /home/clbritheking/ti/mspm0_sdk_2_11_00_07/source/ti/driverlib/lib/gcc/m0p/mspm0g1x0x_g3x0x/driverlib.a(dl_i2c.o)
 .debug_loc     0x00000000000069e4     0x3114 /home/clbritheking/ti/mspm0_sdk_2_11_00_07/source/ti/driverlib/lib/gcc/m0p/mspm0g1x0x_g3x0x/driverlib.a(dl_timer.o)
 .debug_loc     0x0000000000009af8      0xad7 /home/clbritheking/ti/mspm0_sdk_2_11_00_07/source/ti/driverlib/lib/gcc/m0p/mspm0g1x0x_g3x0x/driverlib.a(dl_uart.o)
 .debug_loc     0x000000000000a5cf      0x1c7 /usr/lib/gcc/arm-none-eabi/10.3.1/thumb/v6-m/nofp/libgcc.a(_muldi3.o)
 .debug_loc     0x000000000000a796      0x3d3 /usr/lib/gcc/arm-none-eabi/10.3.1/thumb/v6-m/nofp/libgcc.a(_udivmoddi4.o)
 .debug_loc     0x000000000000ab69       0xcc /usr/lib/gcc/arm-none-eabi/10.3.1/thumb/v6-m/nofp/libgcc.a(bpabi.o)
 .debug_loc     0x000000000000ac35      0xaa3 /usr/lib/gcc/arm-none-eabi/10.3.1/thumb/v6-m/nofp/libgcc.a(addsf3.o)
 .debug_loc     0x000000000000b6d8      0x7e5 /usr/lib/gcc/arm-none-eabi/10.3.1/thumb/v6-m/nofp/libgcc.a(divsf3.o)
 .debug_loc     0x000000000000bebd       0xc9 /usr/lib/gcc/arm-none-eabi/10.3.1/thumb/v6-m/nofp/libgcc.a(eqsf2.o)
 .debug_loc     0x000000000000bf86      0x253 /usr/lib/gcc/arm-none-eabi/10.3.1/thumb/v6-m/nofp/libgcc.a(gesf2.o)
 .debug_loc     0x000000000000c1d9      0x240 /usr/lib/gcc/arm-none-eabi/10.3.1/thumb/v6-m/nofp/libgcc.a(lesf2.o)
 .debug_loc     0x000000000000c419      0x98f /usr/lib/gcc/arm-none-eabi/10.3.1/thumb/v6-m/nofp/libgcc.a(mulsf3.o)
 .debug_loc     0x000000000000cda8      0xd5b /usr/lib/gcc/arm-none-eabi/10.3.1/thumb/v6-m/nofp/libgcc.a(subsf3.o)
 .debug_loc     0x000000000000db03       0x92 /usr/lib/gcc/arm-none-eabi/10.3.1/thumb/v6-m/nofp/libgcc.a(unordsf2.o)
 .debug_loc     0x000000000000db95       0xfa /usr/lib/gcc/arm-none-eabi/10.3.1/thumb/v6-m/nofp/libgcc.a(fixsfsi.o)
 .debug_loc     0x000000000000dc8f      0x21a /usr/lib/gcc/arm-none-eabi/10.3.1/thumb/v6-m/nofp/libgcc.a(floatsisf.o)
 .debug_loc     0x000000000000dea9      0x5a9 /usr/lib/gcc/arm-none-eabi/10.3.1/thumb/v6-m/nofp/libgcc.a(_divdi3.o)
 .debug_loc     0x000000000000e452       0x98 /usr/lib/gcc/arm-none-eabi/10.3.1/../../../arm-none-eabi/lib/thumb/v6-m/nofp/libg_nano.a(lib_a-init.o)
 .debug_loc     0x000000000000e4ea      0x457 /usr/lib/gcc/arm-none-eabi/10.3.1/../../../arm-none-eabi/lib/thumb/v6-m/nofp/libg_nano.a(lib_a-memcpy-stub.o)
 .debug_loc     0x000000000000e941      0x2a3 /usr/lib/gcc/arm-none-eabi/10.3.1/../../../arm-none-eabi/lib/thumb/v6-m/nofp/libg_nano.a(lib_a-memset.o)
