Archive member included to satisfy reference by file (symbol)

/home/clbritheking/ti/mspm0_sdk_2_11_00_07/source/ti/driverlib/lib/gcc/m0p/mspm0g1x0x_g3x0x/driverlib.a(dl_common.o)
                              /tmp/cc0uUxu8.o (DL_Common_delayCycles)
/home/clbritheking/ti/mspm0_sdk_2_11_00_07/source/ti/driverlib/lib/gcc/m0p/mspm0g1x0x_g3x0x/driverlib.a(dl_timer.o)
                              /tmp/cc0uUxu8.o (DL_Timer_setClockConfig)
/usr/lib/gcc/arm-none-eabi/10.3.1/thumb/v6-m/nofp/libgcc.a(_udivsi3.o)
                              /tmp/ccLIDybh.o (__aeabi_uidivmod)
/usr/lib/gcc/arm-none-eabi/10.3.1/thumb/v6-m/nofp/libgcc.a(_dvmd_tls.o)
                              /usr/lib/gcc/arm-none-eabi/10.3.1/thumb/v6-m/nofp/libgcc.a(_udivsi3.o) (__aeabi_idiv0)
/usr/lib/gcc/arm-none-eabi/10.3.1/thumb/v6-m/nofp/libgcc.a(_aeabi_ldivmod.o)
                              /tmp/ccRVMapU.o (__aeabi_ldivmod)
/usr/lib/gcc/arm-none-eabi/10.3.1/thumb/v6-m/nofp/libgcc.a(_aeabi_uldivmod.o)
                              /tmp/ccRVMapU.o (__aeabi_uldivmod)
/usr/lib/gcc/arm-none-eabi/10.3.1/thumb/v6-m/nofp/libgcc.a(_muldi3.o)
                              /tmp/ccRVMapU.o (__aeabi_lmul)
/usr/lib/gcc/arm-none-eabi/10.3.1/thumb/v6-m/nofp/libgcc.a(_udivmoddi4.o)
                              /usr/lib/gcc/arm-none-eabi/10.3.1/thumb/v6-m/nofp/libgcc.a(_aeabi_uldivmod.o) (__udivmoddi4)
/usr/lib/gcc/arm-none-eabi/10.3.1/thumb/v6-m/nofp/libgcc.a(bpabi.o)
                              /usr/lib/gcc/arm-none-eabi/10.3.1/thumb/v6-m/nofp/libgcc.a(_aeabi_ldivmod.o) (__gnu_ldivmod_helper)
/usr/lib/gcc/arm-none-eabi/10.3.1/thumb/v6-m/nofp/libgcc.a(_clzdi2.o)
                              /usr/lib/gcc/arm-none-eabi/10.3.1/thumb/v6-m/nofp/libgcc.a(_udivmoddi4.o) (__clzdi2)
/usr/lib/gcc/arm-none-eabi/10.3.1/thumb/v6-m/nofp/libgcc.a(_divdi3.o)
                              /usr/lib/gcc/arm-none-eabi/10.3.1/thumb/v6-m/nofp/libgcc.a(bpabi.o) (__divdi3)
/usr/lib/gcc/arm-none-eabi/10.3.1/thumb/v6-m/nofp/libgcc.a(_clzsi2.o)
                              /usr/lib/gcc/arm-none-eabi/10.3.1/thumb/v6-m/nofp/libgcc.a(_clzdi2.o) (__clzsi2)
/usr/lib/gcc/arm-none-eabi/10.3.1/../../../arm-none-eabi/lib/thumb/v6-m/nofp/libg_nano.a(lib_a-init.o)
                              /tmp/ccimZB8C.o (__libc_init_array)
/usr/lib/gcc/arm-none-eabi/10.3.1/../../../arm-none-eabi/lib/thumb/v6-m/nofp/libg_nano.a(lib_a-memcpy-stub.o)
                              /tmp/ccimZB8C.o (memcpy)
/usr/lib/gcc/arm-none-eabi/10.3.1/../../../arm-none-eabi/lib/thumb/v6-m/nofp/libg_nano.a(lib_a-memset.o)
                              /tmp/ccimZB8C.o (memset)

Discarded input sections

 .text.DL_Timer_getInChanConfig
                0x0000000000000000       0x4c /home/clbritheking/ti/mspm0_sdk_2_11_00_07/source/ti/driverlib/lib/gcc/m0p/mspm0g1x0x_g3x0x/driverlib.a(dl_timer.o)
 .text.DL_Timer_getClockConfig
                0x0000000000000000       0x20 /home/clbritheking/ti/mspm0_sdk_2_11_00_07/source/ti/driverlib/lib/gcc/m0p/mspm0g1x0x_g3x0x/driverlib.a(dl_timer.o)
 .text.DL_Timer_initTimerMode
                0x0000000000000000       0x8c /home/clbritheking/ti/mspm0_sdk_2_11_00_07/source/ti/driverlib/lib/gcc/m0p/mspm0g1x0x_g3x0x/driverlib.a(dl_timer.o)
 .rodata.DL_Timer_initTimerMode
                0x0000000000000000       0x8c /home/clbritheking/ti/mspm0_sdk_2_11_00_07/source/ti/driverlib/lib/gcc/m0p/mspm0g1x0x_g3x0x/driverlib.a(dl_timer.o)
 .text.DL_Timer_initCaptureMode
                0x0000000000000000      0x110 /home/clbritheking/ti/mspm0_sdk_2_11_00_07/source/ti/driverlib/lib/gcc/m0p/mspm0g1x0x_g3x0x/driverlib.a(dl_timer.o)
 .rodata.DL_Timer_initCaptureMode
                0x0000000000000000       0x18 /home/clbritheking/ti/mspm0_sdk_2_11_00_07/source/ti/driverlib/lib/gcc/m0p/mspm0g1x0x_g3x0x/driverlib.a(dl_timer.o)
 .text.DL_Timer_initCaptureTriggerMode
                0x0000000000000000       0x90 /home/clbritheking/ti/mspm0_sdk_2_11_00_07/source/ti/driverlib/lib/gcc/m0p/mspm0g1x0x_g3x0x/driverlib.a(dl_timer.o)
 .text.DL_Timer_initCaptureCombinedMode
                0x0000000000000000       0xe0 /home/clbritheking/ti/mspm0_sdk_2_11_00_07/source/ti/driverlib/lib/gcc/m0p/mspm0g1x0x_g3x0x/driverlib.a(dl_timer.o)
 .text.DL_Timer_initCompareMode
                0x0000000000000000       0xac /home/clbritheking/ti/mspm0_sdk_2_11_00_07/source/ti/driverlib/lib/gcc/m0p/mspm0g1x0x_g3x0x/driverlib.a(dl_timer.o)
 .text.DL_Timer_initCompareTriggerMode
                0x0000000000000000       0x78 /home/clbritheking/ti/mspm0_sdk_2_11_00_07/source/ti/driverlib/lib/gcc/m0p/mspm0g1x0x_g3x0x/driverlib.a(dl_timer.o)
 .text.DL_Timer_getCaptureCompareValue
                0x0000000000000000       0x14 /home/clbritheking/ti/mspm0_sdk_2_11_00_07/source/ti/driverlib/lib/gcc/m0p/mspm0g1x0x_g3x0x/driverlib.a(dl_timer.o)
 .text.DL_Timer_setCaptureCompareCtl
                0x0000000000000000       0x24 /home/clbritheking/ti/mspm0_sdk_2_11_00_07/source/ti/driverlib/lib/gcc/m0p/mspm0g1x0x_g3x0x/driverlib.a(dl_timer.o)
 .text.DL_Timer_getCaptureCompareCtl
                0x0000000000000000       0x1c /home/clbritheking/ti/mspm0_sdk_2_11_00_07/source/ti/driverlib/lib/gcc/m0p/mspm0g1x0x_g3x0x/driverlib.a(dl_timer.o)
 .text.DL_Timer_setSecondCompSrcDn
                0x0000000000000000       0x1c /home/clbritheking/ti/mspm0_sdk_2_11_00_07/source/ti/driverlib/lib/gcc/m0p/mspm0g1x0x_g3x0x/driverlib.a(dl_timer.o)
 .text.DL_Timer_getSecondCompSrcDn
                0x0000000000000000       0x18 /home/clbritheking/ti/mspm0_sdk_2_11_00_07/source/ti/driverlib/lib/gcc/m0p/mspm0g1x0x_g3x0x/driverlib.a(dl_timer.o)
 .text.DL_Timer_setSecondCompSrcUp
                0x0000000000000000       0x20 /home/clbritheking/ti/mspm0_sdk_2_11_00_07/source/ti/driverlib/lib/gcc/m0p/mspm0g1x0x_g3x0x/driverlib.a(dl_timer.o)
 .text.DL_Timer_getSecondCompSrcUp
                0x0000000000000000       0x18 /home/clbritheking/ti/mspm0_sdk_2_11_00_07/source/ti/driverlib/lib/gcc/m0p/mspm0g1x0x_g3x0x/driverlib.a(dl_timer.o)
 .text.DL_Timer_setSecondCompActionDn
                0x0000000000000000       0x20 /home/clbritheking/ti/mspm0_sdk_2_11_00_07/source/ti/driverlib/lib/gcc/m0p/mspm0g1x0x_g3x0x/driverlib.a(dl_timer.o)
 .text.DL_Timer_getSecondCompActionDn
                0x0000000000000000       0x18 /home/clbritheking/ti/mspm0_sdk_2_11_00_07/source/ti/driverlib/lib/gcc/m0p/mspm0g1x0x_g3x0x/driverlib.a(dl_timer.o)
 .text.DL_Timer_setSecondCompActionUp
                0x0000000000000000       0x20 /home/clbritheking/ti/mspm0_sdk_2_11_00_07/source/ti/driverlib/lib/gcc/m0p/mspm0g1x0x_g3x0x/driverlib.a(dl_timer.o)
 .text.DL_Timer_getSecondCompActionUp
                0x0000000000000000       0x18 /home/clbritheking/ti/mspm0_sdk_2_11_00_07/source/ti/driverlib/lib/gcc/m0p/mspm0g1x0x_g3x0x/driverlib.a(dl_timer.o)
 .text.DL_Timer_enableSuppressionOfCompEvent
                0x0000000000000000       0x1c /home/clbritheking/ti/mspm0_sdk_2_11_00_07/source/ti/driverlib/lib/gcc/m0p/mspm0g1x0x_g3x0x/driverlib.a(dl_timer.o)
 .text.DL_Timer_disableSuppressionOfCompEvent
                0x0000000000000000       0x1c /home/clbritheking/ti/mspm0_sdk_2_11_00_07/source/ti/driverlib/lib/gcc/m0p/mspm0g1x0x_g3x0x/driverlib.a(dl_timer.o)
 .text.DL_Timer_getCaptCompUpdateMethod
                0x0000000000000000       0x18 /home/clbritheking/ti/mspm0_sdk_2_11_00_07/source/ti/driverlib/lib/gcc/m0p/mspm0g1x0x_g3x0x/driverlib.a(dl_timer.o)
 .text.DL_Timer_setCaptCompActUpdateMethod
                0x0000000000000000       0x20 /home/clbritheking/ti/mspm0_sdk_2_11_00_07/source/ti/driverlib/lib/gcc/m0p/mspm0g1x0x_g3x0x/driverlib.a(dl_timer.o)
 .text.DL_Timer_getCaptCompActUpdateMethod
                0x0000000000000000       0x18 /home/clbritheking/ti/mspm0_sdk_2_11_00_07/source/ti/driverlib/lib/gcc/m0p/mspm0g1x0x_g3x0x/driverlib.a(dl_timer.o)
 .text.DL_Timer_getCaptureCompareOutCtl
                0x0000000000000000       0x14 /home/clbritheking/ti/mspm0_sdk_2_11_00_07/source/ti/driverlib/lib/gcc/m0p/mspm0g1x0x_g3x0x/driverlib.a(dl_timer.o)
 .text.DL_Timer_setCaptureCompareAction
                0x0000000000000000       0x20 /home/clbritheking/ti/mspm0_sdk_2_11_00_07/source/ti/driverlib/lib/gcc/m0p/mspm0g1x0x_g3x0x/driverlib.a(dl_timer.o)
 .text.DL_Timer_getCaptureCompareAction
                0x0000000000000000       0x1c /home/clbritheking/ti/mspm0_sdk_2_11_00_07/source/ti/driverlib/lib/gcc/m0p/mspm0g1x0x_g3x0x/driverlib.a(dl_timer.o)
 .text.DL_Timer_overrideCCPOut
                0x0000000000000000       0x20 /home/clbritheking/ti/mspm0_sdk_2_11_00_07/source/ti/driverlib/lib/gcc/m0p/mspm0g1x0x_g3x0x/driverlib.a(dl_timer.o)
 .text.DL_Timer_setCaptureCompareInput
                0x0000000000000000       0x20 /home/clbritheking/ti/mspm0_sdk_2_11_00_07/source/ti/driverlib/lib/gcc/m0p/mspm0g1x0x_g3x0x/driverlib.a(dl_timer.o)
 .text.DL_Timer_getCaptureCompareInput
                0x0000000000000000       0x14 /home/clbritheking/ti/mspm0_sdk_2_11_00_07/source/ti/driverlib/lib/gcc/m0p/mspm0g1x0x_g3x0x/driverlib.a(dl_timer.o)
 .text.DL_Timer_setCaptureCompareInputFilter
                0x0000000000000000       0x20 /home/clbritheking/ti/mspm0_sdk_2_11_00_07/source/ti/driverlib/lib/gcc/m0p/mspm0g1x0x_g3x0x/driverlib.a(dl_timer.o)
 .text.DL_Timer_getCaptureCompareInputFilter
                0x0000000000000000       0x18 /home/clbritheking/ti/mspm0_sdk_2_11_00_07/source/ti/driverlib/lib/gcc/m0p/mspm0g1x0x_g3x0x/driverlib.a(dl_timer.o)
 .text.DL_Timer_enableCaptureCompareInputFilter
                0x0000000000000000       0x18 /home/clbritheking/ti/mspm0_sdk_2_11_00_07/source/ti/driverlib/lib/gcc/m0p/mspm0g1x0x_g3x0x/driverlib.a(dl_timer.o)
 .text.DL_Timer_disableCaptureCompareInputFilter
                0x0000000000000000       0x1c /home/clbritheking/ti/mspm0_sdk_2_11_00_07/source/ti/driverlib/lib/gcc/m0p/mspm0g1x0x_g3x0x/driverlib.a(dl_timer.o)
 .text.DL_Timer_isCaptureCompareInputFilterEnabled
                0x0000000000000000       0x14 /home/clbritheking/ti/mspm0_sdk_2_11_00_07/source/ti/driverlib/lib/gcc/m0p/mspm0g1x0x_g3x0x/driverlib.a(dl_timer.o)
 .text.DL_Timer_saveConfiguration
                0x0000000000000000      0x1a4 /home/clbritheking/ti/mspm0_sdk_2_11_00_07/source/ti/driverlib/lib/gcc/m0p/mspm0g1x0x_g3x0x/driverlib.a(dl_timer.o)
 .text.DL_Timer_restoreConfiguration
                0x0000000000000000      0x1c0 /home/clbritheking/ti/mspm0_sdk_2_11_00_07/source/ti/driverlib/lib/gcc/m0p/mspm0g1x0x_g3x0x/driverlib.a(dl_timer.o)
 .text.DL_Timer_setFaultSourceConfig
                0x0000000000000000       0x2c /home/clbritheking/ti/mspm0_sdk_2_11_00_07/source/ti/driverlib/lib/gcc/m0p/mspm0g1x0x_g3x0x/driverlib.a(dl_timer.o)
 .text.DL_Timer_getFaultSourceConfig
                0x0000000000000000       0x20 /home/clbritheking/ti/mspm0_sdk_2_11_00_07/source/ti/driverlib/lib/gcc/m0p/mspm0g1x0x_g3x0x/driverlib.a(dl_timer.o)
 .text.DL_TimerA_saveConfiguration
                0x0000000000000000      0x1e0 /home/clbritheking/ti/mspm0_sdk_2_11_00_07/source/ti/driverlib/lib/gcc/m0p/mspm0g1x0x_g3x0x/driverlib.a(dl_timer.o)
 .text.DL_TimerA_restoreConfiguration
                0x0000000000000000      0x1dc /home/clbritheking/ti/mspm0_sdk_2_11_00_07/source/ti/driverlib/lib/gcc/m0p/mspm0g1x0x_g3x0x/driverlib.a(dl_timer.o)
 .text.DL_Timer_configQEIHallInputMode
                0x0000000000000000       0x30 /home/clbritheking/ti/mspm0_sdk_2_11_00_07/source/ti/driverlib/lib/gcc/m0p/mspm0g1x0x_g3x0x/driverlib.a(dl_timer.o)
 .rodata.CSWTCH.78
                0x0000000000000000        0x4 /home/clbritheking/ti/mspm0_sdk_2_11_00_07/source/ti/driverlib/lib/gcc/m0p/mspm0g1x0x_g3x0x/driverlib.a(dl_timer.o)

Memory Configuration

Name             Origin             Length             Attributes
FLASH            0x0000000000000000 0x0000000000020000 xr
SRAM             0x0000000020200000 0x0000000000008000 xrw
BCR_CONFIG       0x0000000041c00000 0x00000000000000ff r
BSL_CONFIG       0x0000000041c00100 0x0000000000000080 r
*default*        0x0000000000000000 0xffffffffffffffff

Linker script and memory map

LOAD /tmp/ccLIDybh.o
LOAD /tmp/ccRVMapU.o
LOAD /tmp/cc0uUxu8.o
LOAD /tmp/ccimZB8C.o
LOAD /home/clbritheking/ti/mspm0_sdk_2_11_00_07/source/ti/driverlib/lib/gcc/m0p/mspm0g1x0x_g3x0x/driverlib.a
START GROUP
LOAD /usr/lib/gcc/arm-none-eabi/10.3.1/thumb/v6-m/nofp/libgcc.a
LOAD /usr/lib/gcc/arm-none-eabi/10.3.1/../../../arm-none-eabi/lib/thumb/v6-m/nofp/libg_nano.a
LOAD /usr/lib/gcc/arm-none-eabi/10.3.1/../../../arm-none-eabi/lib/thumb/v6-m/nofp/libc_nano.a
END GROUP
START GROUP
LOAD /usr/lib/gcc/arm-none-eabi/10.3.1/thumb/v6-m/nofp/libgcc.a
LOAD /usr/lib/gcc/arm-none-eabi/10.3.1/../../../arm-none-eabi/lib/thumb/v6-m/nofp/libc_nano.a
LOAD /usr/lib/gcc/arm-none-eabi/10.3.1/../../../arm-none-eabi/lib/thumb/v6-m/nofp/libnosys.a
END GROUP
START GROUP
LOAD /usr/lib/gcc/arm-none-eabi/10.3.1/thumb/v6-m/nofp/libgcc.a
LOAD /usr/lib/gcc/arm-none-eabi/10.3.1/../../../arm-none-eabi/lib/thumb/v6-m/nofp/libc_nano.a
LOAD /usr/lib/gcc/arm-none-eabi/10.3.1/../../../arm-none-eabi/lib/thumb/v6-m/nofp/libnosys.a
END GROUP
                0x0000000000000000                _Min_Heap_Size = 0x0
                0x0000000000000080                _Min_Stack_Size = 0x80
                0x0000000000000000                PROVIDE (_intvecs_base_address = DEFINED (_intvecs_base_address)?_intvecs_base_address:0x0)

.intvecs        0x0000000000000000       0xc0
 *(.intvecs)
 .intvecs       0x0000000000000000       0xc0 /tmp/ccimZB8C.o
                0x0000000000000000                interruptVectors
                0x0000000020200000                PROVIDE (_vtable_base_address = DEFINED (_vtable_base_address)?_vtable_base_address:0x20200000)

.vtable
 *(.vtable)

.text           0x00000000000000c0      0xcc8
 CREATE_OBJECT_SYMBOLS
 *(.text)
 .text          0x00000000000000c0       0x10 /tmp/ccLIDybh.o
                0x00000000000000c0                SysTick_Handler
 .text          0x00000000000000d0       0x94 /tmp/ccRVMapU.o
                0x00000000000000d0                DigitalOutput_High
                0x00000000000000dc                DigitalOutput_Low
                0x00000000000000e4                DigitalOutput_Write
                0x00000000000000fc                DigitalOutput_Toggle
                0x0000000000000108                PwmOutput_Start
                0x0000000000000118                PwmOutput_Stop
                0x0000000000000128                PwmOutput_SetDuty
 .text          0x0000000000000164      0x158 /tmp/cc0uUxu8.o
                0x0000000000000164                SYSCFG_DL_initPower
                0x00000000000001a0                SYSCFG_DL_GPIO_init
                0x00000000000001e0                SYSCFG_DL_SYSCTL_init
                0x0000000000000218                SYSCFG_DL_LED_PWM_init
                0x00000000000002a8                SYSCFG_DL_init
 .text          0x00000000000002bc       0x80 /tmp/ccimZB8C.o
                0x00000000000002bc                TIMG6_IRQHandler
                0x00000000000002bc                TIMG8_IRQHandler
                0x00000000000002bc                I2C0_IRQHandler
                0x00000000000002bc                HardFault_Handler
                0x00000000000002bc                PendSV_Handler
                0x00000000000002bc                NMI_Handler
                0x00000000000002bc                I2C1_IRQHandler
                0x00000000000002bc                UART1_IRQHandler
                0x00000000000002bc                TIMA1_IRQHandler
                0x00000000000002bc                UART0_IRQHandler
                0x00000000000002bc                ADC0_IRQHandler
                0x00000000000002bc                SPI1_IRQHandler
                0x00000000000002bc                TIMG0_IRQHandler
                0x00000000000002bc                ADC1_IRQHandler
                0x00000000000002bc                GROUP1_IRQHandler
                0x00000000000002bc                RTC_IRQHandler
                0x00000000000002bc                GROUP0_IRQHandler
                0x00000000000002bc                UART2_IRQHandler
                0x00000000000002bc                Default_Handler
                0x00000000000002bc                SVC_Handler
                0x00000000000002bc                TIMG12_IRQHandler
                0x00000000000002bc                DAC0_IRQHandler
                0x00000000000002bc                TIMG7_IRQHandler
                0x00000000000002bc                SPI0_IRQHandler
                0x00000000000002bc                AES_IRQHandler
                0x00000000000002bc                DMA_IRQHandler
                0x00000000000002bc                TIMA0_IRQHandler
                0x00000000000002bc                UART3_IRQHandler
                0x00000000000002bc                CANFD0_IRQHandler
                0x00000000000002c0                Reset_Handler
                0x0000000000000338                _init
                0x0000000000000338                initStub
 .text          0x000000000000033c        0x0 /home/clbritheking/ti/mspm0_sdk_2_11_00_07/source/ti/driverlib/lib/gcc/m0p/mspm0g1x0x_g3x0x/driverlib.a(dl_common.o)
 .text          0x000000000000033c        0x0 /home/clbritheking/ti/mspm0_sdk_2_11_00_07/source/ti/driverlib/lib/gcc/m0p/mspm0g1x0x_g3x0x/driverlib.a(dl_timer.o)
 .text          0x000000000000033c      0x114 /usr/lib/gcc/arm-none-eabi/10.3.1/thumb/v6-m/nofp/libgcc.a(_udivsi3.o)
                0x000000000000033c                __udivsi3
                0x000000000000033c                __aeabi_uidiv
                0x0000000000000448                __aeabi_uidivmod
 .text          0x0000000000000450        0x4 /usr/lib/gcc/arm-none-eabi/10.3.1/thumb/v6-m/nofp/libgcc.a(_dvmd_tls.o)
                0x0000000000000450                __aeabi_ldiv0
                0x0000000000000450                __aeabi_idiv0
 .text          0x0000000000000454       0x48 /usr/lib/gcc/arm-none-eabi/10.3.1/thumb/v6-m/nofp/libgcc.a(_aeabi_ldivmod.o)
                0x0000000000000454                __aeabi_ldivmod
 .text          0x000000000000049c       0x40 /usr/lib/gcc/arm-none-eabi/10.3.1/thumb/v6-m/nofp/libgcc.a(_aeabi_uldivmod.o)
                0x000000000000049c                __aeabi_uldivmod
 .text          0x00000000000004dc       0x5c /usr/lib/gcc/arm-none-eabi/10.3.1/thumb/v6-m/nofp/libgcc.a(_muldi3.o)
                0x00000000000004dc                __aeabi_lmul
                0x00000000000004dc                __muldi3
 .text          0x0000000000000538      0x198 /usr/lib/gcc/arm-none-eabi/10.3.1/thumb/v6-m/nofp/libgcc.a(_udivmoddi4.o)
                0x0000000000000538                __udivmoddi4
 .text          0x00000000000006d0       0x3c /usr/lib/gcc/arm-none-eabi/10.3.1/thumb/v6-m/nofp/libgcc.a(bpabi.o)
                0x00000000000006d0                __gnu_ldivmod_helper
 .text          0x000000000000070c       0x18 /usr/lib/gcc/arm-none-eabi/10.3.1/thumb/v6-m/nofp/libgcc.a(_clzdi2.o)
                0x000000000000070c                __clzdi2
 .text          0x0000000000000724      0x1cc /usr/lib/gcc/arm-none-eabi/10.3.1/thumb/v6-m/nofp/libgcc.a(_divdi3.o)
                0x0000000000000724                __divdi3
 .text          0x00000000000008f0       0x3c /usr/lib/gcc/arm-none-eabi/10.3.1/thumb/v6-m/nofp/libgcc.a(_clzsi2.o)
                0x00000000000008f0                __clzsi2
 .text          0x000000000000092c       0x44 /usr/lib/gcc/arm-none-eabi/10.3.1/../../../arm-none-eabi/lib/thumb/v6-m/nofp/libg_nano.a(lib_a-init.o)
                0x000000000000092c                __libc_init_array
 .text          0x0000000000000970       0xa4 /usr/lib/gcc/arm-none-eabi/10.3.1/../../../arm-none-eabi/lib/thumb/v6-m/nofp/libg_nano.a(lib_a-memcpy-stub.o)
                0x0000000000000970                memcpy
 .text          0x0000000000000a14       0xa8 /usr/lib/gcc/arm-none-eabi/10.3.1/../../../arm-none-eabi/lib/thumb/v6-m/nofp/libg_nano.a(lib_a-memset.o)
                0x0000000000000a14                memset
                0x0000000000000ac0                . = ALIGN (0x8)
 *fill*         0x0000000000000abc        0x4 
 *(.text.*)
 .text.startup  0x0000000000000ac0       0xbc /tmp/ccLIDybh.o
                0x0000000000000ac0                main
 .text.DL_Common_delayCycles
                0x0000000000000b7c        0xc /home/clbritheking/ti/mspm0_sdk_2_11_00_07/source/ti/driverlib/lib/gcc/m0p/mspm0g1x0x_g3x0x/driverlib.a(dl_common.o)
                0x0000000000000b7c                DL_Common_delayCycles
 .text.DL_Timer_setClockConfig
                0x0000000000000b88       0x1c /home/clbritheking/ti/mspm0_sdk_2_11_00_07/source/ti/driverlib/lib/gcc/m0p/mspm0g1x0x_g3x0x/driverlib.a(dl_timer.o)
                0x0000000000000b88                DL_Timer_setClockConfig
 .text.DL_Timer_setCaptureCompareValue
                0x0000000000000ba4       0x14 /home/clbritheking/ti/mspm0_sdk_2_11_00_07/source/ti/driverlib/lib/gcc/m0p/mspm0g1x0x_g3x0x/driverlib.a(dl_timer.o)
                0x0000000000000ba4                DL_Timer_setCaptureCompareValue
 .text.DL_Timer_setCaptCompUpdateMethod
                0x0000000000000bb8       0x20 /home/clbritheking/ti/mspm0_sdk_2_11_00_07/source/ti/driverlib/lib/gcc/m0p/mspm0g1x0x_g3x0x/driverlib.a(dl_timer.o)
                0x0000000000000bb8                DL_Timer_setCaptCompUpdateMethod
 .text.DL_Timer_setCaptureCompareOutCtl
                0x0000000000000bd8       0x1c /home/clbritheking/ti/mspm0_sdk_2_11_00_07/source/ti/driverlib/lib/gcc/m0p/mspm0g1x0x_g3x0x/driverlib.a(dl_timer.o)
                0x0000000000000bd8                DL_Timer_setCaptureCompareOutCtl
 .text.DL_Timer_initFourCCPWMMode
                0x0000000000000bf4      0x190 /home/clbritheking/ti/mspm0_sdk_2_11_00_07/source/ti/driverlib/lib/gcc/m0p/mspm0g1x0x_g3x0x/driverlib.a(dl_timer.o)
                0x0000000000000bf4                DL_Timer_initFourCCPWMMode
                0x0000000000000d88                . = ALIGN (0x8)
 *fill*         0x0000000000000d84        0x4 
 *(.ctors)
                0x0000000000000d88                . = ALIGN (0x8)
 *(.dtors)
                0x0000000000000d88                . = ALIGN (0x8)
 *(.init)
                0x0000000000000d88                . = ALIGN (0x8)
 *(.fini*)
                0x0000000000000d88                . = ALIGN (0x8)

.glue_7         0x0000000000000d88        0x0
 .glue_7        0x0000000000000d88        0x0 linker stubs

.glue_7t        0x0000000000000d88        0x0
 .glue_7t       0x0000000000000d88        0x0 linker stubs

.vfp11_veneer   0x0000000000000d88        0x0
 .vfp11_veneer  0x0000000000000d88        0x0 linker stubs

.v4_bx          0x0000000000000d88        0x0
 .v4_bx         0x0000000000000d88        0x0 linker stubs

.iplt           0x0000000000000d88        0x0
 .iplt          0x0000000000000d88        0x0 /tmp/ccLIDybh.o

.ramfunc        0x0000000020200000        0x0 load address 0x0000000000000d88
                0x0000000000000d88                __ramfunct_load__ = LOADADDR (.ramfunc)
                0x0000000020200000                __ramfunct_start__ = .
 *(.ramfunc)
                0x0000000020200000                . = ALIGN (0x8)
                0x0000000020200000                __ramfunct_end__ = .

.rodata         0x0000000000000d88       0x10
 *(.rodata)
 .rodata        0x0000000000000d88        0xc /tmp/cc0uUxu8.o
                0x0000000000000d98                . = ALIGN (0x8)
 *fill*         0x0000000000000d94        0x4 
 *(.rodata.*)
                0x0000000000000d98                . = ALIGN (0x8)

.preinit_array  0x0000000000000d98        0x0
                0x0000000000000d98                PROVIDE (__preinit_array_start = .)
 *(.preinit_array*)
                0x0000000000000d98                PROVIDE (__preinit_array_end = .)

.init_array     0x0000000000000d98        0x0
                0x0000000000000d98                . = ALIGN (0x8)
                0x0000000000000d98                PROVIDE (__init_array_start = .)
 *(SORT_BY_NAME(.init_array.*))
 *(.init_array*)
                0x0000000000000d98                PROVIDE (__init_array_end = .)

.fini_array     0x0000000000000d98        0x0
                0x0000000000000d98                . = ALIGN (0x8)
                [!provide]                        PROVIDE (__fini_array_start = .)
 *(SORT_BY_NAME(.fini_array.*))
 *(.fini_array*)
                [!provide]                        PROVIDE (__fini_array_end = .)
                0x0000000000000d98                . = ALIGN (0x8)

.ARM.exidx      0x0000000000000d98        0x8
                0x0000000000000d98                __exidx_start = .
 *(.ARM.exidx* .gnu.linkonce.armexidx.*)
 .ARM.exidx     0x0000000000000d98        0x8 /usr/lib/gcc/arm-none-eabi/10.3.1/thumb/v6-m/nofp/libgcc.a(_udivmoddi4.o)
 .ARM.exidx     0x0000000000000da0        0x0 /usr/lib/gcc/arm-none-eabi/10.3.1/thumb/v6-m/nofp/libgcc.a(_divdi3.o)
                                          0x8 (size before relaxing)
                0x0000000000000da0                __exidx_end = .

.ARM.extab      0x0000000000000da0        0x0
                0x0000000000000da0                . = ALIGN (0x8)
 *(.ARM.extab* .gnu.linkonce.armextab.*)
 .ARM.extab     0x0000000000000da0        0x0 /usr/lib/gcc/arm-none-eabi/10.3.1/thumb/v6-m/nofp/libgcc.a(_udivmoddi4.o)
 .ARM.extab     0x0000000000000da0        0x0 /usr/lib/gcc/arm-none-eabi/10.3.1/thumb/v6-m/nofp/libgcc.a(_divdi3.o)
                0x0000000000000da0                . = ALIGN (0x8)
                0x0000000000000da0                __etext = .

.rel.dyn        0x0000000000000da0        0x0
 .rel.iplt      0x0000000000000da0        0x0 /tmp/ccLIDybh.o

.data           0x0000000020200000        0x0 load address 0x0000000000000da0
                0x0000000000000da0                __data_load__ = LOADADDR (.data)
                0x0000000020200000                __data_start__ = .
 *(.data)
 .data          0x0000000020200000        0x0 /tmp/ccLIDybh.o
 .data          0x0000000020200000        0x0 /tmp/ccRVMapU.o
 .data          0x0000000020200000        0x0 /tmp/cc0uUxu8.o
 .data          0x0000000020200000        0x0 /tmp/ccimZB8C.o
 .data          0x0000000020200000        0x0 /home/clbritheking/ti/mspm0_sdk_2_11_00_07/source/ti/driverlib/lib/gcc/m0p/mspm0g1x0x_g3x0x/driverlib.a(dl_common.o)
 .data          0x0000000020200000        0x0 /home/clbritheking/ti/mspm0_sdk_2_11_00_07/source/ti/driverlib/lib/gcc/m0p/mspm0g1x0x_g3x0x/driverlib.a(dl_timer.o)
 .data          0x0000000020200000        0x0 /usr/lib/gcc/arm-none-eabi/10.3.1/thumb/v6-m/nofp/libgcc.a(_udivsi3.o)
 .data          0x0000000020200000        0x0 /usr/lib/gcc/arm-none-eabi/10.3.1/thumb/v6-m/nofp/libgcc.a(_dvmd_tls.o)
 .data          0x0000000020200000        0x0 /usr/lib/gcc/arm-none-eabi/10.3.1/thumb/v6-m/nofp/libgcc.a(_aeabi_ldivmod.o)
 .data          0x0000000020200000        0x0 /usr/lib/gcc/arm-none-eabi/10.3.1/thumb/v6-m/nofp/libgcc.a(_aeabi_uldivmod.o)
 .data          0x0000000020200000        0x0 /usr/lib/gcc/arm-none-eabi/10.3.1/thumb/v6-m/nofp/libgcc.a(_muldi3.o)
 .data          0x0000000020200000        0x0 /usr/lib/gcc/arm-none-eabi/10.3.1/thumb/v6-m/nofp/libgcc.a(_udivmoddi4.o)
 .data          0x0000000020200000        0x0 /usr/lib/gcc/arm-none-eabi/10.3.1/thumb/v6-m/nofp/libgcc.a(bpabi.o)
 .data          0x0000000020200000        0x0 /usr/lib/gcc/arm-none-eabi/10.3.1/thumb/v6-m/nofp/libgcc.a(_clzdi2.o)
 .data          0x0000000020200000        0x0 /usr/lib/gcc/arm-none-eabi/10.3.1/thumb/v6-m/nofp/libgcc.a(_divdi3.o)
 .data          0x0000000020200000        0x0 /usr/lib/gcc/arm-none-eabi/10.3.1/thumb/v6-m/nofp/libgcc.a(_clzsi2.o)
 .data          0x0000000020200000        0x0 /usr/lib/gcc/arm-none-eabi/10.3.1/../../../arm-none-eabi/lib/thumb/v6-m/nofp/libg_nano.a(lib_a-init.o)
 .data          0x0000000020200000        0x0 /usr/lib/gcc/arm-none-eabi/10.3.1/../../../arm-none-eabi/lib/thumb/v6-m/nofp/libg_nano.a(lib_a-memcpy-stub.o)
 .data          0x0000000020200000        0x0 /usr/lib/gcc/arm-none-eabi/10.3.1/../../../arm-none-eabi/lib/thumb/v6-m/nofp/libg_nano.a(lib_a-memset.o)
 *(.data*)
                0x0000000020200000                . = ALIGN (0x8)
                0x0000000020200000                __data_end__ = .

.igot.plt       0x0000000020200000        0x0 load address 0x0000000000000da0
 .igot.plt      0x0000000020200000        0x0 /tmp/ccLIDybh.o

.bss            0x0000000020200000        0x8
                0x0000000020200000                __bss_start__ = .
 *(.shbss)
 *(.bss)
 .bss           0x0000000020200000        0x4 /tmp/ccLIDybh.o
                0x0000000020200000                g_msTicks
 .bss           0x0000000020200004        0x0 /tmp/ccRVMapU.o
 .bss           0x0000000020200004        0x0 /tmp/cc0uUxu8.o
 .bss           0x0000000020200004        0x0 /tmp/ccimZB8C.o
 .bss           0x0000000020200004        0x0 /home/clbritheking/ti/mspm0_sdk_2_11_00_07/source/ti/driverlib/lib/gcc/m0p/mspm0g1x0x_g3x0x/driverlib.a(dl_common.o)
 .bss           0x0000000020200004        0x0 /home/clbritheking/ti/mspm0_sdk_2_11_00_07/source/ti/driverlib/lib/gcc/m0p/mspm0g1x0x_g3x0x/driverlib.a(dl_timer.o)
 .bss           0x0000000020200004        0x0 /usr/lib/gcc/arm-none-eabi/10.3.1/thumb/v6-m/nofp/libgcc.a(_udivsi3.o)
 .bss           0x0000000020200004        0x0 /usr/lib/gcc/arm-none-eabi/10.3.1/thumb/v6-m/nofp/libgcc.a(_dvmd_tls.o)
 .bss           0x0000000020200004        0x0 /usr/lib/gcc/arm-none-eabi/10.3.1/thumb/v6-m/nofp/libgcc.a(_aeabi_ldivmod.o)
 .bss           0x0000000020200004        0x0 /usr/lib/gcc/arm-none-eabi/10.3.1/thumb/v6-m/nofp/libgcc.a(_aeabi_uldivmod.o)
 .bss           0x0000000020200004        0x0 /usr/lib/gcc/arm-none-eabi/10.3.1/thumb/v6-m/nofp/libgcc.a(_muldi3.o)
 .bss           0x0000000020200004        0x0 /usr/lib/gcc/arm-none-eabi/10.3.1/thumb/v6-m/nofp/libgcc.a(_udivmoddi4.o)
 .bss           0x0000000020200004        0x0 /usr/lib/gcc/arm-none-eabi/10.3.1/thumb/v6-m/nofp/libgcc.a(bpabi.o)
 .bss           0x0000000020200004        0x0 /usr/lib/gcc/arm-none-eabi/10.3.1/thumb/v6-m/nofp/libgcc.a(_clzdi2.o)
 .bss           0x0000000020200004        0x0 /usr/lib/gcc/arm-none-eabi/10.3.1/thumb/v6-m/nofp/libgcc.a(_divdi3.o)
 .bss           0x0000000020200004        0x0 /usr/lib/gcc/arm-none-eabi/10.3.1/thumb/v6-m/nofp/libgcc.a(_clzsi2.o)
 .bss           0x0000000020200004        0x0 /usr/lib/gcc/arm-none-eabi/10.3.1/../../../arm-none-eabi/lib/thumb/v6-m/nofp/libg_nano.a(lib_a-init.o)
 .bss           0x0000000020200004        0x0 /usr/lib/gcc/arm-none-eabi/10.3.1/../../../arm-none-eabi/lib/thumb/v6-m/nofp/libg_nano.a(lib_a-memcpy-stub.o)
 .bss           0x0000000020200004        0x0 /usr/lib/gcc/arm-none-eabi/10.3.1/../../../arm-none-eabi/lib/thumb/v6-m/nofp/libg_nano.a(lib_a-memset.o)
 *(.bss.*)
 *(COMMON)
                0x0000000020200008                . = ALIGN (0x8)
 *fill*         0x0000000020200004        0x4 
                0x0000000020200008                __bss_end__ = .

.noinit         0x0000000020200008        0x0
 *(*.noinit*)
                0x0000000020200008                . = ALIGN (0x8)

.heap           0x0000000020200008        0x0
                0x0000000020200008                __heap_start__ = .
                0x0000000020200008                end = __heap_start__
                0x0000000020200008                _end = end
                0x0000000020200008                __end = end
 *(.heap)
                0x0000000020200008                __heap_end__ = .
                0x0000000020200008                __HeapLimit = __heap_end__

.stack          0x0000000020200008        0x0
                0x0000000020200008                _stack = .
 *(.stack)

.BCRConfig
 *(.BCRConfig)

.BSLConfig
 *(.BSLConfig)
                0x0000000020208000                __StackTop = (ORIGIN (REGION_STACK) + LENGTH (REGION_STACK))
                [!provide]                        PROVIDE (__stack = __StackTop)
OUTPUT(firmware.elf elf32-littlearm)
LOAD linker stubs

.debug_info     0x0000000000000000    0x2146a
 .debug_info    0x0000000000000000     0x588b /tmp/ccLIDybh.o
 .debug_info    0x000000000000588b     0x5aed /tmp/ccRVMapU.o
 .debug_info    0x000000000000b378     0x6457 /tmp/cc0uUxu8.o
 .debug_info    0x00000000000117cf      0x1fc /tmp/ccimZB8C.o
 .debug_info    0x00000000000119cb     0x561b /home/clbritheking/ti/mspm0_sdk_2_11_00_07/source/ti/driverlib/lib/gcc/m0p/mspm0g1x0x_g3x0x/driverlib.a(dl_common.o)
 .debug_info    0x0000000000016fe6     0x9259 /home/clbritheking/ti/mspm0_sdk_2_11_00_07/source/ti/driverlib/lib/gcc/m0p/mspm0g1x0x_g3x0x/driverlib.a(dl_timer.o)
 .debug_info    0x000000000002023f       0x26 /usr/lib/gcc/arm-none-eabi/10.3.1/thumb/v6-m/nofp/libgcc.a(_udivsi3.o)
 .debug_info    0x0000000000020265       0x26 /usr/lib/gcc/arm-none-eabi/10.3.1/thumb/v6-m/nofp/libgcc.a(_dvmd_tls.o)
 .debug_info    0x000000000002028b       0x26 /usr/lib/gcc/arm-none-eabi/10.3.1/thumb/v6-m/nofp/libgcc.a(_aeabi_ldivmod.o)
 .debug_info    0x00000000000202b1       0x26 /usr/lib/gcc/arm-none-eabi/10.3.1/thumb/v6-m/nofp/libgcc.a(_aeabi_uldivmod.o)
 .debug_info    0x00000000000202d7      0x431 /usr/lib/gcc/arm-none-eabi/10.3.1/thumb/v6-m/nofp/libgcc.a(_muldi3.o)
 .debug_info    0x0000000000020708      0x39f /usr/lib/gcc/arm-none-eabi/10.3.1/thumb/v6-m/nofp/libgcc.a(_udivmoddi4.o)
 .debug_info    0x0000000000020aa7       0xe4 /usr/lib/gcc/arm-none-eabi/10.3.1/thumb/v6-m/nofp/libgcc.a(bpabi.o)
 .debug_info    0x0000000000020b8b       0x26 /usr/lib/gcc/arm-none-eabi/10.3.1/thumb/v6-m/nofp/libgcc.a(_clzdi2.o)
 .debug_info    0x0000000000020bb1      0x4e0 /usr/lib/gcc/arm-none-eabi/10.3.1/thumb/v6-m/nofp/libgcc.a(_divdi3.o)
 .debug_info    0x0000000000021091       0x26 /usr/lib/gcc/arm-none-eabi/10.3.1/thumb/v6-m/nofp/libgcc.a(_clzsi2.o)
 .debug_info    0x00000000000210b7      0x11a /usr/lib/gcc/arm-none-eabi/10.3.1/../../../arm-none-eabi/lib/thumb/v6-m/nofp/libg_nano.a(lib_a-init.o)
 .debug_info    0x00000000000211d1      0x15c /usr/lib/gcc/arm-none-eabi/10.3.1/../../../arm-none-eabi/lib/thumb/v6-m/nofp/libg_nano.a(lib_a-memcpy-stub.o)
 .debug_info    0x000000000002132d      0x13d /usr/lib/gcc/arm-none-eabi/10.3.1/../../../arm-none-eabi/lib/thumb/v6-m/nofp/libg_nano.a(lib_a-memset.o)

.debug_abbrev   0x0000000000000000     0x169b
 .debug_abbrev  0x0000000000000000      0x2bc /tmp/ccLIDybh.o
 .debug_abbrev  0x00000000000002bc      0x2dc /tmp/ccRVMapU.o
 .debug_abbrev  0x0000000000000598      0x306 /tmp/cc0uUxu8.o
 .debug_abbrev  0x000000000000089e      0x12d /tmp/ccimZB8C.o
 .debug_abbrev  0x00000000000009cb      0x166 /home/clbritheking/ti/mspm0_sdk_2_11_00_07/source/ti/driverlib/lib/gcc/m0p/mspm0g1x0x_g3x0x/driverlib.a(dl_common.o)
 .debug_abbrev  0x0000000000000b31      0x3dd /home/clbritheking/ti/mspm0_sdk_2_11_00_07/source/ti/driverlib/lib/gcc/m0p/mspm0g1x0x_g3x0x/driverlib.a(dl_timer.o)
 .debug_abbrev  0x0000000000000f0e       0x14 /usr/lib/gcc/arm-none-eabi/10.3.1/thumb/v6-m/nofp/libgcc.a(_udivsi3.o)
 .debug_abbrev  0x0000000000000f22       0x14 /usr/lib/gcc/arm-none-eabi/10.3.1/thumb/v6-m/nofp/libgcc.a(_dvmd_tls.o)
 .debug_abbrev  0x0000000000000f36       0x14 /usr/lib/gcc/arm-none-eabi/10.3.1/thumb/v6-m/nofp/libgcc.a(_aeabi_ldivmod.o)
 .debug_abbrev  0x0000000000000f4a       0x14 /usr/lib/gcc/arm-none-eabi/10.3.1/thumb/v6-m/nofp/libgcc.a(_aeabi_uldivmod.o)
 .debug_abbrev  0x0000000000000f5e      0x13b /usr/lib/gcc/arm-none-eabi/10.3.1/thumb/v6-m/nofp/libgcc.a(_muldi3.o)
 .debug_abbrev  0x0000000000001099      0x11b /usr/lib/gcc/arm-none-eabi/10.3.1/thumb/v6-m/nofp/libgcc.a(_udivmoddi4.o)
 .debug_abbrev  0x00000000000011b4       0xc3 /usr/lib/gcc/arm-none-eabi/10.3.1/thumb/v6-m/nofp/libgcc.a(bpabi.o)
 .debug_abbrev  0x0000000000001277       0x14 /usr/lib/gcc/arm-none-eabi/10.3.1/thumb/v6-m/nofp/libgcc.a(_clzdi2.o)
 .debug_abbrev  0x000000000000128b      0x1b5 /usr/lib/gcc/arm-none-eabi/10.3.1/thumb/v6-m/nofp/libgcc.a(_divdi3.o)
 .debug_abbrev  0x0000000000001440       0x14 /usr/lib/gcc/arm-none-eabi/10.3.1/thumb/v6-m/nofp/libgcc.a(_clzsi2.o)
 .debug_abbrev  0x0000000000001454       0xcc /usr/lib/gcc/arm-none-eabi/10.3.1/../../../arm-none-eabi/lib/thumb/v6-m/nofp/libg_nano.a(lib_a-init.o)
 .debug_abbrev  0x0000000000001520       0xc7 /usr/lib/gcc/arm-none-eabi/10.3.1/../../../arm-none-eabi/lib/thumb/v6-m/nofp/libg_nano.a(lib_a-memcpy-stub.o)
 .debug_abbrev  0x00000000000015e7       0xb4 /usr/lib/gcc/arm-none-eabi/10.3.1/../../../arm-none-eabi/lib/thumb/v6-m/nofp/libg_nano.a(lib_a-memset.o)

.debug_loc      0x0000000000000000     0x4d35
 .debug_loc     0x0000000000000000       0xfb /tmp/ccLIDybh.o
 .debug_loc     0x00000000000000fb      0x325 /tmp/ccRVMapU.o
 .debug_loc     0x0000000000000420      0x460 /tmp/cc0uUxu8.o
 .debug_loc     0x0000000000000880     0x3114 /home/clbritheking/ti/mspm0_sdk_2_11_00_07/source/ti/driverlib/lib/gcc/m0p/mspm0g1x0x_g3x0x/driverlib.a(dl_timer.o)
 .debug_loc     0x0000000000003994      0x1c7 /usr/lib/gcc/arm-none-eabi/10.3.1/thumb/v6-m/nofp/libgcc.a(_muldi3.o)
 .debug_loc     0x0000000000003b5b      0x3d3 /usr/lib/gcc/arm-none-eabi/10.3.1/thumb/v6-m/nofp/libgcc.a(_udivmoddi4.o)
 .debug_loc     0x0000000000003f2e       0xcc /usr/lib/gcc/arm-none-eabi/10.3.1/thumb/v6-m/nofp/libgcc.a(bpabi.o)
 .debug_loc     0x0000000000003ffa      0x5a9 /usr/lib/gcc/arm-none-eabi/10.3.1/thumb/v6-m/nofp/libgcc.a(_divdi3.o)
 .debug_loc     0x00000000000045a3       0x98 /usr/lib/gcc/arm-none-eabi/10.3.1/../../../arm-none-eabi/lib/thumb/v6-m/nofp/libg_nano.a(lib_a-init.o)
 .debug_loc     0x000000000000463b      0x457 /usr/lib/gcc/arm-none-eabi/10.3.1/../../../arm-none-eabi/lib/thumb/v6-m/nofp/libg_nano.a(lib_a-memcpy-stub.o)
 .debug_loc     0x0000000000004a92      0x2a3 /usr/lib/gcc/arm-none-eabi/10.3.1/../../../arm-none-eabi/lib/thumb/v6-m/nofp/libg_nano.a(lib_a-memset.o)

.debug_aranges  0x0000000000000000      0x3d8
 .debug_aranges
                0x0000000000000000       0x28 /tmp/ccLIDybh.o
 .debug_aranges
                0x0000000000000028       0x20 /tmp/ccRVMapU.o
 .debug_aranges
                0x0000000000000048       0x20 /tmp/cc0uUxu8.o
 .debug_aranges
                0x0000000000000068       0x20 /tmp/ccimZB8C.o
 .debug_aranges
                0x0000000000000088       0x20 /home/clbritheking/ti/mspm0_sdk_2_11_00_07/source/ti/driverlib/lib/gcc/m0p/mspm0g1x0x_g3x0x/driverlib.a(dl_common.o)
 .debug_aranges
                0x00000000000000a8      0x190 /home/clbritheking/ti/mspm0_sdk_2_11_00_07/source/ti/driverlib/lib/gcc/m0p/mspm0g1x0x_g3x0x/driverlib.a(dl_timer.o)
 .debug_aranges
                0x0000000000000238       0x20 /usr/lib/gcc/arm-none-eabi/10.3.1/thumb/v6-m/nofp/libgcc.a(_udivsi3.o)
 .debug_aranges
                0x0000000000000258       0x20 /usr/lib/gcc/arm-none-eabi/10.3.1/thumb/v6-m/nofp/libgcc.a(_dvmd_tls.o)
 .debug_aranges
                0x0000000000000278       0x20 /usr/lib/gcc/arm-none-eabi/10.3.1/thumb/v6-m/nofp/libgcc.a(_aeabi_ldivmod.o)
 .debug_aranges
                0x0000000000000298       0x20 /usr/lib/gcc/arm-none-eabi/10.3.1/thumb/v6-m/nofp/libgcc.a(_aeabi_uldivmod.o)
 .debug_aranges
                0x00000000000002b8       0x20 /usr/lib/gcc/arm-none-eabi/10.3.1/thumb/v6-m/nofp/libgcc.a(_muldi3.o)
 .debug_aranges
                0x00000000000002d8       0x20 /usr/lib/gcc/arm-none-eabi/10.3.1/thumb/v6-m/nofp/libgcc.a(_udivmoddi4.o)
 .debug_aranges
                0x00000000000002f8       0x20 /usr/lib/gcc/arm-none-eabi/10.3.1/thumb/v6-m/nofp/libgcc.a(bpabi.o)
 .debug_aranges
                0x0000000000000318       0x20 /usr/lib/gcc/arm-none-eabi/10.3.1/thumb/v6-m/nofp/libgcc.a(_clzdi2.o)
 .debug_aranges
                0x0000000000000338       0x20 /usr/lib/gcc/arm-none-eabi/10.3.1/thumb/v6-m/nofp/libgcc.a(_divdi3.o)
 .debug_aranges
                0x0000000000000358       0x20 /usr/lib/gcc/arm-none-eabi/10.3.1/thumb/v6-m/nofp/libgcc.a(_clzsi2.o)
 .debug_aranges
                0x0000000000000378       0x20 /usr/lib/gcc/arm-none-eabi/10.3.1/../../../arm-none-eabi/lib/thumb/v6-m/nofp/libg_nano.a(lib_a-init.o)
 .debug_aranges
                0x0000000000000398       0x20 /usr/lib/gcc/arm-none-eabi/10.3.1/../../../arm-none-eabi/lib/thumb/v6-m/nofp/libg_nano.a(lib_a-memcpy-stub.o)
 .debug_aranges
                0x00000000000003b8       0x20 /usr/lib/gcc/arm-none-eabi/10.3.1/../../../arm-none-eabi/lib/thumb/v6-m/nofp/libg_nano.a(lib_a-memset.o)

.debug_ranges   0x0000000000000000      0xbb0
 .debug_ranges  0x0000000000000000       0xa0 /tmp/ccLIDybh.o
 .debug_ranges  0x00000000000000a0       0x90 /tmp/ccRVMapU.o
 .debug_ranges  0x0000000000000130      0x170 /tmp/cc0uUxu8.o
 .debug_ranges  0x00000000000002a0       0x10 /home/clbritheking/ti/mspm0_sdk_2_11_00_07/source/ti/driverlib/lib/gcc/m0p/mspm0g1x0x_g3x0x/driverlib.a(dl_common.o)
 .debug_ranges  0x00000000000002b0      0x8b0 /home/clbritheking/ti/mspm0_sdk_2_11_00_07/source/ti/driverlib/lib/gcc/m0p/mspm0g1x0x_g3x0x/driverlib.a(dl_timer.o)
 .debug_ranges  0x0000000000000b60       0x30 /usr/lib/gcc/arm-none-eabi/10.3.1/thumb/v6-m/nofp/libgcc.a(_muldi3.o)
 .debug_ranges  0x0000000000000b90       0x20 /usr/lib/gcc/arm-none-eabi/10.3.1/thumb/v6-m/nofp/libgcc.a(_divdi3.o)

.debug_line     0x0000000000000000     0x493e
 .debug_line    0x0000000000000000      0x5ac /tmp/ccLIDybh.o
 .debug_line    0x00000000000005ac      0x51a /tmp/ccRVMapU.o
 .debug_line    0x0000000000000ac6      0x750 /tmp/cc0uUxu8.o
 .debug_line    0x0000000000001216      0x159 /tmp/ccimZB8C.o
 .debug_line    0x000000000000136f      0x427 /home/clbritheking/ti/mspm0_sdk_2_11_00_07/source/ti/driverlib/lib/gcc/m0p/mspm0g1x0x_g3x0x/driverlib.a(dl_common.o)
 .debug_line    0x0000000000001796     0x24f6 /home/clbritheking/ti/mspm0_sdk_2_11_00_07/source/ti/driverlib/lib/gcc/m0p/mspm0g1x0x_g3x0x/driverlib.a(dl_timer.o)
 .debug_line    0x0000000000003c8c       0x6c /usr/lib/gcc/arm-none-eabi/10.3.1/thumb/v6-m/nofp/libgcc.a(_udivsi3.o)
 .debug_line    0x0000000000003cf8       0x60 /usr/lib/gcc/arm-none-eabi/10.3.1/thumb/v6-m/nofp/libgcc.a(_dvmd_tls.o)
 .debug_line    0x0000000000003d58       0x6b /usr/lib/gcc/arm-none-eabi/10.3.1/thumb/v6-m/nofp/libgcc.a(_aeabi_ldivmod.o)
 .debug_line    0x0000000000003dc3       0x6b /usr/lib/gcc/arm-none-eabi/10.3.1/thumb/v6-m/nofp/libgcc.a(_aeabi_uldivmod.o)
 .debug_line    0x0000000000003e2e      0x12e /usr/lib/gcc/arm-none-eabi/10.3.1/thumb/v6-m/nofp/libgcc.a(_muldi3.o)
 .debug_line    0x0000000000003f5c      0x1c2 /usr/lib/gcc/arm-none-eabi/10.3.1/thumb/v6-m/nofp/libgcc.a(_udivmoddi4.o)
 .debug_line    0x000000000000411e       0x8c /usr/lib/gcc/arm-none-eabi/10.3.1/thumb/v6-m/nofp/libgcc.a(bpabi.o)
 .debug_line    0x00000000000041aa       0x6a /usr/lib/gcc/arm-none-eabi/10.3.1/thumb/v6-m/nofp/libgcc.a(_clzdi2.o)
 .debug_line    0x0000000000004214      0x20c /usr/lib/gcc/arm-none-eabi/10.3.1/thumb/v6-m/nofp/libgcc.a(_divdi3.o)
 .debug_line    0x0000000000004420       0x74 /usr/lib/gcc/arm-none-eabi/10.3.1/thumb/v6-m/nofp/libgcc.a(_clzsi2.o)
 .debug_line    0x0000000000004494      0x127 /usr/lib/gcc/arm-none-eabi/10.3.1/../../../arm-none-eabi/lib/thumb/v6-m/nofp/libg_nano.a(lib_a-init.o)
 .debug_line    0x00000000000045bb      0x1b5 /usr/lib/gcc/arm-none-eabi/10.3.1/../../../arm-none-eabi/lib/thumb/v6-m/nofp/libg_nano.a(lib_a-memcpy-stub.o)
 .debug_line    0x0000000000004770      0x1ce /usr/lib/gcc/arm-none-eabi/10.3.1/../../../arm-none-eabi/lib/thumb/v6-m/nofp/libg_nano.a(lib_a-memset.o)

.debug_str      0x0000000000000000     0x4db1
 .debug_str     0x0000000000000000     0x1abb /tmp/ccLIDybh.o
                                       0x1bb4 (size before relaxing)
 .debug_str     0x0000000000001abb      0x18b /tmp/ccRVMapU.o
                                       0x1c5f (size before relaxing)
 .debug_str     0x0000000000001c46      0xea0 /tmp/cc0uUxu8.o
                                       0x29bc (size before relaxing)
 .debug_str     0x0000000000002ae6      0x181 /tmp/ccimZB8C.o
                                        0x2cf (size before relaxing)
 .debug_str     0x0000000000002c67      0x1ac /home/clbritheking/ti/mspm0_sdk_2_11_00_07/source/ti/driverlib/lib/gcc/m0p/mspm0g1x0x_g3x0x/driverlib.a(dl_common.o)
                                       0x1b32 (size before relaxing)
 .debug_str     0x0000000000002e13     0x15af /home/clbritheking/ti/mspm0_sdk_2_11_00_07/source/ti/driverlib/lib/gcc/m0p/mspm0g1x0x_g3x0x/driverlib.a(dl_timer.o)
                                       0x36ea (size before relaxing)
 .debug_str     0x00000000000043c2       0xa6 /usr/lib/gcc/arm-none-eabi/10.3.1/thumb/v6-m/nofp/libgcc.a(_udivsi3.o)
 .debug_str     0x0000000000004468       0xa6 /usr/lib/gcc/arm-none-eabi/10.3.1/thumb/v6-m/nofp/libgcc.a(_dvmd_tls.o)
 .debug_str     0x0000000000004468       0x30 /usr/lib/gcc/arm-none-eabi/10.3.1/thumb/v6-m/nofp/libgcc.a(_aeabi_ldivmod.o)
                                         0xa6 (size before relaxing)
 .debug_str     0x0000000000004498       0xa6 /usr/lib/gcc/arm-none-eabi/10.3.1/thumb/v6-m/nofp/libgcc.a(_aeabi_uldivmod.o)
 .debug_str     0x0000000000004498      0x528 /usr/lib/gcc/arm-none-eabi/10.3.1/thumb/v6-m/nofp/libgcc.a(_muldi3.o)
                                        0x62c (size before relaxing)
 .debug_str     0x00000000000049c0       0xd2 /usr/lib/gcc/arm-none-eabi/10.3.1/thumb/v6-m/nofp/libgcc.a(_udivmoddi4.o)
                                        0x602 (size before relaxing)
 .debug_str     0x0000000000004a92       0x5d /usr/lib/gcc/arm-none-eabi/10.3.1/thumb/v6-m/nofp/libgcc.a(bpabi.o)
                                        0x1a0 (size before relaxing)
 .debug_str     0x0000000000004aef       0xa6 /usr/lib/gcc/arm-none-eabi/10.3.1/thumb/v6-m/nofp/libgcc.a(_clzdi2.o)
 .debug_str     0x0000000000004aef      0x62f /usr/lib/gcc/arm-none-eabi/10.3.1/thumb/v6-m/nofp/libgcc.a(_divdi3.o)
 .debug_str     0x0000000000004aef       0xa6 /usr/lib/gcc/arm-none-eabi/10.3.1/thumb/v6-m/nofp/libgcc.a(_clzsi2.o)
 .debug_str     0x0000000000004aef      0x151 /usr/lib/gcc/arm-none-eabi/10.3.1/../../../arm-none-eabi/lib/thumb/v6-m/nofp/libg_nano.a(lib_a-init.o)
                                        0x204 (size before relaxing)
 .debug_str     0x0000000000004c40       0xcb /usr/lib/gcc/arm-none-eabi/10.3.1/../../../arm-none-eabi/lib/thumb/v6-m/nofp/libg_nano.a(lib_a-memcpy-stub.o)
                                        0x1de (size before relaxing)
 .debug_str     0x0000000000004d0b       0xa6 /usr/lib/gcc/arm-none-eabi/10.3.1/../../../arm-none-eabi/lib/thumb/v6-m/nofp/libg_nano.a(lib_a-memset.o)
                                        0x1b9 (size before relaxing)

.comment        0x0000000000000000       0xac
 .comment       0x0000000000000000       0x33 /tmp/ccLIDybh.o
                                         0x34 (size before relaxing)
 .comment       0x0000000000000033       0x34 /tmp/ccRVMapU.o
 .comment       0x0000000000000033       0x34 /tmp/cc0uUxu8.o
 .comment       0x0000000000000033       0x34 /tmp/ccimZB8C.o
 .comment       0x0000000000000033       0x79 /home/clbritheking/ti/mspm0_sdk_2_11_00_07/source/ti/driverlib/lib/gcc/m0p/mspm0g1x0x_g3x0x/driverlib.a(dl_common.o)
                                         0x7a (size before relaxing)
 .comment       0x00000000000000ac       0x7a /home/clbritheking/ti/mspm0_sdk_2_11_00_07/source/ti/driverlib/lib/gcc/m0p/mspm0g1x0x_g3x0x/driverlib.a(dl_timer.o)
 .comment       0x00000000000000ac       0x34 /usr/lib/gcc/arm-none-eabi/10.3.1/thumb/v6-m/nofp/libgcc.a(_muldi3.o)
 .comment       0x00000000000000ac       0x34 /usr/lib/gcc/arm-none-eabi/10.3.1/thumb/v6-m/nofp/libgcc.a(_udivmoddi4.o)
 .comment       0x00000000000000ac       0x34 /usr/lib/gcc/arm-none-eabi/10.3.1/thumb/v6-m/nofp/libgcc.a(bpabi.o)
 .comment       0x00000000000000ac       0x34 /usr/lib/gcc/arm-none-eabi/10.3.1/thumb/v6-m/nofp/libgcc.a(_divdi3.o)
 .comment       0x00000000000000ac       0x34 /usr/lib/gcc/arm-none-eabi/10.3.1/../../../arm-none-eabi/lib/thumb/v6-m/nofp/libg_nano.a(lib_a-init.o)
 .comment       0x00000000000000ac       0x34 /usr/lib/gcc/arm-none-eabi/10.3.1/../../../arm-none-eabi/lib/thumb/v6-m/nofp/libg_nano.a(lib_a-memcpy-stub.o)
 .comment       0x00000000000000ac       0x34 /usr/lib/gcc/arm-none-eabi/10.3.1/../../../arm-none-eabi/lib/thumb/v6-m/nofp/libg_nano.a(lib_a-memset.o)

.ARM.attributes
                0x0000000000000000       0x2c
 .ARM.attributes
                0x0000000000000000       0x2c /tmp/ccLIDybh.o
 .ARM.attributes
                0x000000000000002c       0x2c /tmp/ccRVMapU.o
 .ARM.attributes
                0x0000000000000058       0x2c /tmp/cc0uUxu8.o
 .ARM.attributes
                0x0000000000000084       0x2c /tmp/ccimZB8C.o
 .ARM.attributes
                0x00000000000000b0       0x2b /home/clbritheking/ti/mspm0_sdk_2_11_00_07/source/ti/driverlib/lib/gcc/m0p/mspm0g1x0x_g3x0x/driverlib.a(dl_common.o)
 .ARM.attributes
                0x00000000000000db       0x2b /home/clbritheking/ti/mspm0_sdk_2_11_00_07/source/ti/driverlib/lib/gcc/m0p/mspm0g1x0x_g3x0x/driverlib.a(dl_timer.o)
 .ARM.attributes
                0x0000000000000106       0x1e /usr/lib/gcc/arm-none-eabi/10.3.1/thumb/v6-m/nofp/libgcc.a(_udivsi3.o)
 .ARM.attributes
                0x0000000000000124       0x1e /usr/lib/gcc/arm-none-eabi/10.3.1/thumb/v6-m/nofp/libgcc.a(_dvmd_tls.o)
 .ARM.attributes
                0x0000000000000142       0x1e /usr/lib/gcc/arm-none-eabi/10.3.1/thumb/v6-m/nofp/libgcc.a(_aeabi_ldivmod.o)
 .ARM.attributes
                0x0000000000000160       0x1e /usr/lib/gcc/arm-none-eabi/10.3.1/thumb/v6-m/nofp/libgcc.a(_aeabi_uldivmod.o)
 .ARM.attributes
                0x000000000000017e       0x2c /usr/lib/gcc/arm-none-eabi/10.3.1/thumb/v6-m/nofp/libgcc.a(_muldi3.o)
 .ARM.attributes
                0x00000000000001aa       0x2c /usr/lib/gcc/arm-none-eabi/10.3.1/thumb/v6-m/nofp/libgcc.a(_udivmoddi4.o)
 .ARM.attributes
                0x00000000000001d6       0x2c /usr/lib/gcc/arm-none-eabi/10.3.1/thumb/v6-m/nofp/libgcc.a(bpabi.o)
 .ARM.attributes
                0x0000000000000202       0x1e /usr/lib/gcc/arm-none-eabi/10.3.1/thumb/v6-m/nofp/libgcc.a(_clzdi2.o)
 .ARM.attributes
                0x0000000000000220       0x2c /usr/lib/gcc/arm-none-eabi/10.3.1/thumb/v6-m/nofp/libgcc.a(_divdi3.o)
 .ARM.attributes
                0x000000000000024c       0x1e /usr/lib/gcc/arm-none-eabi/10.3.1/thumb/v6-m/nofp/libgcc.a(_clzsi2.o)
 .ARM.attributes
                0x000000000000026a       0x2c /usr/lib/gcc/arm-none-eabi/10.3.1/../../../arm-none-eabi/lib/thumb/v6-m/nofp/libg_nano.a(lib_a-init.o)
 .ARM.attributes
                0x0000000000000296       0x2c /usr/lib/gcc/arm-none-eabi/10.3.1/../../../arm-none-eabi/lib/thumb/v6-m/nofp/libg_nano.a(lib_a-memcpy-stub.o)
 .ARM.attributes
                0x00000000000002c2       0x2c /usr/lib/gcc/arm-none-eabi/10.3.1/../../../arm-none-eabi/lib/thumb/v6-m/nofp/libg_nano.a(lib_a-memset.o)

.debug_frame    0x0000000000000000      0x724
 .debug_frame   0x0000000000000000       0x40 /tmp/ccLIDybh.o
 .debug_frame   0x0000000000000040       0x8c /tmp/ccRVMapU.o
 .debug_frame   0x00000000000000cc       0x88 /tmp/cc0uUxu8.o
 .debug_frame   0x0000000000000154       0x48 /tmp/ccimZB8C.o
 .debug_frame   0x000000000000019c       0x20 /home/clbritheking/ti/mspm0_sdk_2_11_00_07/source/ti/driverlib/lib/gcc/m0p/mspm0g1x0x_g3x0x/driverlib.a(dl_common.o)
 .debug_frame   0x00000000000001bc      0x3d4 /home/clbritheking/ti/mspm0_sdk_2_11_00_07/source/ti/driverlib/lib/gcc/m0p/mspm0g1x0x_g3x0x/driverlib.a(dl_timer.o)
 .debug_frame   0x0000000000000590       0x20 /usr/lib/gcc/arm-none-eabi/10.3.1/thumb/v6-m/nofp/libgcc.a(_udivsi3.o)
 .debug_frame   0x00000000000005b0       0x34 /usr/lib/gcc/arm-none-eabi/10.3.1/thumb/v6-m/nofp/libgcc.a(_muldi3.o)
 .debug_frame   0x00000000000005e4       0x3c /usr/lib/gcc/arm-none-eabi/10.3.1/thumb/v6-m/nofp/libgcc.a(_udivmoddi4.o)
 .debug_frame   0x0000000000000620       0x38 /usr/lib/gcc/arm-none-eabi/10.3.1/thumb/v6-m/nofp/libgcc.a(bpabi.o)
 .debug_frame   0x0000000000000658       0x3c /usr/lib/gcc/arm-none-eabi/10.3.1/thumb/v6-m/nofp/libgcc.a(_divdi3.o)
 .debug_frame   0x0000000000000694       0x2c /usr/lib/gcc/arm-none-eabi/10.3.1/../../../arm-none-eabi/lib/thumb/v6-m/nofp/libg_nano.a(lib_a-init.o)
 .debug_frame   0x00000000000006c0       0x34 /usr/lib/gcc/arm-none-eabi/10.3.1/../../../arm-none-eabi/lib/thumb/v6-m/nofp/libg_nano.a(lib_a-memcpy-stub.o)
 .debug_frame   0x00000000000006f4       0x30 /usr/lib/gcc/arm-none-eabi/10.3.1/../../../arm-none-eabi/lib/thumb/v6-m/nofp/libg_nano.a(lib_a-memset.o)
