Archive member included to satisfy reference by file (symbol)

/home/clbritheking/ti/mspm0_sdk_2_11_00_07/source/ti/driverlib/lib/gcc/m0p/mspm0g1x0x_g3x0x/driverlib.a(dl_common.o)
                              /tmp/cc1Mr7xf.o (DL_Common_delayCycles)
/home/clbritheking/ti/mspm0_sdk_2_11_00_07/source/ti/driverlib/lib/gcc/m0p/mspm0g1x0x_g3x0x/driverlib.a(dl_i2c.o)
                              /tmp/ccCJCerD.o (DL_I2C_setClockConfig)
/usr/lib/gcc/arm-none-eabi/10.3.1/../../../arm-none-eabi/lib/thumb/v6-m/nofp/libg_nano.a(lib_a-init.o)
                              /tmp/ccXriNFb.o (__libc_init_array)
/usr/lib/gcc/arm-none-eabi/10.3.1/../../../arm-none-eabi/lib/thumb/v6-m/nofp/libg_nano.a(lib_a-memcpy-stub.o)
                              /tmp/ccXriNFb.o (memcpy)
/usr/lib/gcc/arm-none-eabi/10.3.1/../../../arm-none-eabi/lib/thumb/v6-m/nofp/libg_nano.a(lib_a-memset.o)
                              /tmp/ccXriNFb.o (memset)

Discarded input sections

 .text.DL_I2C_getClockConfig
                0x0000000000000000       0x1c /home/clbritheking/ti/mspm0_sdk_2_11_00_07/source/ti/driverlib/lib/gcc/m0p/mspm0g1x0x_g3x0x/driverlib.a(dl_i2c.o)
 .text.DL_I2C_flushControllerTXFIFO
                0x0000000000000000       0x34 /home/clbritheking/ti/mspm0_sdk_2_11_00_07/source/ti/driverlib/lib/gcc/m0p/mspm0g1x0x_g3x0x/driverlib.a(dl_i2c.o)
 .text.DL_I2C_flushControllerRXFIFO
                0x0000000000000000       0x30 /home/clbritheking/ti/mspm0_sdk_2_11_00_07/source/ti/driverlib/lib/gcc/m0p/mspm0g1x0x_g3x0x/driverlib.a(dl_i2c.o)
 .text.DL_I2C_fillTargetTXFIFO
                0x0000000000000000       0x4c /home/clbritheking/ti/mspm0_sdk_2_11_00_07/source/ti/driverlib/lib/gcc/m0p/mspm0g1x0x_g3x0x/driverlib.a(dl_i2c.o)
 .text.DL_I2C_flushTargetTXFIFO
                0x0000000000000000       0x34 /home/clbritheking/ti/mspm0_sdk_2_11_00_07/source/ti/driverlib/lib/gcc/m0p/mspm0g1x0x_g3x0x/driverlib.a(dl_i2c.o)
 .text.DL_I2C_flushTargetRXFIFO
                0x0000000000000000       0x30 /home/clbritheking/ti/mspm0_sdk_2_11_00_07/source/ti/driverlib/lib/gcc/m0p/mspm0g1x0x_g3x0x/driverlib.a(dl_i2c.o)
 .text.DL_I2C_transmitTargetDataBlocking
                0x0000000000000000       0x24 /home/clbritheking/ti/mspm0_sdk_2_11_00_07/source/ti/driverlib/lib/gcc/m0p/mspm0g1x0x_g3x0x/driverlib.a(dl_i2c.o)
 .text.DL_I2C_transmitTargetDataCheck
                0x0000000000000000       0x24 /home/clbritheking/ti/mspm0_sdk_2_11_00_07/source/ti/driverlib/lib/gcc/m0p/mspm0g1x0x_g3x0x/driverlib.a(dl_i2c.o)
 .text.DL_I2C_receiveTargetDataBlocking
                0x0000000000000000       0x18 /home/clbritheking/ti/mspm0_sdk_2_11_00_07/source/ti/driverlib/lib/gcc/m0p/mspm0g1x0x_g3x0x/driverlib.a(dl_i2c.o)
 .text.DL_I2C_receiveTargetDataCheck
                0x0000000000000000       0x1c /home/clbritheking/ti/mspm0_sdk_2_11_00_07/source/ti/driverlib/lib/gcc/m0p/mspm0g1x0x_g3x0x/driverlib.a(dl_i2c.o)

Memory Configuration

Name             Origin             Length             Attributes
FLASH            0x0000000000000000 0x0000000000020000 xr
SRAM             0x0000000020200000 0x0000000000008000 xrw
BCR_CONFIG       0x0000000041c00000 0x00000000000000ff r
BSL_CONFIG       0x0000000041c00100 0x0000000000000080 r
*default*        0x0000000000000000 0xffffffffffffffff

Linker script and memory map

LOAD /tmp/cc1Mr7xf.o
LOAD /tmp/ccCJCerD.o
LOAD /tmp/ccXriNFb.o
LOAD /home/clbritheking/ti/mspm0_sdk_2_11_00_07/source/ti/driverlib/lib/gcc/m0p/mspm0g1x0x_g3x0x/driverlib.a
START GROUP
LOAD /usr/lib/gcc/arm-none-eabi/10.3.1/thumb/v6-m/nofp/libgcc.a
LOAD /usr/lib/gcc/arm-none-eabi/10.3.1/../../../arm-none-eabi/lib/thumb/v6-m/nofp/libg_nano.a
LOAD /usr/lib/gcc/arm-none-eabi/10.3.1/../../../arm-none-eabi/lib/thumb/v6-m/nofp/libc_nano.a
END GROUP
START GROUP
LOAD /usr/lib/gcc/arm-none-eabi/10.3.1/thumb/v6-m/nofp/libgcc.a
LOAD /usr/lib/gcc/arm-none-eabi/10.3.1/../../../arm-none-eabi/lib/thumb/v6-m/nofp/libc_nano.a
LOAD /usr/lib/gcc/arm-none-eabi/10.3.1/../../../arm-none-eabi/lib/thumb/v6-m/nofp/libnosys.a
END GROUP
START GROUP
LOAD /usr/lib/gcc/arm-none-eabi/10.3.1/thumb/v6-m/nofp/libgcc.a
LOAD /usr/lib/gcc/arm-none-eabi/10.3.1/../../../arm-none-eabi/lib/thumb/v6-m/nofp/libc_nano.a
LOAD /usr/lib/gcc/arm-none-eabi/10.3.1/../../../arm-none-eabi/lib/thumb/v6-m/nofp/libnosys.a
END GROUP
                0x0000000000000000                _Min_Heap_Size = 0x0
                0x0000000000000080                _Min_Stack_Size = 0x80
                0x0000000000000000                PROVIDE (_intvecs_base_address = DEFINED (_intvecs_base_address)?_intvecs_base_address:0x0)

.intvecs        0x0000000000000000       0xc0
 *(.intvecs)
 .intvecs       0x0000000000000000       0xc0 /tmp/ccXriNFb.o
                0x0000000000000000                interruptVectors
                0x0000000020200000                PROVIDE (_vtable_base_address = DEFINED (_vtable_base_address)?_vtable_base_address:0x20200000)

.vtable
 *(.vtable)

.text           0x00000000000000c0      0x578
 CREATE_OBJECT_SYMBOLS
 *(.text)
 .text          0x00000000000000c0       0x90 /tmp/cc1Mr7xf.o
                0x00000000000000c0                OLED_SendCommand
 .text          0x0000000000000150      0x128 /tmp/ccCJCerD.o
                0x0000000000000150                SYSCFG_DL_initPower
                0x000000000000018c                SYSCFG_DL_GPIO_init
                0x00000000000001b8                SYSCFG_DL_SYSCTL_init
                0x00000000000001f0                SYSCFG_DL_OLED_I2C_init
                0x0000000000000264                SYSCFG_DL_init
 .text          0x0000000000000278       0x80 /tmp/ccXriNFb.o
                0x0000000000000278                TIMG6_IRQHandler
                0x0000000000000278                TIMG8_IRQHandler
                0x0000000000000278                I2C0_IRQHandler
                0x0000000000000278                HardFault_Handler
                0x0000000000000278                SysTick_Handler
                0x0000000000000278                PendSV_Handler
                0x0000000000000278                NMI_Handler
                0x0000000000000278                I2C1_IRQHandler
                0x0000000000000278                UART1_IRQHandler
                0x0000000000000278                TIMA1_IRQHandler
                0x0000000000000278                UART0_IRQHandler
                0x0000000000000278                ADC0_IRQHandler
                0x0000000000000278                SPI1_IRQHandler
                0x0000000000000278                TIMG0_IRQHandler
                0x0000000000000278                ADC1_IRQHandler
                0x0000000000000278                GROUP1_IRQHandler
                0x0000000000000278                RTC_IRQHandler
                0x0000000000000278                GROUP0_IRQHandler
                0x0000000000000278                UART2_IRQHandler
                0x0000000000000278                Default_Handler
                0x0000000000000278                SVC_Handler
                0x0000000000000278                TIMG12_IRQHandler
                0x0000000000000278                DAC0_IRQHandler
                0x0000000000000278                TIMG7_IRQHandler
                0x0000000000000278                SPI0_IRQHandler
                0x0000000000000278                AES_IRQHandler
                0x0000000000000278                DMA_IRQHandler
                0x0000000000000278                TIMA0_IRQHandler
                0x0000000000000278                UART3_IRQHandler
                0x0000000000000278                CANFD0_IRQHandler
                0x000000000000027c                Reset_Handler
                0x00000000000002f4                _init
                0x00000000000002f4                initStub
 .text          0x00000000000002f8        0x0 /home/clbritheking/ti/mspm0_sdk_2_11_00_07/source/ti/driverlib/lib/gcc/m0p/mspm0g1x0x_g3x0x/driverlib.a(dl_common.o)
 .text          0x00000000000002f8        0x0 /home/clbritheking/ti/mspm0_sdk_2_11_00_07/source/ti/driverlib/lib/gcc/m0p/mspm0g1x0x_g3x0x/driverlib.a(dl_i2c.o)
 .text          0x00000000000002f8       0x44 /usr/lib/gcc/arm-none-eabi/10.3.1/../../../arm-none-eabi/lib/thumb/v6-m/nofp/libg_nano.a(lib_a-init.o)
                0x00000000000002f8                __libc_init_array
 .text          0x000000000000033c       0xa4 /usr/lib/gcc/arm-none-eabi/10.3.1/../../../arm-none-eabi/lib/thumb/v6-m/nofp/libg_nano.a(lib_a-memcpy-stub.o)
                0x000000000000033c                memcpy
 .text          0x00000000000003e0       0xa8 /usr/lib/gcc/arm-none-eabi/10.3.1/../../../arm-none-eabi/lib/thumb/v6-m/nofp/libg_nano.a(lib_a-memset.o)
                0x00000000000003e0                memset
                0x0000000000000488                . = ALIGN (0x8)
 *(.text.*)
 .text.startup  0x0000000000000488      0x134 /tmp/cc1Mr7xf.o
                0x0000000000000488                main
 .text.DL_Common_delayCycles
                0x00000000000005bc        0xc /home/clbritheking/ti/mspm0_sdk_2_11_00_07/source/ti/driverlib/lib/gcc/m0p/mspm0g1x0x_g3x0x/driverlib.a(dl_common.o)
                0x00000000000005bc                DL_Common_delayCycles
 .text.DL_I2C_setClockConfig
                0x00000000000005c8       0x28 /home/clbritheking/ti/mspm0_sdk_2_11_00_07/source/ti/driverlib/lib/gcc/m0p/mspm0g1x0x_g3x0x/driverlib.a(dl_i2c.o)
                0x00000000000005c8                DL_I2C_setClockConfig
 .text.DL_I2C_fillControllerTXFIFO
                0x00000000000005f0       0x48 /home/clbritheking/ti/mspm0_sdk_2_11_00_07/source/ti/driverlib/lib/gcc/m0p/mspm0g1x0x_g3x0x/driverlib.a(dl_i2c.o)
                0x00000000000005f0                DL_I2C_fillControllerTXFIFO
                0x0000000000000638                . = ALIGN (0x8)
 *(.ctors)
                0x0000000000000638                . = ALIGN (0x8)
 *(.dtors)
                0x0000000000000638                . = ALIGN (0x8)
 *(.init)
                0x0000000000000638                . = ALIGN (0x8)
 *(.fini*)
                0x0000000000000638                . = ALIGN (0x8)

.glue_7         0x0000000000000638        0x0
 .glue_7        0x0000000000000638        0x0 linker stubs

.glue_7t        0x0000000000000638        0x0
 .glue_7t       0x0000000000000638        0x0 linker stubs

.vfp11_veneer   0x0000000000000638        0x0
 .vfp11_veneer  0x0000000000000638        0x0 linker stubs

.v4_bx          0x0000000000000638        0x0
 .v4_bx         0x0000000000000638        0x0 linker stubs

.iplt           0x0000000000000638        0x0
 .iplt          0x0000000000000638        0x0 /tmp/cc1Mr7xf.o

.ramfunc        0x0000000020200000        0x0 load address 0x0000000000000638
                0x0000000000000638                __ramfunct_load__ = LOADADDR (.ramfunc)
                0x0000000020200000                __ramfunct_start__ = .
 *(.ramfunc)
                0x0000000020200000                . = ALIGN (0x8)
                0x0000000020200000                __ramfunct_end__ = .

.rodata         0x0000000000000638        0x8
 *(.rodata)
 .rodata        0x0000000000000638        0x2 /tmp/ccCJCerD.o
                0x0000000000000640                . = ALIGN (0x8)
 *fill*         0x000000000000063a        0x6 
 *(.rodata.*)
                0x0000000000000640                . = ALIGN (0x8)

.rel.dyn        0x0000000000000640        0x0
 .rel.iplt      0x0000000000000640        0x0 /tmp/cc1Mr7xf.o

.preinit_array  0x0000000000000640        0x0
                0x0000000000000640                PROVIDE (__preinit_array_start = .)
 *(.preinit_array*)
                0x0000000000000640                PROVIDE (__preinit_array_end = .)

.init_array     0x0000000000000640        0x0
                0x0000000000000640                . = ALIGN (0x8)
                0x0000000000000640                PROVIDE (__init_array_start = .)
 *(SORT_BY_NAME(.init_array.*))
 *(.init_array*)
                0x0000000000000640                PROVIDE (__init_array_end = .)

.fini_array     0x0000000000000640        0x0
                0x0000000000000640                . = ALIGN (0x8)
                [!provide]                        PROVIDE (__fini_array_start = .)
 *(SORT_BY_NAME(.fini_array.*))
 *(.fini_array*)
                [!provide]                        PROVIDE (__fini_array_end = .)
                0x0000000000000640                . = ALIGN (0x8)

.ARM.exidx      0x0000000000000640        0x0
                0x0000000000000640                __exidx_start = .
 *(.ARM.exidx* .gnu.linkonce.armexidx.*)
                0x0000000000000640                __exidx_end = .

.ARM.extab      0x0000000000000640        0x0
                0x0000000000000640                . = ALIGN (0x8)
 *(.ARM.extab* .gnu.linkonce.armextab.*)
                0x0000000000000640                . = ALIGN (0x8)
                0x0000000000000640                __etext = .

.data           0x0000000020200000        0x0 load address 0x0000000000000640
                0x0000000000000640                __data_load__ = LOADADDR (.data)
                0x0000000020200000                __data_start__ = .
 *(.data)
 .data          0x0000000020200000        0x0 /tmp/cc1Mr7xf.o
 .data          0x0000000020200000        0x0 /tmp/ccCJCerD.o
 .data          0x0000000020200000        0x0 /tmp/ccXriNFb.o
 .data          0x0000000020200000        0x0 /home/clbritheking/ti/mspm0_sdk_2_11_00_07/source/ti/driverlib/lib/gcc/m0p/mspm0g1x0x_g3x0x/driverlib.a(dl_common.o)
 .data          0x0000000020200000        0x0 /home/clbritheking/ti/mspm0_sdk_2_11_00_07/source/ti/driverlib/lib/gcc/m0p/mspm0g1x0x_g3x0x/driverlib.a(dl_i2c.o)
 .data          0x0000000020200000        0x0 /usr/lib/gcc/arm-none-eabi/10.3.1/../../../arm-none-eabi/lib/thumb/v6-m/nofp/libg_nano.a(lib_a-init.o)
 .data          0x0000000020200000        0x0 /usr/lib/gcc/arm-none-eabi/10.3.1/../../../arm-none-eabi/lib/thumb/v6-m/nofp/libg_nano.a(lib_a-memcpy-stub.o)
 .data          0x0000000020200000        0x0 /usr/lib/gcc/arm-none-eabi/10.3.1/../../../arm-none-eabi/lib/thumb/v6-m/nofp/libg_nano.a(lib_a-memset.o)
 *(.data*)
                0x0000000020200000                . = ALIGN (0x8)
                0x0000000020200000                __data_end__ = .

.igot.plt       0x0000000020200000        0x0 load address 0x0000000000000640
 .igot.plt      0x0000000020200000        0x0 /tmp/cc1Mr7xf.o

.bss            0x0000000020200000        0x0
                0x0000000020200000                __bss_start__ = .
 *(.shbss)
 *(.bss)
 .bss           0x0000000020200000        0x0 /tmp/cc1Mr7xf.o
 .bss           0x0000000020200000        0x0 /tmp/ccCJCerD.o
 .bss           0x0000000020200000        0x0 /tmp/ccXriNFb.o
 .bss           0x0000000020200000        0x0 /home/clbritheking/ti/mspm0_sdk_2_11_00_07/source/ti/driverlib/lib/gcc/m0p/mspm0g1x0x_g3x0x/driverlib.a(dl_common.o)
 .bss           0x0000000020200000        0x0 /home/clbritheking/ti/mspm0_sdk_2_11_00_07/source/ti/driverlib/lib/gcc/m0p/mspm0g1x0x_g3x0x/driverlib.a(dl_i2c.o)
 .bss           0x0000000020200000        0x0 /usr/lib/gcc/arm-none-eabi/10.3.1/../../../arm-none-eabi/lib/thumb/v6-m/nofp/libg_nano.a(lib_a-init.o)
 .bss           0x0000000020200000        0x0 /usr/lib/gcc/arm-none-eabi/10.3.1/../../../arm-none-eabi/lib/thumb/v6-m/nofp/libg_nano.a(lib_a-memcpy-stub.o)
 .bss           0x0000000020200000        0x0 /usr/lib/gcc/arm-none-eabi/10.3.1/../../../arm-none-eabi/lib/thumb/v6-m/nofp/libg_nano.a(lib_a-memset.o)
 *(.bss.*)
 *(COMMON)
                0x0000000020200000                . = ALIGN (0x8)
                0x0000000020200000                __bss_end__ = .

.noinit         0x0000000020200000        0x0
 *(*.noinit*)
                0x0000000020200000                . = ALIGN (0x8)

.heap           0x0000000020200000        0x0
                0x0000000020200000                __heap_start__ = .
                0x0000000020200000                end = __heap_start__
                0x0000000020200000                _end = end
                0x0000000020200000                __end = end
 *(.heap)
                0x0000000020200000                __heap_end__ = .
                0x0000000020200000                __HeapLimit = __heap_end__

.stack          0x0000000020200000        0x0
                0x0000000020200000                _stack = .
 *(.stack)

.BCRConfig
 *(.BCRConfig)

.BSLConfig
 *(.BSLConfig)
                0x0000000020208000                __StackTop = (ORIGIN (REGION_STACK) + LENGTH (REGION_STACK))
                [!provide]                        PROVIDE (__stack = __StackTop)
OUTPUT(firmware.elf elf32-littlearm)
LOAD linker stubs

.debug_info     0x0000000000000000    0x17bfb
 .debug_info    0x0000000000000000     0x5c92 /tmp/cc1Mr7xf.o
 .debug_info    0x0000000000005c92     0x6421 /tmp/ccCJCerD.o
 .debug_info    0x000000000000c0b3      0x1fc /tmp/ccXriNFb.o
 .debug_info    0x000000000000c2af     0x561b /home/clbritheking/ti/mspm0_sdk_2_11_00_07/source/ti/driverlib/lib/gcc/m0p/mspm0g1x0x_g3x0x/driverlib.a(dl_common.o)
 .debug_info    0x00000000000118ca     0x5f7e /home/clbritheking/ti/mspm0_sdk_2_11_00_07/source/ti/driverlib/lib/gcc/m0p/mspm0g1x0x_g3x0x/driverlib.a(dl_i2c.o)
 .debug_info    0x0000000000017848      0x11a /usr/lib/gcc/arm-none-eabi/10.3.1/../../../arm-none-eabi/lib/thumb/v6-m/nofp/libg_nano.a(lib_a-init.o)
 .debug_info    0x0000000000017962      0x15c /usr/lib/gcc/arm-none-eabi/10.3.1/../../../arm-none-eabi/lib/thumb/v6-m/nofp/libg_nano.a(lib_a-memcpy-stub.o)
 .debug_info    0x0000000000017abe      0x13d /usr/lib/gcc/arm-none-eabi/10.3.1/../../../arm-none-eabi/lib/thumb/v6-m/nofp/libg_nano.a(lib_a-memset.o)

.debug_abbrev   0x0000000000000000      0xe1c
 .debug_abbrev  0x0000000000000000      0x349 /tmp/cc1Mr7xf.o
 .debug_abbrev  0x0000000000000349      0x308 /tmp/ccCJCerD.o
 .debug_abbrev  0x0000000000000651      0x12d /tmp/ccXriNFb.o
 .debug_abbrev  0x000000000000077e      0x166 /home/clbritheking/ti/mspm0_sdk_2_11_00_07/source/ti/driverlib/lib/gcc/m0p/mspm0g1x0x_g3x0x/driverlib.a(dl_common.o)
 .debug_abbrev  0x00000000000008e4      0x2f1 /home/clbritheking/ti/mspm0_sdk_2_11_00_07/source/ti/driverlib/lib/gcc/m0p/mspm0g1x0x_g3x0x/driverlib.a(dl_i2c.o)
 .debug_abbrev  0x0000000000000bd5       0xcc /usr/lib/gcc/arm-none-eabi/10.3.1/../../../arm-none-eabi/lib/thumb/v6-m/nofp/libg_nano.a(lib_a-init.o)
 .debug_abbrev  0x0000000000000ca1       0xc7 /usr/lib/gcc/arm-none-eabi/10.3.1/../../../arm-none-eabi/lib/thumb/v6-m/nofp/libg_nano.a(lib_a-memcpy-stub.o)
 .debug_abbrev  0x0000000000000d68       0xb4 /usr/lib/gcc/arm-none-eabi/10.3.1/../../../arm-none-eabi/lib/thumb/v6-m/nofp/libg_nano.a(lib_a-memset.o)

.debug_loc      0x0000000000000000     0x1569
 .debug_loc     0x0000000000000000      0x3fd /tmp/cc1Mr7xf.o
 .debug_loc     0x00000000000003fd      0x567 /tmp/ccCJCerD.o
 .debug_loc     0x0000000000000964      0x473 /home/clbritheking/ti/mspm0_sdk_2_11_00_07/source/ti/driverlib/lib/gcc/m0p/mspm0g1x0x_g3x0x/driverlib.a(dl_i2c.o)
 .debug_loc     0x0000000000000dd7       0x98 /usr/lib/gcc/arm-none-eabi/10.3.1/../../../arm-none-eabi/lib/thumb/v6-m/nofp/libg_nano.a(lib_a-init.o)
 .debug_loc     0x0000000000000e6f      0x457 /usr/lib/gcc/arm-none-eabi/10.3.1/../../../arm-none-eabi/lib/thumb/v6-m/nofp/libg_nano.a(lib_a-memcpy-stub.o)
 .debug_loc     0x00000000000012c6      0x2a3 /usr/lib/gcc/arm-none-eabi/10.3.1/../../../arm-none-eabi/lib/thumb/v6-m/nofp/libg_nano.a(lib_a-memset.o)

.debug_aranges  0x0000000000000000      0x160
 .debug_aranges
                0x0000000000000000       0x28 /tmp/cc1Mr7xf.o
 .debug_aranges
                0x0000000000000028       0x20 /tmp/ccCJCerD.o
 .debug_aranges
                0x0000000000000048       0x20 /tmp/ccXriNFb.o
 .debug_aranges
                0x0000000000000068       0x20 /home/clbritheking/ti/mspm0_sdk_2_11_00_07/source/ti/driverlib/lib/gcc/m0p/mspm0g1x0x_g3x0x/driverlib.a(dl_common.o)
 .debug_aranges
                0x0000000000000088       0x78 /home/clbritheking/ti/mspm0_sdk_2_11_00_07/source/ti/driverlib/lib/gcc/m0p/mspm0g1x0x_g3x0x/driverlib.a(dl_i2c.o)
 .debug_aranges
                0x0000000000000100       0x20 /usr/lib/gcc/arm-none-eabi/10.3.1/../../../arm-none-eabi/lib/thumb/v6-m/nofp/libg_nano.a(lib_a-init.o)
 .debug_aranges
                0x0000000000000120       0x20 /usr/lib/gcc/arm-none-eabi/10.3.1/../../../arm-none-eabi/lib/thumb/v6-m/nofp/libg_nano.a(lib_a-memcpy-stub.o)
 .debug_aranges
                0x0000000000000140       0x20 /usr/lib/gcc/arm-none-eabi/10.3.1/../../../arm-none-eabi/lib/thumb/v6-m/nofp/libg_nano.a(lib_a-memset.o)

.debug_ranges   0x0000000000000000      0x5d8
 .debug_ranges  0x0000000000000000      0x128 /tmp/cc1Mr7xf.o
 .debug_ranges  0x0000000000000128      0x188 /tmp/ccCJCerD.o
 .debug_ranges  0x00000000000002b0       0x10 /home/clbritheking/ti/mspm0_sdk_2_11_00_07/source/ti/driverlib/lib/gcc/m0p/mspm0g1x0x_g3x0x/driverlib.a(dl_common.o)
 .debug_ranges  0x00000000000002c0      0x318 /home/clbritheking/ti/mspm0_sdk_2_11_00_07/source/ti/driverlib/lib/gcc/m0p/mspm0g1x0x_g3x0x/driverlib.a(dl_i2c.o)

.debug_line     0x0000000000000000     0x26e0
 .debug_line    0x0000000000000000      0xa78 /tmp/cc1Mr7xf.o
 .debug_line    0x0000000000000a78      0x790 /tmp/ccCJCerD.o
 .debug_line    0x0000000000001208      0x159 /tmp/ccXriNFb.o
 .debug_line    0x0000000000001361      0x427 /home/clbritheking/ti/mspm0_sdk_2_11_00_07/source/ti/driverlib/lib/gcc/m0p/mspm0g1x0x_g3x0x/driverlib.a(dl_common.o)
 .debug_line    0x0000000000001788      0xaae /home/clbritheking/ti/mspm0_sdk_2_11_00_07/source/ti/driverlib/lib/gcc/m0p/mspm0g1x0x_g3x0x/driverlib.a(dl_i2c.o)
 .debug_line    0x0000000000002236      0x127 /usr/lib/gcc/arm-none-eabi/10.3.1/../../../arm-none-eabi/lib/thumb/v6-m/nofp/libg_nano.a(lib_a-init.o)
 .debug_line    0x000000000000235d      0x1b5 /usr/lib/gcc/arm-none-eabi/10.3.1/../../../arm-none-eabi/lib/thumb/v6-m/nofp/libg_nano.a(lib_a-memcpy-stub.o)
 .debug_line    0x0000000000002512      0x1ce /usr/lib/gcc/arm-none-eabi/10.3.1/../../../arm-none-eabi/lib/thumb/v6-m/nofp/libg_nano.a(lib_a-memset.o)

.debug_str      0x0000000000000000     0x335a
 .debug_str     0x0000000000000000     0x1adb /tmp/cc1Mr7xf.o
                                       0x1bdc (size before relaxing)
 .debug_str     0x0000000000001adb      0xe88 /tmp/ccCJCerD.o
                                       0x2907 (size before relaxing)
 .debug_str     0x0000000000002963      0x181 /tmp/ccXriNFb.o
                                        0x2c6 (size before relaxing)
 .debug_str     0x0000000000002ae4      0x1ac /home/clbritheking/ti/mspm0_sdk_2_11_00_07/source/ti/driverlib/lib/gcc/m0p/mspm0g1x0x_g3x0x/driverlib.a(dl_common.o)
                                       0x1b32 (size before relaxing)
 .debug_str     0x0000000000002c90      0x40f /home/clbritheking/ti/mspm0_sdk_2_11_00_07/source/ti/driverlib/lib/gcc/m0p/mspm0g1x0x_g3x0x/driverlib.a(dl_i2c.o)
                                       0x1feb (size before relaxing)
 .debug_str     0x000000000000309f      0x151 /usr/lib/gcc/arm-none-eabi/10.3.1/../../../arm-none-eabi/lib/thumb/v6-m/nofp/libg_nano.a(lib_a-init.o)
                                        0x204 (size before relaxing)
 .debug_str     0x00000000000031f0       0xcb /usr/lib/gcc/arm-none-eabi/10.3.1/../../../arm-none-eabi/lib/thumb/v6-m/nofp/libg_nano.a(lib_a-memcpy-stub.o)
                                        0x1de (size before relaxing)
 .debug_str     0x00000000000032bb       0x9f /usr/lib/gcc/arm-none-eabi/10.3.1/../../../arm-none-eabi/lib/thumb/v6-m/nofp/libg_nano.a(lib_a-memset.o)
                                        0x1b9 (size before relaxing)

.comment        0x0000000000000000       0xac
 .comment       0x0000000000000000       0x33 /tmp/cc1Mr7xf.o
                                         0x34 (size before relaxing)
 .comment       0x0000000000000033       0x34 /tmp/ccCJCerD.o
 .comment       0x0000000000000033       0x34 /tmp/ccXriNFb.o
 .comment       0x0000000000000033       0x79 /home/clbritheking/ti/mspm0_sdk_2_11_00_07/source/ti/driverlib/lib/gcc/m0p/mspm0g1x0x_g3x0x/driverlib.a(dl_common.o)
                                         0x7a (size before relaxing)
 .comment       0x00000000000000ac       0x7a /home/clbritheking/ti/mspm0_sdk_2_11_00_07/source/ti/driverlib/lib/gcc/m0p/mspm0g1x0x_g3x0x/driverlib.a(dl_i2c.o)
 .comment       0x00000000000000ac       0x34 /usr/lib/gcc/arm-none-eabi/10.3.1/../../../arm-none-eabi/lib/thumb/v6-m/nofp/libg_nano.a(lib_a-init.o)
 .comment       0x00000000000000ac       0x34 /usr/lib/gcc/arm-none-eabi/10.3.1/../../../arm-none-eabi/lib/thumb/v6-m/nofp/libg_nano.a(lib_a-memcpy-stub.o)
 .comment       0x00000000000000ac       0x34 /usr/lib/gcc/arm-none-eabi/10.3.1/../../../arm-none-eabi/lib/thumb/v6-m/nofp/libg_nano.a(lib_a-memset.o)

.ARM.attributes
                0x0000000000000000       0x2c
 .ARM.attributes
                0x0000000000000000       0x2c /tmp/cc1Mr7xf.o
 .ARM.attributes
                0x000000000000002c       0x2c /tmp/ccCJCerD.o
 .ARM.attributes
                0x0000000000000058       0x2c /tmp/ccXriNFb.o
 .ARM.attributes
                0x0000000000000084       0x2b /home/clbritheking/ti/mspm0_sdk_2_11_00_07/source/ti/driverlib/lib/gcc/m0p/mspm0g1x0x_g3x0x/driverlib.a(dl_common.o)
 .ARM.attributes
                0x00000000000000af       0x2b /home/clbritheking/ti/mspm0_sdk_2_11_00_07/source/ti/driverlib/lib/gcc/m0p/mspm0g1x0x_g3x0x/driverlib.a(dl_i2c.o)
 .ARM.attributes
                0x00000000000000da       0x2c /usr/lib/gcc/arm-none-eabi/10.3.1/../../../arm-none-eabi/lib/thumb/v6-m/nofp/libg_nano.a(lib_a-init.o)
 .ARM.attributes
                0x0000000000000106       0x2c /usr/lib/gcc/arm-none-eabi/10.3.1/../../../arm-none-eabi/lib/thumb/v6-m/nofp/libg_nano.a(lib_a-memcpy-stub.o)
 .ARM.attributes
                0x0000000000000132       0x2c /usr/lib/gcc/arm-none-eabi/10.3.1/../../../arm-none-eabi/lib/thumb/v6-m/nofp/libg_nano.a(lib_a-memset.o)

.debug_frame    0x0000000000000000      0x2d8
 .debug_frame   0x0000000000000000       0x44 /tmp/cc1Mr7xf.o
 .debug_frame   0x0000000000000044       0x78 /tmp/ccCJCerD.o
 .debug_frame   0x00000000000000bc       0x48 /tmp/ccXriNFb.o
 .debug_frame   0x0000000000000104       0x20 /home/clbritheking/ti/mspm0_sdk_2_11_00_07/source/ti/driverlib/lib/gcc/m0p/mspm0g1x0x_g3x0x/driverlib.a(dl_common.o)
 .debug_frame   0x0000000000000124      0x124 /home/clbritheking/ti/mspm0_sdk_2_11_00_07/source/ti/driverlib/lib/gcc/m0p/mspm0g1x0x_g3x0x/driverlib.a(dl_i2c.o)
 .debug_frame   0x0000000000000248       0x2c /usr/lib/gcc/arm-none-eabi/10.3.1/../../../arm-none-eabi/lib/thumb/v6-m/nofp/libg_nano.a(lib_a-init.o)
 .debug_frame   0x0000000000000274       0x34 /usr/lib/gcc/arm-none-eabi/10.3.1/../../../arm-none-eabi/lib/thumb/v6-m/nofp/libg_nano.a(lib_a-memcpy-stub.o)
 .debug_frame   0x00000000000002a8       0x30 /usr/lib/gcc/arm-none-eabi/10.3.1/../../../arm-none-eabi/lib/thumb/v6-m/nofp/libg_nano.a(lib_a-memset.o)
