Archive member included to satisfy reference by file (symbol)

/home/clbritheking/ti/mspm0_sdk_2_11_00_07/source/ti/driverlib/lib/gcc/m0p/mspm0g1x0x_g3x0x/driverlib.a(dl_common.o)
                              /tmp/ccKhW4Lr.o (DL_Common_delayCycles)
/home/clbritheking/ti/mspm0_sdk_2_11_00_07/source/ti/driverlib/lib/gcc/m0p/mspm0g1x0x_g3x0x/driverlib.a(dl_i2c.o)
                              /tmp/ccKhW4Lr.o (DL_I2C_setClockConfig)
/home/clbritheking/ti/mspm0_sdk_2_11_00_07/source/ti/driverlib/lib/gcc/m0p/mspm0g1x0x_g3x0x/driverlib.a(dl_timer.o)
                              /tmp/ccKhW4Lr.o (DL_Timer_setClockConfig)
/home/clbritheking/ti/mspm0_sdk_2_11_00_07/source/ti/driverlib/lib/gcc/m0p/mspm0g1x0x_g3x0x/driverlib.a(dl_uart.o)
                              /tmp/ccKhW4Lr.o (DL_UART_init)
/usr/lib/gcc/arm-none-eabi/10.3.1/thumb/v6-m/nofp/libgcc.a(_udivsi3.o)
                              /tmp/ccdiowB5.o (__aeabi_uidiv)
/usr/lib/gcc/arm-none-eabi/10.3.1/thumb/v6-m/nofp/libgcc.a(_divsi3.o)
                              /tmp/ccV3frGJ.o (__aeabi_idiv)
/usr/lib/gcc/arm-none-eabi/10.3.1/thumb/v6-m/nofp/libgcc.a(_dvmd_tls.o)
                              /usr/lib/gcc/arm-none-eabi/10.3.1/thumb/v6-m/nofp/libgcc.a(_udivsi3.o) (__aeabi_idiv0)
/usr/lib/gcc/arm-none-eabi/10.3.1/thumb/v6-m/nofp/libgcc.a(_aeabi_ldivmod.o)
                              /tmp/ccdiowB5.o (__aeabi_ldivmod)
/usr/lib/gcc/arm-none-eabi/10.3.1/thumb/v6-m/nofp/libgcc.a(_aeabi_uldivmod.o)
                              /tmp/ccdiowB5.o (__aeabi_uldivmod)
/usr/lib/gcc/arm-none-eabi/10.3.1/thumb/v6-m/nofp/libgcc.a(_udivmoddi4.o)
                              /usr/lib/gcc/arm-none-eabi/10.3.1/thumb/v6-m/nofp/libgcc.a(_aeabi_uldivmod.o) (__udivmoddi4)
/usr/lib/gcc/arm-none-eabi/10.3.1/thumb/v6-m/nofp/libgcc.a(bpabi.o)
                              /usr/lib/gcc/arm-none-eabi/10.3.1/thumb/v6-m/nofp/libgcc.a(_aeabi_ldivmod.o) (__gnu_ldivmod_helper)
/usr/lib/gcc/arm-none-eabi/10.3.1/thumb/v6-m/nofp/libgcc.a(_clzdi2.o)
                              /usr/lib/gcc/arm-none-eabi/10.3.1/thumb/v6-m/nofp/libgcc.a(_udivmoddi4.o) (__clzdi2)
/usr/lib/gcc/arm-none-eabi/10.3.1/thumb/v6-m/nofp/libgcc.a(_muldi3.o)
                              /usr/lib/gcc/arm-none-eabi/10.3.1/thumb/v6-m/nofp/libgcc.a(bpabi.o) (__aeabi_lmul)
/usr/lib/gcc/arm-none-eabi/10.3.1/thumb/v6-m/nofp/libgcc.a(_divdi3.o)
                              /usr/lib/gcc/arm-none-eabi/10.3.1/thumb/v6-m/nofp/libgcc.a(bpabi.o) (__divdi3)
/usr/lib/gcc/arm-none-eabi/10.3.1/thumb/v6-m/nofp/libgcc.a(_clzsi2.o)
                              /usr/lib/gcc/arm-none-eabi/10.3.1/thumb/v6-m/nofp/libgcc.a(_clzdi2.o) (__clzsi2)
/usr/lib/gcc/arm-none-eabi/10.3.1/../../../arm-none-eabi/lib/thumb/v6-m/nofp/libg_nano.a(lib_a-init.o)
                              /tmp/ccQf59QC.o (__libc_init_array)
/usr/lib/gcc/arm-none-eabi/10.3.1/../../../arm-none-eabi/lib/thumb/v6-m/nofp/libg_nano.a(lib_a-memcpy-stub.o)
                              /tmp/ccV3frGJ.o (memcpy)
/usr/lib/gcc/arm-none-eabi/10.3.1/../../../arm-none-eabi/lib/thumb/v6-m/nofp/libg_nano.a(lib_a-memset.o)
                              /tmp/ccQf59QC.o (memset)

Discarded input sections

 .text.DL_I2C_getClockConfig
                0x0000000000000000       0x1c /home/clbritheking/ti/mspm0_sdk_2_11_00_07/source/ti/driverlib/lib/gcc/m0p/mspm0g1x0x_g3x0x/driverlib.a(dl_i2c.o)
 .text.DL_I2C_fillTargetTXFIFO
                0x0000000000000000       0x4c /home/clbritheking/ti/mspm0_sdk_2_11_00_07/source/ti/driverlib/lib/gcc/m0p/mspm0g1x0x_g3x0x/driverlib.a(dl_i2c.o)
 .text.DL_I2C_flushTargetTXFIFO
                0x0000000000000000       0x34 /home/clbritheking/ti/mspm0_sdk_2_11_00_07/source/ti/driverlib/lib/gcc/m0p/mspm0g1x0x_g3x0x/driverlib.a(dl_i2c.o)
 .text.DL_I2C_flushTargetRXFIFO
                0x0000000000000000       0x30 /home/clbritheking/ti/mspm0_sdk_2_11_00_07/source/ti/driverlib/lib/gcc/m0p/mspm0g1x0x_g3x0x/driverlib.a(dl_i2c.o)
 .text.DL_I2C_transmitTargetDataBlocking
                0x0000000000000000       0x24 /home/clbritheking/ti/mspm0_sdk_2_11_00_07/source/ti/driverlib/lib/gcc/m0p/mspm0g1x0x_g3x0x/driverlib.a(dl_i2c.o)
 .text.DL_I2C_transmitTargetDataCheck
                0x0000000000000000       0x24 /home/clbritheking/ti/mspm0_sdk_2_11_00_07/source/ti/driverlib/lib/gcc/m0p/mspm0g1x0x_g3x0x/driverlib.a(dl_i2c.o)
 .text.DL_I2C_receiveTargetDataBlocking
                0x0000000000000000       0x18 /home/clbritheking/ti/mspm0_sdk_2_11_00_07/source/ti/driverlib/lib/gcc/m0p/mspm0g1x0x_g3x0x/driverlib.a(dl_i2c.o)
 .text.DL_I2C_receiveTargetDataCheck
                0x0000000000000000       0x1c /home/clbritheking/ti/mspm0_sdk_2_11_00_07/source/ti/driverlib/lib/gcc/m0p/mspm0g1x0x_g3x0x/driverlib.a(dl_i2c.o)
 .text.DL_Timer_getInChanConfig
                0x0000000000000000       0x4c /home/clbritheking/ti/mspm0_sdk_2_11_00_07/source/ti/driverlib/lib/gcc/m0p/mspm0g1x0x_g3x0x/driverlib.a(dl_timer.o)
 .text.DL_Timer_getClockConfig
                0x0000000000000000       0x20 /home/clbritheking/ti/mspm0_sdk_2_11_00_07/source/ti/driverlib/lib/gcc/m0p/mspm0g1x0x_g3x0x/driverlib.a(dl_timer.o)
 .text.DL_Timer_initCaptureMode
                0x0000000000000000      0x110 /home/clbritheking/ti/mspm0_sdk_2_11_00_07/source/ti/driverlib/lib/gcc/m0p/mspm0g1x0x_g3x0x/driverlib.a(dl_timer.o)
 .rodata.DL_Timer_initCaptureMode
                0x0000000000000000       0x18 /home/clbritheking/ti/mspm0_sdk_2_11_00_07/source/ti/driverlib/lib/gcc/m0p/mspm0g1x0x_g3x0x/driverlib.a(dl_timer.o)
 .text.DL_Timer_initCaptureTriggerMode
                0x0000000000000000       0x90 /home/clbritheking/ti/mspm0_sdk_2_11_00_07/source/ti/driverlib/lib/gcc/m0p/mspm0g1x0x_g3x0x/driverlib.a(dl_timer.o)
 .text.DL_Timer_initCaptureCombinedMode
                0x0000000000000000       0xe0 /home/clbritheking/ti/mspm0_sdk_2_11_00_07/source/ti/driverlib/lib/gcc/m0p/mspm0g1x0x_g3x0x/driverlib.a(dl_timer.o)
 .text.DL_Timer_initCompareMode
                0x0000000000000000       0xac /home/clbritheking/ti/mspm0_sdk_2_11_00_07/source/ti/driverlib/lib/gcc/m0p/mspm0g1x0x_g3x0x/driverlib.a(dl_timer.o)
 .text.DL_Timer_initCompareTriggerMode
                0x0000000000000000       0x78 /home/clbritheking/ti/mspm0_sdk_2_11_00_07/source/ti/driverlib/lib/gcc/m0p/mspm0g1x0x_g3x0x/driverlib.a(dl_timer.o)
 .text.DL_Timer_setCaptureCompareValue
                0x0000000000000000       0x14 /home/clbritheking/ti/mspm0_sdk_2_11_00_07/source/ti/driverlib/lib/gcc/m0p/mspm0g1x0x_g3x0x/driverlib.a(dl_timer.o)
 .text.DL_Timer_getCaptureCompareValue
                0x0000000000000000       0x14 /home/clbritheking/ti/mspm0_sdk_2_11_00_07/source/ti/driverlib/lib/gcc/m0p/mspm0g1x0x_g3x0x/driverlib.a(dl_timer.o)
 .text.DL_Timer_setCaptureCompareCtl
                0x0000000000000000       0x24 /home/clbritheking/ti/mspm0_sdk_2_11_00_07/source/ti/driverlib/lib/gcc/m0p/mspm0g1x0x_g3x0x/driverlib.a(dl_timer.o)
 .text.DL_Timer_getCaptureCompareCtl
                0x0000000000000000       0x1c /home/clbritheking/ti/mspm0_sdk_2_11_00_07/source/ti/driverlib/lib/gcc/m0p/mspm0g1x0x_g3x0x/driverlib.a(dl_timer.o)
 .text.DL_Timer_setSecondCompSrcDn
                0x0000000000000000       0x1c /home/clbritheking/ti/mspm0_sdk_2_11_00_07/source/ti/driverlib/lib/gcc/m0p/mspm0g1x0x_g3x0x/driverlib.a(dl_timer.o)
 .text.DL_Timer_getSecondCompSrcDn
                0x0000000000000000       0x18 /home/clbritheking/ti/mspm0_sdk_2_11_00_07/source/ti/driverlib/lib/gcc/m0p/mspm0g1x0x_g3x0x/driverlib.a(dl_timer.o)
 .text.DL_Timer_setSecondCompSrcUp
                0x0000000000000000       0x20 /home/clbritheking/ti/mspm0_sdk_2_11_00_07/source/ti/driverlib/lib/gcc/m0p/mspm0g1x0x_g3x0x/driverlib.a(dl_timer.o)
 .text.DL_Timer_getSecondCompSrcUp
                0x0000000000000000       0x18 /home/clbritheking/ti/mspm0_sdk_2_11_00_07/source/ti/driverlib/lib/gcc/m0p/mspm0g1x0x_g3x0x/driverlib.a(dl_timer.o)
 .text.DL_Timer_setSecondCompActionDn
                0x0000000000000000       0x20 /home/clbritheking/ti/mspm0_sdk_2_11_00_07/source/ti/driverlib/lib/gcc/m0p/mspm0g1x0x_g3x0x/driverlib.a(dl_timer.o)
 .text.DL_Timer_getSecondCompActionDn
                0x0000000000000000       0x18 /home/clbritheking/ti/mspm0_sdk_2_11_00_07/source/ti/driverlib/lib/gcc/m0p/mspm0g1x0x_g3x0x/driverlib.a(dl_timer.o)
 .text.DL_Timer_setSecondCompActionUp
                0x0000000000000000       0x20 /home/clbritheking/ti/mspm0_sdk_2_11_00_07/source/ti/driverlib/lib/gcc/m0p/mspm0g1x0x_g3x0x/driverlib.a(dl_timer.o)
 .text.DL_Timer_getSecondCompActionUp
                0x0000000000000000       0x18 /home/clbritheking/ti/mspm0_sdk_2_11_00_07/source/ti/driverlib/lib/gcc/m0p/mspm0g1x0x_g3x0x/driverlib.a(dl_timer.o)
 .text.DL_Timer_enableSuppressionOfCompEvent
                0x0000000000000000       0x1c /home/clbritheking/ti/mspm0_sdk_2_11_00_07/source/ti/driverlib/lib/gcc/m0p/mspm0g1x0x_g3x0x/driverlib.a(dl_timer.o)
 .text.DL_Timer_disableSuppressionOfCompEvent
                0x0000000000000000       0x1c /home/clbritheking/ti/mspm0_sdk_2_11_00_07/source/ti/driverlib/lib/gcc/m0p/mspm0g1x0x_g3x0x/driverlib.a(dl_timer.o)
 .text.DL_Timer_setCaptCompUpdateMethod
                0x0000000000000000       0x20 /home/clbritheking/ti/mspm0_sdk_2_11_00_07/source/ti/driverlib/lib/gcc/m0p/mspm0g1x0x_g3x0x/driverlib.a(dl_timer.o)
 .text.DL_Timer_getCaptCompUpdateMethod
                0x0000000000000000       0x18 /home/clbritheking/ti/mspm0_sdk_2_11_00_07/source/ti/driverlib/lib/gcc/m0p/mspm0g1x0x_g3x0x/driverlib.a(dl_timer.o)
 .text.DL_Timer_setCaptCompActUpdateMethod
                0x0000000000000000       0x20 /home/clbritheking/ti/mspm0_sdk_2_11_00_07/source/ti/driverlib/lib/gcc/m0p/mspm0g1x0x_g3x0x/driverlib.a(dl_timer.o)
 .text.DL_Timer_getCaptCompActUpdateMethod
                0x0000000000000000       0x18 /home/clbritheking/ti/mspm0_sdk_2_11_00_07/source/ti/driverlib/lib/gcc/m0p/mspm0g1x0x_g3x0x/driverlib.a(dl_timer.o)
 .text.DL_Timer_setCaptureCompareOutCtl
                0x0000000000000000       0x1c /home/clbritheking/ti/mspm0_sdk_2_11_00_07/source/ti/driverlib/lib/gcc/m0p/mspm0g1x0x_g3x0x/driverlib.a(dl_timer.o)
 .text.DL_Timer_getCaptureCompareOutCtl
                0x0000000000000000       0x14 /home/clbritheking/ti/mspm0_sdk_2_11_00_07/source/ti/driverlib/lib/gcc/m0p/mspm0g1x0x_g3x0x/driverlib.a(dl_timer.o)
 .text.DL_Timer_setCaptureCompareAction
                0x0000000000000000       0x20 /home/clbritheking/ti/mspm0_sdk_2_11_00_07/source/ti/driverlib/lib/gcc/m0p/mspm0g1x0x_g3x0x/driverlib.a(dl_timer.o)
 .text.DL_Timer_getCaptureCompareAction
                0x0000000000000000       0x1c /home/clbritheking/ti/mspm0_sdk_2_11_00_07/source/ti/driverlib/lib/gcc/m0p/mspm0g1x0x_g3x0x/driverlib.a(dl_timer.o)
 .text.DL_Timer_overrideCCPOut
                0x0000000000000000       0x20 /home/clbritheking/ti/mspm0_sdk_2_11_00_07/source/ti/driverlib/lib/gcc/m0p/mspm0g1x0x_g3x0x/driverlib.a(dl_timer.o)
 .text.DL_Timer_setCaptureCompareInput
                0x0000000000000000       0x20 /home/clbritheking/ti/mspm0_sdk_2_11_00_07/source/ti/driverlib/lib/gcc/m0p/mspm0g1x0x_g3x0x/driverlib.a(dl_timer.o)
 .text.DL_Timer_getCaptureCompareInput
                0x0000000000000000       0x14 /home/clbritheking/ti/mspm0_sdk_2_11_00_07/source/ti/driverlib/lib/gcc/m0p/mspm0g1x0x_g3x0x/driverlib.a(dl_timer.o)
 .text.DL_Timer_setCaptureCompareInputFilter
                0x0000000000000000       0x20 /home/clbritheking/ti/mspm0_sdk_2_11_00_07/source/ti/driverlib/lib/gcc/m0p/mspm0g1x0x_g3x0x/driverlib.a(dl_timer.o)
 .text.DL_Timer_getCaptureCompareInputFilter
                0x0000000000000000       0x18 /home/clbritheking/ti/mspm0_sdk_2_11_00_07/source/ti/driverlib/lib/gcc/m0p/mspm0g1x0x_g3x0x/driverlib.a(dl_timer.o)
 .text.DL_Timer_enableCaptureCompareInputFilter
                0x0000000000000000       0x18 /home/clbritheking/ti/mspm0_sdk_2_11_00_07/source/ti/driverlib/lib/gcc/m0p/mspm0g1x0x_g3x0x/driverlib.a(dl_timer.o)
 .text.DL_Timer_disableCaptureCompareInputFilter
                0x0000000000000000       0x1c /home/clbritheking/ti/mspm0_sdk_2_11_00_07/source/ti/driverlib/lib/gcc/m0p/mspm0g1x0x_g3x0x/driverlib.a(dl_timer.o)
 .text.DL_Timer_isCaptureCompareInputFilterEnabled
                0x0000000000000000       0x14 /home/clbritheking/ti/mspm0_sdk_2_11_00_07/source/ti/driverlib/lib/gcc/m0p/mspm0g1x0x_g3x0x/driverlib.a(dl_timer.o)
 .text.DL_Timer_saveConfiguration
                0x0000000000000000      0x1a4 /home/clbritheking/ti/mspm0_sdk_2_11_00_07/source/ti/driverlib/lib/gcc/m0p/mspm0g1x0x_g3x0x/driverlib.a(dl_timer.o)
 .text.DL_Timer_restoreConfiguration
                0x0000000000000000      0x1c0 /home/clbritheking/ti/mspm0_sdk_2_11_00_07/source/ti/driverlib/lib/gcc/m0p/mspm0g1x0x_g3x0x/driverlib.a(dl_timer.o)
 .text.DL_Timer_initFourCCPWMMode
                0x0000000000000000      0x190 /home/clbritheking/ti/mspm0_sdk_2_11_00_07/source/ti/driverlib/lib/gcc/m0p/mspm0g1x0x_g3x0x/driverlib.a(dl_timer.o)
 .text.DL_Timer_setFaultSourceConfig
                0x0000000000000000       0x2c /home/clbritheking/ti/mspm0_sdk_2_11_00_07/source/ti/driverlib/lib/gcc/m0p/mspm0g1x0x_g3x0x/driverlib.a(dl_timer.o)
 .text.DL_Timer_getFaultSourceConfig
                0x0000000000000000       0x20 /home/clbritheking/ti/mspm0_sdk_2_11_00_07/source/ti/driverlib/lib/gcc/m0p/mspm0g1x0x_g3x0x/driverlib.a(dl_timer.o)
 .text.DL_TimerA_saveConfiguration
                0x0000000000000000      0x1e0 /home/clbritheking/ti/mspm0_sdk_2_11_00_07/source/ti/driverlib/lib/gcc/m0p/mspm0g1x0x_g3x0x/driverlib.a(dl_timer.o)
 .text.DL_TimerA_restoreConfiguration
                0x0000000000000000      0x1dc /home/clbritheking/ti/mspm0_sdk_2_11_00_07/source/ti/driverlib/lib/gcc/m0p/mspm0g1x0x_g3x0x/driverlib.a(dl_timer.o)
 .text.DL_Timer_configQEIHallInputMode
                0x0000000000000000       0x30 /home/clbritheking/ti/mspm0_sdk_2_11_00_07/source/ti/driverlib/lib/gcc/m0p/mspm0g1x0x_g3x0x/driverlib.a(dl_timer.o)
 .rodata.CSWTCH.78
                0x0000000000000000        0x4 /home/clbritheking/ti/mspm0_sdk_2_11_00_07/source/ti/driverlib/lib/gcc/m0p/mspm0g1x0x_g3x0x/driverlib.a(dl_timer.o)
 .text.DL_UART_getClockConfig
                0x0000000000000000       0x14 /home/clbritheking/ti/mspm0_sdk_2_11_00_07/source/ti/driverlib/lib/gcc/m0p/mspm0g1x0x_g3x0x/driverlib.a(dl_uart.o)
 .text.DL_UART_configBaudRate
                0x0000000000000000       0xb0 /home/clbritheking/ti/mspm0_sdk_2_11_00_07/source/ti/driverlib/lib/gcc/m0p/mspm0g1x0x_g3x0x/driverlib.a(dl_uart.o)
 .text.DL_UART_configIrDAMode
                0x0000000000000000       0x40 /home/clbritheking/ti/mspm0_sdk_2_11_00_07/source/ti/driverlib/lib/gcc/m0p/mspm0g1x0x_g3x0x/driverlib.a(dl_uart.o)
 .text.DL_UART_setIrDAPulseLength
                0x0000000000000000       0x34 /home/clbritheking/ti/mspm0_sdk_2_11_00_07/source/ti/driverlib/lib/gcc/m0p/mspm0g1x0x_g3x0x/driverlib.a(dl_uart.o)
 .text.DL_UART_receiveDataBlocking
                0x0000000000000000       0x1c /home/clbritheking/ti/mspm0_sdk_2_11_00_07/source/ti/driverlib/lib/gcc/m0p/mspm0g1x0x_g3x0x/driverlib.a(dl_uart.o)
 .text.DL_UART_receiveDataCheck
                0x0000000000000000       0x20 /home/clbritheking/ti/mspm0_sdk_2_11_00_07/source/ti/driverlib/lib/gcc/m0p/mspm0g1x0x_g3x0x/driverlib.a(dl_uart.o)
 .text.DL_UART_transmitDataCheck
                0x0000000000000000       0x1c /home/clbritheking/ti/mspm0_sdk_2_11_00_07/source/ti/driverlib/lib/gcc/m0p/mspm0g1x0x_g3x0x/driverlib.a(dl_uart.o)
 .text.DL_UART_drainRXFIFO
                0x0000000000000000       0x2c /home/clbritheking/ti/mspm0_sdk_2_11_00_07/source/ti/driverlib/lib/gcc/m0p/mspm0g1x0x_g3x0x/driverlib.a(dl_uart.o)
 .text.DL_UART_fillTXFIFO
                0x0000000000000000       0x2c /home/clbritheking/ti/mspm0_sdk_2_11_00_07/source/ti/driverlib/lib/gcc/m0p/mspm0g1x0x_g3x0x/driverlib.a(dl_uart.o)
 .text.DL_UART_Main_saveConfiguration
                0x0000000000000000       0x84 /home/clbritheking/ti/mspm0_sdk_2_11_00_07/source/ti/driverlib/lib/gcc/m0p/mspm0g1x0x_g3x0x/driverlib.a(dl_uart.o)
 .text.DL_UART_Main_restoreConfiguration
                0x0000000000000000       0x90 /home/clbritheking/ti/mspm0_sdk_2_11_00_07/source/ti/driverlib/lib/gcc/m0p/mspm0g1x0x_g3x0x/driverlib.a(dl_uart.o)
 .text.DL_UART_Extend_saveConfiguration
                0x0000000000000000       0xa8 /home/clbritheking/ti/mspm0_sdk_2_11_00_07/source/ti/driverlib/lib/gcc/m0p/mspm0g1x0x_g3x0x/driverlib.a(dl_uart.o)
 .text.DL_UART_Extend_restoreConfiguration
                0x0000000000000000       0xc0 /home/clbritheking/ti/mspm0_sdk_2_11_00_07/source/ti/driverlib/lib/gcc/m0p/mspm0g1x0x_g3x0x/driverlib.a(dl_uart.o)

Memory Configuration

Name             Origin             Length             Attributes
FLASH            0x0000000000000000 0x0000000000020000 xr
SRAM             0x0000000020200000 0x0000000000008000 xrw
BCR_CONFIG       0x0000000041c00000 0x00000000000000ff r
BSL_CONFIG       0x0000000041c00100 0x0000000000000080 r
*default*        0x0000000000000000 0xffffffffffffffff

Linker script and memory map

LOAD /tmp/ccdiowB5.o
LOAD /tmp/cc5R3LsX.o
LOAD /tmp/ccV3frGJ.o
LOAD /tmp/ccKhW4Lr.o
LOAD /tmp/ccQf59QC.o
LOAD /home/clbritheking/ti/mspm0_sdk_2_11_00_07/source/ti/driverlib/lib/gcc/m0p/mspm0g1x0x_g3x0x/driverlib.a
START GROUP
LOAD /usr/lib/gcc/arm-none-eabi/10.3.1/thumb/v6-m/nofp/libgcc.a
LOAD /usr/lib/gcc/arm-none-eabi/10.3.1/../../../arm-none-eabi/lib/thumb/v6-m/nofp/libg_nano.a
LOAD /usr/lib/gcc/arm-none-eabi/10.3.1/../../../arm-none-eabi/lib/thumb/v6-m/nofp/libc_nano.a
END GROUP
START GROUP
LOAD /usr/lib/gcc/arm-none-eabi/10.3.1/thumb/v6-m/nofp/libgcc.a
LOAD /usr/lib/gcc/arm-none-eabi/10.3.1/../../../arm-none-eabi/lib/thumb/v6-m/nofp/libc_nano.a
LOAD /usr/lib/gcc/arm-none-eabi/10.3.1/../../../arm-none-eabi/lib/thumb/v6-m/nofp/libnosys.a
END GROUP
START GROUP
LOAD /usr/lib/gcc/arm-none-eabi/10.3.1/thumb/v6-m/nofp/libgcc.a
LOAD /usr/lib/gcc/arm-none-eabi/10.3.1/../../../arm-none-eabi/lib/thumb/v6-m/nofp/libc_nano.a
LOAD /usr/lib/gcc/arm-none-eabi/10.3.1/../../../arm-none-eabi/lib/thumb/v6-m/nofp/libnosys.a
END GROUP
                0x0000000000000000                _Min_Heap_Size = 0x0
                0x0000000000000080                _Min_Stack_Size = 0x80
                0x0000000000000000                PROVIDE (_intvecs_base_address = DEFINED (_intvecs_base_address)?_intvecs_base_address:0x0)

.intvecs        0x0000000000000000       0xc0
 *(.intvecs)
 .intvecs       0x0000000000000000       0xc0 /tmp/ccQf59QC.o
                0x0000000000000000                interruptVectors
                0x0000000020200000                PROVIDE (_vtable_base_address = DEFINED (_vtable_base_address)?_vtable_base_address:0x20200000)

.vtable
 *(.vtable)

.text           0x00000000000000c0     0x17b8
 CREATE_OBJECT_SYMBOLS
 *(.text)
 .text          0x00000000000000c0      0x190 /tmp/ccdiowB5.o
                0x0000000000000214                TIMG0_IRQHandler
                0x0000000000000238                I2C0_IRQHandler
                0x0000000000000240                UART1_IRQHandler
 .text          0x0000000000000250      0x1bc /tmp/cc5R3LsX.o
                0x0000000000000250                HC05_SendByte
                0x0000000000000258                HC05_SendBuffer
                0x0000000000000278                HC05_SendString
                0x0000000000000294                HC05_SendUint32
                0x0000000000000300                HC05_SendInt32
                0x000000000000031c                HC05_SendHex8
                0x0000000000000340                HC05_ResetReceiver
                0x0000000000000350                HC05_HandleRxInterrupt
                0x00000000000003b4                HC05_DataAvailable
                0x00000000000003c8                HC05_ReadByte
                0x00000000000003f4                HC05_RxOverflowed
                0x0000000000000400                HC05_ClearRxOverflow
 .text          0x000000000000040c      0x3e4 /tmp/ccV3frGJ.o
                0x00000000000004cc                MPU6050_Begin
                0x0000000000000520                MPU6050_Process
                0x00000000000006d4                MPU6050_GetStatus
                0x00000000000006e0                MPU6050_StartRead
                0x0000000000000710                MPU6050_GetData
                0x0000000000000738                MPU6050_HandleI2CInterrupt
                0x00000000000007e0                MPU6050_GyroRawToCentiDps
 .text          0x00000000000007f0      0x220 /tmp/ccKhW4Lr.o
                0x00000000000007f0                SYSCFG_DL_initPower
                0x0000000000000840                SYSCFG_DL_GPIO_init
                0x0000000000000878                SYSCFG_DL_SYSCTL_init
                0x00000000000008b0                SYSCFG_DL_SAMPLE_TIMER_init
                0x00000000000008e8                SYSCFG_DL_MPU6050_I2C_init
                0x000000000000096c                SYSCFG_DL_HC05_UART_init
                0x00000000000009f4                SYSCFG_DL_init
 .text          0x0000000000000a10       0x80 /tmp/ccQf59QC.o
                0x0000000000000a10                TIMG6_IRQHandler
                0x0000000000000a10                TIMG8_IRQHandler
                0x0000000000000a10                HardFault_Handler
                0x0000000000000a10                SysTick_Handler
                0x0000000000000a10                PendSV_Handler
                0x0000000000000a10                NMI_Handler
                0x0000000000000a10                I2C1_IRQHandler
                0x0000000000000a10                TIMA1_IRQHandler
                0x0000000000000a10                UART0_IRQHandler
                0x0000000000000a10                ADC0_IRQHandler
                0x0000000000000a10                SPI1_IRQHandler
                0x0000000000000a10                ADC1_IRQHandler
                0x0000000000000a10                GROUP1_IRQHandler
                0x0000000000000a10                RTC_IRQHandler
                0x0000000000000a10                GROUP0_IRQHandler
                0x0000000000000a10                UART2_IRQHandler
                0x0000000000000a10                Default_Handler
                0x0000000000000a10                SVC_Handler
                0x0000000000000a10                TIMG12_IRQHandler
                0x0000000000000a10                DAC0_IRQHandler
                0x0000000000000a10                TIMG7_IRQHandler
                0x0000000000000a10                SPI0_IRQHandler
                0x0000000000000a10                AES_IRQHandler
                0x0000000000000a10                DMA_IRQHandler
                0x0000000000000a10                TIMA0_IRQHandler
                0x0000000000000a10                UART3_IRQHandler
                0x0000000000000a10                CANFD0_IRQHandler
                0x0000000000000a14                Reset_Handler
                0x0000000000000a8c                _init
                0x0000000000000a8c                initStub
 .text          0x0000000000000a90        0x0 /home/clbritheking/ti/mspm0_sdk_2_11_00_07/source/ti/driverlib/lib/gcc/m0p/mspm0g1x0x_g3x0x/driverlib.a(dl_common.o)
 .text          0x0000000000000a90        0x0 /home/clbritheking/ti/mspm0_sdk_2_11_00_07/source/ti/driverlib/lib/gcc/m0p/mspm0g1x0x_g3x0x/driverlib.a(dl_i2c.o)
 .text          0x0000000000000a90        0x0 /home/clbritheking/ti/mspm0_sdk_2_11_00_07/source/ti/driverlib/lib/gcc/m0p/mspm0g1x0x_g3x0x/driverlib.a(dl_timer.o)
 .text          0x0000000000000a90        0x0 /home/clbritheking/ti/mspm0_sdk_2_11_00_07/source/ti/driverlib/lib/gcc/m0p/mspm0g1x0x_g3x0x/driverlib.a(dl_uart.o)
 .text          0x0000000000000a90      0x114 /usr/lib/gcc/arm-none-eabi/10.3.1/thumb/v6-m/nofp/libgcc.a(_udivsi3.o)
                0x0000000000000a90                __udivsi3
                0x0000000000000a90                __aeabi_uidiv
                0x0000000000000b9c                __aeabi_uidivmod
 .text          0x0000000000000ba4      0x1d4 /usr/lib/gcc/arm-none-eabi/10.3.1/thumb/v6-m/nofp/libgcc.a(_divsi3.o)
                0x0000000000000ba4                __aeabi_idiv
                0x0000000000000ba4                __divsi3
                0x0000000000000d70                __aeabi_idivmod
 .text          0x0000000000000d78        0x4 /usr/lib/gcc/arm-none-eabi/10.3.1/thumb/v6-m/nofp/libgcc.a(_dvmd_tls.o)
                0x0000000000000d78                __aeabi_ldiv0
                0x0000000000000d78                __aeabi_idiv0
 .text          0x0000000000000d7c       0x48 /usr/lib/gcc/arm-none-eabi/10.3.1/thumb/v6-m/nofp/libgcc.a(_aeabi_ldivmod.o)
                0x0000000000000d7c                __aeabi_ldivmod
 .text          0x0000000000000dc4       0x40 /usr/lib/gcc/arm-none-eabi/10.3.1/thumb/v6-m/nofp/libgcc.a(_aeabi_uldivmod.o)
                0x0000000000000dc4                __aeabi_uldivmod
 .text          0x0000000000000e04      0x198 /usr/lib/gcc/arm-none-eabi/10.3.1/thumb/v6-m/nofp/libgcc.a(_udivmoddi4.o)
                0x0000000000000e04                __udivmoddi4
 .text          0x0000000000000f9c       0x3c /usr/lib/gcc/arm-none-eabi/10.3.1/thumb/v6-m/nofp/libgcc.a(bpabi.o)
                0x0000000000000f9c                __gnu_ldivmod_helper
 .text          0x0000000000000fd8       0x18 /usr/lib/gcc/arm-none-eabi/10.3.1/thumb/v6-m/nofp/libgcc.a(_clzdi2.o)
                0x0000000000000fd8                __clzdi2
 .text          0x0000000000000ff0       0x5c /usr/lib/gcc/arm-none-eabi/10.3.1/thumb/v6-m/nofp/libgcc.a(_muldi3.o)
                0x0000000000000ff0                __aeabi_lmul
                0x0000000000000ff0                __muldi3
 .text          0x000000000000104c      0x1cc /usr/lib/gcc/arm-none-eabi/10.3.1/thumb/v6-m/nofp/libgcc.a(_divdi3.o)
                0x000000000000104c                __divdi3
 .text          0x0000000000001218       0x3c /usr/lib/gcc/arm-none-eabi/10.3.1/thumb/v6-m/nofp/libgcc.a(_clzsi2.o)
                0x0000000000001218                __clzsi2
 .text          0x0000000000001254       0x44 /usr/lib/gcc/arm-none-eabi/10.3.1/../../../arm-none-eabi/lib/thumb/v6-m/nofp/libg_nano.a(lib_a-init.o)
                0x0000000000001254                __libc_init_array
 .text          0x0000000000001298       0xa4 /usr/lib/gcc/arm-none-eabi/10.3.1/../../../arm-none-eabi/lib/thumb/v6-m/nofp/libg_nano.a(lib_a-memcpy-stub.o)
                0x0000000000001298                memcpy
 .text          0x000000000000133c       0xa8 /usr/lib/gcc/arm-none-eabi/10.3.1/../../../arm-none-eabi/lib/thumb/v6-m/nofp/libg_nano.a(lib_a-memset.o)
                0x000000000000133c                memset
                0x00000000000013e8                . = ALIGN (0x8)
 *fill*         0x00000000000013e4        0x4 
 *(.text.*)
 .text.startup  0x00000000000013e8      0x284 /tmp/ccdiowB5.o
                0x00000000000013e8                main
 .text.DL_Common_delayCycles
                0x000000000000166c        0xc /home/clbritheking/ti/mspm0_sdk_2_11_00_07/source/ti/driverlib/lib/gcc/m0p/mspm0g1x0x_g3x0x/driverlib.a(dl_common.o)
                0x000000000000166c                DL_Common_delayCycles
 .text.DL_I2C_setClockConfig
                0x0000000000001678       0x28 /home/clbritheking/ti/mspm0_sdk_2_11_00_07/source/ti/driverlib/lib/gcc/m0p/mspm0g1x0x_g3x0x/driverlib.a(dl_i2c.o)
                0x0000000000001678                DL_I2C_setClockConfig
 .text.DL_I2C_fillControllerTXFIFO
                0x00000000000016a0       0x48 /home/clbritheking/ti/mspm0_sdk_2_11_00_07/source/ti/driverlib/lib/gcc/m0p/mspm0g1x0x_g3x0x/driverlib.a(dl_i2c.o)
                0x00000000000016a0                DL_I2C_fillControllerTXFIFO
 .text.DL_I2C_flushControllerTXFIFO
                0x00000000000016e8       0x34 /home/clbritheking/ti/mspm0_sdk_2_11_00_07/source/ti/driverlib/lib/gcc/m0p/mspm0g1x0x_g3x0x/driverlib.a(dl_i2c.o)
                0x00000000000016e8                DL_I2C_flushControllerTXFIFO
 .text.DL_I2C_flushControllerRXFIFO
                0x000000000000171c       0x30 /home/clbritheking/ti/mspm0_sdk_2_11_00_07/source/ti/driverlib/lib/gcc/m0p/mspm0g1x0x_g3x0x/driverlib.a(dl_i2c.o)
                0x000000000000171c                DL_I2C_flushControllerRXFIFO
 .text.DL_Timer_setClockConfig
                0x000000000000174c       0x1c /home/clbritheking/ti/mspm0_sdk_2_11_00_07/source/ti/driverlib/lib/gcc/m0p/mspm0g1x0x_g3x0x/driverlib.a(dl_timer.o)
                0x000000000000174c                DL_Timer_setClockConfig
 .text.DL_Timer_initTimerMode
                0x0000000000001768       0x8c /home/clbritheking/ti/mspm0_sdk_2_11_00_07/source/ti/driverlib/lib/gcc/m0p/mspm0g1x0x_g3x0x/driverlib.a(dl_timer.o)
                0x0000000000001768                DL_Timer_initTimerMode
 .text.DL_UART_init
                0x00000000000017f4       0x48 /home/clbritheking/ti/mspm0_sdk_2_11_00_07/source/ti/driverlib/lib/gcc/m0p/mspm0g1x0x_g3x0x/driverlib.a(dl_uart.o)
                0x00000000000017f4                DL_UART_init
 .text.DL_UART_setClockConfig
                0x000000000000183c       0x14 /home/clbritheking/ti/mspm0_sdk_2_11_00_07/source/ti/driverlib/lib/gcc/m0p/mspm0g1x0x_g3x0x/driverlib.a(dl_uart.o)
                0x000000000000183c                DL_UART_setClockConfig
 .text.DL_UART_transmitDataBlocking
                0x0000000000001850       0x24 /home/clbritheking/ti/mspm0_sdk_2_11_00_07/source/ti/driverlib/lib/gcc/m0p/mspm0g1x0x_g3x0x/driverlib.a(dl_uart.o)
                0x0000000000001850                DL_UART_transmitDataBlocking
                0x0000000000001878                . = ALIGN (0x8)
 *fill*         0x0000000000001874        0x4 
 *(.ctors)
                0x0000000000001878                . = ALIGN (0x8)
 *(.dtors)
                0x0000000000001878                . = ALIGN (0x8)
 *(.init)
                0x0000000000001878                . = ALIGN (0x8)
 *(.fini*)
                0x0000000000001878                . = ALIGN (0x8)

.glue_7         0x0000000000001878        0x0
 .glue_7        0x0000000000001878        0x0 linker stubs

.glue_7t        0x0000000000001878        0x0
 .glue_7t       0x0000000000001878        0x0 linker stubs

.vfp11_veneer   0x0000000000001878        0x0
 .vfp11_veneer  0x0000000000001878        0x0 linker stubs

.v4_bx          0x0000000000001878        0x0
 .v4_bx         0x0000000000001878        0x0 linker stubs

.iplt           0x0000000000001878        0x0
 .iplt          0x0000000000001878        0x0 /tmp/ccdiowB5.o

.ramfunc        0x0000000020200000        0x0 load address 0x0000000000001878
                0x0000000000001878                __ramfunct_load__ = LOADADDR (.ramfunc)
                0x0000000020200000                __ramfunct_start__ = .
 *(.ramfunc)
                0x0000000020200000                . = ALIGN (0x8)
                0x0000000020200000                __ramfunct_end__ = .

.rodata         0x0000000000001878      0x2c8
 *(.rodata)
 .rodata        0x0000000000001878       0x11 /tmp/cc5R3LsX.o
 *fill*         0x0000000000001889        0x3 
 .rodata        0x000000000000188c       0x3a /tmp/ccV3frGJ.o
 *fill*         0x00000000000018c6        0x2 
 .rodata        0x00000000000018c8       0x2a /tmp/ccKhW4Lr.o
                0x00000000000018f8                . = ALIGN (0x8)
 *fill*         0x00000000000018f2        0x6 
 *(.rodata.*)
 .rodata.str1.4
                0x00000000000018f8      0x1b5 /tmp/ccdiowB5.o
 *fill*         0x0000000000001aad        0x3 
 .rodata.DL_Timer_initTimerMode
                0x0000000000001ab0       0x8c /home/clbritheking/ti/mspm0_sdk_2_11_00_07/source/ti/driverlib/lib/gcc/m0p/mspm0g1x0x_g3x0x/driverlib.a(dl_timer.o)
                0x0000000000001b40                . = ALIGN (0x8)
 *fill*         0x0000000000001b3c        0x4 

.preinit_array  0x0000000000001b40        0x0
                0x0000000000001b40                PROVIDE (__preinit_array_start = .)
 *(.preinit_array*)
                0x0000000000001b40                PROVIDE (__preinit_array_end = .)

.init_array     0x0000000000001b40        0x0
                0x0000000000001b40                . = ALIGN (0x8)
                0x0000000000001b40                PROVIDE (__init_array_start = .)
 *(SORT_BY_NAME(.init_array.*))
 *(.init_array*)
                0x0000000000001b40                PROVIDE (__init_array_end = .)

.fini_array     0x0000000000001b40        0x0
                0x0000000000001b40                . = ALIGN (0x8)
                [!provide]                        PROVIDE (__fini_array_start = .)
 *(SORT_BY_NAME(.fini_array.*))
 *(.fini_array*)
                [!provide]                        PROVIDE (__fini_array_end = .)
                0x0000000000001b40                . = ALIGN (0x8)

.ARM.exidx      0x0000000000001b40        0x8
                0x0000000000001b40                __exidx_start = .
 *(.ARM.exidx* .gnu.linkonce.armexidx.*)
 .ARM.exidx     0x0000000000001b40        0x8 /usr/lib/gcc/arm-none-eabi/10.3.1/thumb/v6-m/nofp/libgcc.a(_udivmoddi4.o)
 .ARM.exidx     0x0000000000001b48        0x0 /usr/lib/gcc/arm-none-eabi/10.3.1/thumb/v6-m/nofp/libgcc.a(_divdi3.o)
                                          0x8 (size before relaxing)
                0x0000000000001b48                __exidx_end = .

.ARM.extab      0x0000000000001b48        0x0
                0x0000000000001b48                . = ALIGN (0x8)
 *(.ARM.extab* .gnu.linkonce.armextab.*)
 .ARM.extab     0x0000000000001b48        0x0 /usr/lib/gcc/arm-none-eabi/10.3.1/thumb/v6-m/nofp/libgcc.a(_udivmoddi4.o)
 .ARM.extab     0x0000000000001b48        0x0 /usr/lib/gcc/arm-none-eabi/10.3.1/thumb/v6-m/nofp/libgcc.a(_divdi3.o)
                0x0000000000001b48                . = ALIGN (0x8)
                0x0000000000001b48                __etext = .

.rel.dyn        0x0000000000001b48        0x0
 .rel.iplt      0x0000000000001b48        0x0 /tmp/ccdiowB5.o

.data           0x0000000020200000        0x0 load address 0x0000000000001b48
                0x0000000000001b48                __data_load__ = LOADADDR (.data)
                0x0000000020200000                __data_start__ = .
 *(.data)
 .data          0x0000000020200000        0x0 /tmp/ccdiowB5.o
 .data          0x0000000020200000        0x0 /tmp/cc5R3LsX.o
 .data          0x0000000020200000        0x0 /tmp/ccV3frGJ.o
 .data          0x0000000020200000        0x0 /tmp/ccKhW4Lr.o
 .data          0x0000000020200000        0x0 /tmp/ccQf59QC.o
 .data          0x0000000020200000        0x0 /home/clbritheking/ti/mspm0_sdk_2_11_00_07/source/ti/driverlib/lib/gcc/m0p/mspm0g1x0x_g3x0x/driverlib.a(dl_common.o)
 .data          0x0000000020200000        0x0 /home/clbritheking/ti/mspm0_sdk_2_11_00_07/source/ti/driverlib/lib/gcc/m0p/mspm0g1x0x_g3x0x/driverlib.a(dl_i2c.o)
 .data          0x0000000020200000        0x0 /home/clbritheking/ti/mspm0_sdk_2_11_00_07/source/ti/driverlib/lib/gcc/m0p/mspm0g1x0x_g3x0x/driverlib.a(dl_timer.o)
 .data          0x0000000020200000        0x0 /home/clbritheking/ti/mspm0_sdk_2_11_00_07/source/ti/driverlib/lib/gcc/m0p/mspm0g1x0x_g3x0x/driverlib.a(dl_uart.o)
 .data          0x0000000020200000        0x0 /usr/lib/gcc/arm-none-eabi/10.3.1/thumb/v6-m/nofp/libgcc.a(_udivsi3.o)
 .data          0x0000000020200000        0x0 /usr/lib/gcc/arm-none-eabi/10.3.1/thumb/v6-m/nofp/libgcc.a(_divsi3.o)
 .data          0x0000000020200000        0x0 /usr/lib/gcc/arm-none-eabi/10.3.1/thumb/v6-m/nofp/libgcc.a(_dvmd_tls.o)
 .data          0x0000000020200000        0x0 /usr/lib/gcc/arm-none-eabi/10.3.1/thumb/v6-m/nofp/libgcc.a(_aeabi_ldivmod.o)
 .data          0x0000000020200000        0x0 /usr/lib/gcc/arm-none-eabi/10.3.1/thumb/v6-m/nofp/libgcc.a(_aeabi_uldivmod.o)
 .data          0x0000000020200000        0x0 /usr/lib/gcc/arm-none-eabi/10.3.1/thumb/v6-m/nofp/libgcc.a(_udivmoddi4.o)
 .data          0x0000000020200000        0x0 /usr/lib/gcc/arm-none-eabi/10.3.1/thumb/v6-m/nofp/libgcc.a(bpabi.o)
 .data          0x0000000020200000        0x0 /usr/lib/gcc/arm-none-eabi/10.3.1/thumb/v6-m/nofp/libgcc.a(_clzdi2.o)
 .data          0x0000000020200000        0x0 /usr/lib/gcc/arm-none-eabi/10.3.1/thumb/v6-m/nofp/libgcc.a(_muldi3.o)
 .data          0x0000000020200000        0x0 /usr/lib/gcc/arm-none-eabi/10.3.1/thumb/v6-m/nofp/libgcc.a(_divdi3.o)
 .data          0x0000000020200000        0x0 /usr/lib/gcc/arm-none-eabi/10.3.1/thumb/v6-m/nofp/libgcc.a(_clzsi2.o)
 .data          0x0000000020200000        0x0 /usr/lib/gcc/arm-none-eabi/10.3.1/../../../arm-none-eabi/lib/thumb/v6-m/nofp/libg_nano.a(lib_a-init.o)
 .data          0x0000000020200000        0x0 /usr/lib/gcc/arm-none-eabi/10.3.1/../../../arm-none-eabi/lib/thumb/v6-m/nofp/libg_nano.a(lib_a-memcpy-stub.o)
 .data          0x0000000020200000        0x0 /usr/lib/gcc/arm-none-eabi/10.3.1/../../../arm-none-eabi/lib/thumb/v6-m/nofp/libg_nano.a(lib_a-memset.o)
 *(.data*)
                0x0000000020200000                . = ALIGN (0x8)
                0x0000000020200000                __data_end__ = .

.igot.plt       0x0000000020200000        0x0 load address 0x0000000000001b48
 .igot.plt      0x0000000020200000        0x0 /tmp/ccdiowB5.o

.bss            0x0000000020200000       0xc8
                0x0000000020200000                __bss_start__ = .
 *(.shbss)
 *(.bss)
 .bss           0x0000000020200000       0x44 /tmp/ccdiowB5.o
                0x0000000020200000                gGyroZCentiDps
                0x0000000020200008                gTurnAngleCentiDeg
                0x0000000020200010                gMilliseconds
                0x0000000020200034                gGyroZRaw
                0x0000000020200038                gGyroZOffset
                0x0000000020200040                gMissedSamples
 .bss           0x0000000020200044       0x48 /tmp/cc5R3LsX.o
 .bss           0x000000002020008c       0x3a /tmp/ccV3frGJ.o
 .bss           0x00000000202000c6        0x0 /tmp/ccKhW4Lr.o
 .bss           0x00000000202000c6        0x0 /tmp/ccQf59QC.o
 .bss           0x00000000202000c6        0x0 /home/clbritheking/ti/mspm0_sdk_2_11_00_07/source/ti/driverlib/lib/gcc/m0p/mspm0g1x0x_g3x0x/driverlib.a(dl_common.o)
 .bss           0x00000000202000c6        0x0 /home/clbritheking/ti/mspm0_sdk_2_11_00_07/source/ti/driverlib/lib/gcc/m0p/mspm0g1x0x_g3x0x/driverlib.a(dl_i2c.o)
 .bss           0x00000000202000c6        0x0 /home/clbritheking/ti/mspm0_sdk_2_11_00_07/source/ti/driverlib/lib/gcc/m0p/mspm0g1x0x_g3x0x/driverlib.a(dl_timer.o)
 .bss           0x00000000202000c6        0x0 /home/clbritheking/ti/mspm0_sdk_2_11_00_07/source/ti/driverlib/lib/gcc/m0p/mspm0g1x0x_g3x0x/driverlib.a(dl_uart.o)
 .bss           0x00000000202000c6        0x0 /usr/lib/gcc/arm-none-eabi/10.3.1/thumb/v6-m/nofp/libgcc.a(_udivsi3.o)
 .bss           0x00000000202000c6        0x0 /usr/lib/gcc/arm-none-eabi/10.3.1/thumb/v6-m/nofp/libgcc.a(_divsi3.o)
 .bss           0x00000000202000c6        0x0 /usr/lib/gcc/arm-none-eabi/10.3.1/thumb/v6-m/nofp/libgcc.a(_dvmd_tls.o)
 .bss           0x00000000202000c6        0x0 /usr/lib/gcc/arm-none-eabi/10.3.1/thumb/v6-m/nofp/libgcc.a(_aeabi_ldivmod.o)
 .bss           0x00000000202000c6        0x0 /usr/lib/gcc/arm-none-eabi/10.3.1/thumb/v6-m/nofp/libgcc.a(_aeabi_uldivmod.o)
 .bss           0x00000000202000c6        0x0 /usr/lib/gcc/arm-none-eabi/10.3.1/thumb/v6-m/nofp/libgcc.a(_udivmoddi4.o)
 .bss           0x00000000202000c6        0x0 /usr/lib/gcc/arm-none-eabi/10.3.1/thumb/v6-m/nofp/libgcc.a(bpabi.o)
 .bss           0x00000000202000c6        0x0 /usr/lib/gcc/arm-none-eabi/10.3.1/thumb/v6-m/nofp/libgcc.a(_clzdi2.o)
 .bss           0x00000000202000c6        0x0 /usr/lib/gcc/arm-none-eabi/10.3.1/thumb/v6-m/nofp/libgcc.a(_muldi3.o)
 .bss           0x00000000202000c6        0x0 /usr/lib/gcc/arm-none-eabi/10.3.1/thumb/v6-m/nofp/libgcc.a(_divdi3.o)
 .bss           0x00000000202000c6        0x0 /usr/lib/gcc/arm-none-eabi/10.3.1/thumb/v6-m/nofp/libgcc.a(_clzsi2.o)
 .bss           0x00000000202000c6        0x0 /usr/lib/gcc/arm-none-eabi/10.3.1/../../../arm-none-eabi/lib/thumb/v6-m/nofp/libg_nano.a(lib_a-init.o)
 .bss           0x00000000202000c6        0x0 /usr/lib/gcc/arm-none-eabi/10.3.1/../../../arm-none-eabi/lib/thumb/v6-m/nofp/libg_nano.a(lib_a-memcpy-stub.o)
 .bss           0x00000000202000c6        0x0 /usr/lib/gcc/arm-none-eabi/10.3.1/../../../arm-none-eabi/lib/thumb/v6-m/nofp/libg_nano.a(lib_a-memset.o)
 *(.bss.*)
 *(COMMON)
                0x00000000202000c8                . = ALIGN (0x8)
 *fill*         0x00000000202000c6        0x2 
                0x00000000202000c8                __bss_end__ = .

.noinit         0x00000000202000c8        0x0
 *(*.noinit*)
                0x00000000202000c8                . = ALIGN (0x8)

.heap           0x00000000202000c8        0x0
                0x00000000202000c8                __heap_start__ = .
                0x00000000202000c8                end = __heap_start__
                0x00000000202000c8                _end = end
                0x00000000202000c8                __end = end
 *(.heap)
                0x00000000202000c8                __heap_end__ = .
                0x00000000202000c8                __HeapLimit = __heap_end__

.stack          0x00000000202000c8        0x0
                0x00000000202000c8                _stack = .
 *(.stack)

.BCRConfig
 *(.BCRConfig)

.BSLConfig
 *(.BSLConfig)
                0x0000000020208000                __StackTop = (ORIGIN (REGION_STACK) + LENGTH (REGION_STACK))
                [!provide]                        PROVIDE (__stack = __StackTop)
OUTPUT(firmware.elf elf32-littlearm)
LOAD linker stubs

.debug_info     0x0000000000000000    0x35af1
 .debug_info    0x0000000000000000     0x6401 /tmp/ccdiowB5.o
 .debug_info    0x0000000000006401     0x5d9d /tmp/cc5R3LsX.o
 .debug_info    0x000000000000c19e     0x66d6 /tmp/ccV3frGJ.o
 .debug_info    0x0000000000012874     0x6f33 /tmp/ccKhW4Lr.o
 .debug_info    0x00000000000197a7      0x1fc /tmp/ccQf59QC.o
 .debug_info    0x00000000000199a3     0x561b /home/clbritheking/ti/mspm0_sdk_2_11_00_07/source/ti/driverlib/lib/gcc/m0p/mspm0g1x0x_g3x0x/driverlib.a(dl_common.o)
 .debug_info    0x000000000001efbe     0x5f7e /home/clbritheking/ti/mspm0_sdk_2_11_00_07/source/ti/driverlib/lib/gcc/m0p/mspm0g1x0x_g3x0x/driverlib.a(dl_i2c.o)
 .debug_info    0x0000000000024f3c     0x9259 /home/clbritheking/ti/mspm0_sdk_2_11_00_07/source/ti/driverlib/lib/gcc/m0p/mspm0g1x0x_g3x0x/driverlib.a(dl_timer.o)
 .debug_info    0x000000000002e195     0x670b /home/clbritheking/ti/mspm0_sdk_2_11_00_07/source/ti/driverlib/lib/gcc/m0p/mspm0g1x0x_g3x0x/driverlib.a(dl_uart.o)
 .debug_info    0x00000000000348a0       0x26 /usr/lib/gcc/arm-none-eabi/10.3.1/thumb/v6-m/nofp/libgcc.a(_udivsi3.o)
 .debug_info    0x00000000000348c6       0x26 /usr/lib/gcc/arm-none-eabi/10.3.1/thumb/v6-m/nofp/libgcc.a(_divsi3.o)
 .debug_info    0x00000000000348ec       0x26 /usr/lib/gcc/arm-none-eabi/10.3.1/thumb/v6-m/nofp/libgcc.a(_dvmd_tls.o)
 .debug_info    0x0000000000034912       0x26 /usr/lib/gcc/arm-none-eabi/10.3.1/thumb/v6-m/nofp/libgcc.a(_aeabi_ldivmod.o)
 .debug_info    0x0000000000034938       0x26 /usr/lib/gcc/arm-none-eabi/10.3.1/thumb/v6-m/nofp/libgcc.a(_aeabi_uldivmod.o)
 .debug_info    0x000000000003495e      0x39f /usr/lib/gcc/arm-none-eabi/10.3.1/thumb/v6-m/nofp/libgcc.a(_udivmoddi4.o)
 .debug_info    0x0000000000034cfd       0xe4 /usr/lib/gcc/arm-none-eabi/10.3.1/thumb/v6-m/nofp/libgcc.a(bpabi.o)
 .debug_info    0x0000000000034de1       0x26 /usr/lib/gcc/arm-none-eabi/10.3.1/thumb/v6-m/nofp/libgcc.a(_clzdi2.o)
 .debug_info    0x0000000000034e07      0x431 /usr/lib/gcc/arm-none-eabi/10.3.1/thumb/v6-m/nofp/libgcc.a(_muldi3.o)
 .debug_info    0x0000000000035238      0x4e0 /usr/lib/gcc/arm-none-eabi/10.3.1/thumb/v6-m/nofp/libgcc.a(_divdi3.o)
 .debug_info    0x0000000000035718       0x26 /usr/lib/gcc/arm-none-eabi/10.3.1/thumb/v6-m/nofp/libgcc.a(_clzsi2.o)
 .debug_info    0x000000000003573e      0x11a /usr/lib/gcc/arm-none-eabi/10.3.1/../../../arm-none-eabi/lib/thumb/v6-m/nofp/libg_nano.a(lib_a-init.o)
 .debug_info    0x0000000000035858      0x15c /usr/lib/gcc/arm-none-eabi/10.3.1/../../../arm-none-eabi/lib/thumb/v6-m/nofp/libg_nano.a(lib_a-memcpy-stub.o)
 .debug_info    0x00000000000359b4      0x13d /usr/lib/gcc/arm-none-eabi/10.3.1/../../../arm-none-eabi/lib/thumb/v6-m/nofp/libg_nano.a(lib_a-memset.o)

.debug_abbrev   0x0000000000000000     0x2369
 .debug_abbrev  0x0000000000000000      0x3b6 /tmp/ccdiowB5.o
 .debug_abbrev  0x00000000000003b6      0x38e /tmp/cc5R3LsX.o
 .debug_abbrev  0x0000000000000744      0x440 /tmp/ccV3frGJ.o
 .debug_abbrev  0x0000000000000b84      0x343 /tmp/ccKhW4Lr.o
 .debug_abbrev  0x0000000000000ec7      0x12d /tmp/ccQf59QC.o
 .debug_abbrev  0x0000000000000ff4      0x166 /home/clbritheking/ti/mspm0_sdk_2_11_00_07/source/ti/driverlib/lib/gcc/m0p/mspm0g1x0x_g3x0x/driverlib.a(dl_common.o)
 .debug_abbrev  0x000000000000115a      0x2f1 /home/clbritheking/ti/mspm0_sdk_2_11_00_07/source/ti/driverlib/lib/gcc/m0p/mspm0g1x0x_g3x0x/driverlib.a(dl_i2c.o)
 .debug_abbrev  0x000000000000144b      0x3dd /home/clbritheking/ti/mspm0_sdk_2_11_00_07/source/ti/driverlib/lib/gcc/m0p/mspm0g1x0x_g3x0x/driverlib.a(dl_timer.o)
 .debug_abbrev  0x0000000000001828      0x3a0 /home/clbritheking/ti/mspm0_sdk_2_11_00_07/source/ti/driverlib/lib/gcc/m0p/mspm0g1x0x_g3x0x/driverlib.a(dl_uart.o)
 .debug_abbrev  0x0000000000001bc8       0x14 /usr/lib/gcc/arm-none-eabi/10.3.1/thumb/v6-m/nofp/libgcc.a(_udivsi3.o)
 .debug_abbrev  0x0000000000001bdc       0x14 /usr/lib/gcc/arm-none-eabi/10.3.1/thumb/v6-m/nofp/libgcc.a(_divsi3.o)
 .debug_abbrev  0x0000000000001bf0       0x14 /usr/lib/gcc/arm-none-eabi/10.3.1/thumb/v6-m/nofp/libgcc.a(_dvmd_tls.o)
 .debug_abbrev  0x0000000000001c04       0x14 /usr/lib/gcc/arm-none-eabi/10.3.1/thumb/v6-m/nofp/libgcc.a(_aeabi_ldivmod.o)
 .debug_abbrev  0x0000000000001c18       0x14 /usr/lib/gcc/arm-none-eabi/10.3.1/thumb/v6-m/nofp/libgcc.a(_aeabi_uldivmod.o)
 .debug_abbrev  0x0000000000001c2c      0x11b /usr/lib/gcc/arm-none-eabi/10.3.1/thumb/v6-m/nofp/libgcc.a(_udivmoddi4.o)
 .debug_abbrev  0x0000000000001d47       0xc3 /usr/lib/gcc/arm-none-eabi/10.3.1/thumb/v6-m/nofp/libgcc.a(bpabi.o)
 .debug_abbrev  0x0000000000001e0a       0x14 /usr/lib/gcc/arm-none-eabi/10.3.1/thumb/v6-m/nofp/libgcc.a(_clzdi2.o)
 .debug_abbrev  0x0000000000001e1e      0x13b /usr/lib/gcc/arm-none-eabi/10.3.1/thumb/v6-m/nofp/libgcc.a(_muldi3.o)
 .debug_abbrev  0x0000000000001f59      0x1b5 /usr/lib/gcc/arm-none-eabi/10.3.1/thumb/v6-m/nofp/libgcc.a(_divdi3.o)
 .debug_abbrev  0x000000000000210e       0x14 /usr/lib/gcc/arm-none-eabi/10.3.1/thumb/v6-m/nofp/libgcc.a(_clzsi2.o)
 .debug_abbrev  0x0000000000002122       0xcc /usr/lib/gcc/arm-none-eabi/10.3.1/../../../arm-none-eabi/lib/thumb/v6-m/nofp/libg_nano.a(lib_a-init.o)
 .debug_abbrev  0x00000000000021ee       0xc7 /usr/lib/gcc/arm-none-eabi/10.3.1/../../../arm-none-eabi/lib/thumb/v6-m/nofp/libg_nano.a(lib_a-memcpy-stub.o)
 .debug_abbrev  0x00000000000022b5       0xb4 /usr/lib/gcc/arm-none-eabi/10.3.1/../../../arm-none-eabi/lib/thumb/v6-m/nofp/libg_nano.a(lib_a-memset.o)

.debug_loc      0x0000000000000000     0x72bb
 .debug_loc     0x0000000000000000      0x3be /tmp/ccdiowB5.o
 .debug_loc     0x00000000000003be      0x5da /tmp/cc5R3LsX.o
 .debug_loc     0x0000000000000998      0xbf2 /tmp/ccV3frGJ.o
 .debug_loc     0x000000000000158a      0x932 /tmp/ccKhW4Lr.o
 .debug_loc     0x0000000000001ebc      0x473 /home/clbritheking/ti/mspm0_sdk_2_11_00_07/source/ti/driverlib/lib/gcc/m0p/mspm0g1x0x_g3x0x/driverlib.a(dl_i2c.o)
 .debug_loc     0x000000000000232f     0x3114 /home/clbritheking/ti/mspm0_sdk_2_11_00_07/source/ti/driverlib/lib/gcc/m0p/mspm0g1x0x_g3x0x/driverlib.a(dl_timer.o)
 .debug_loc     0x0000000000005443      0xad7 /home/clbritheking/ti/mspm0_sdk_2_11_00_07/source/ti/driverlib/lib/gcc/m0p/mspm0g1x0x_g3x0x/driverlib.a(dl_uart.o)
 .debug_loc     0x0000000000005f1a      0x3d3 /usr/lib/gcc/arm-none-eabi/10.3.1/thumb/v6-m/nofp/libgcc.a(_udivmoddi4.o)
 .debug_loc     0x00000000000062ed       0xcc /usr/lib/gcc/arm-none-eabi/10.3.1/thumb/v6-m/nofp/libgcc.a(bpabi.o)
 .debug_loc     0x00000000000063b9      0x1c7 /usr/lib/gcc/arm-none-eabi/10.3.1/thumb/v6-m/nofp/libgcc.a(_muldi3.o)
 .debug_loc     0x0000000000006580      0x5a9 /usr/lib/gcc/arm-none-eabi/10.3.1/thumb/v6-m/nofp/libgcc.a(_divdi3.o)
 .debug_loc     0x0000000000006b29       0x98 /usr/lib/gcc/arm-none-eabi/10.3.1/../../../arm-none-eabi/lib/thumb/v6-m/nofp/libg_nano.a(lib_a-init.o)
 .debug_loc     0x0000000000006bc1      0x457 /usr/lib/gcc/arm-none-eabi/10.3.1/../../../arm-none-eabi/lib/thumb/v6-m/nofp/libg_nano.a(lib_a-memcpy-stub.o)
 .debug_loc     0x0000000000007018      0x2a3 /usr/lib/gcc/arm-none-eabi/10.3.1/../../../arm-none-eabi/lib/thumb/v6-m/nofp/libg_nano.a(lib_a-memset.o)

.debug_aranges  0x0000000000000000      0x528
 .debug_aranges
                0x0000000000000000       0x28 /tmp/ccdiowB5.o
 .debug_aranges
                0x0000000000000028       0x20 /tmp/cc5R3LsX.o
 .debug_aranges
                0x0000000000000048       0x20 /tmp/ccV3frGJ.o
 .debug_aranges
                0x0000000000000068       0x20 /tmp/ccKhW4Lr.o
 .debug_aranges
                0x0000000000000088       0x20 /tmp/ccQf59QC.o
 .debug_aranges
                0x00000000000000a8       0x20 /home/clbritheking/ti/mspm0_sdk_2_11_00_07/source/ti/driverlib/lib/gcc/m0p/mspm0g1x0x_g3x0x/driverlib.a(dl_common.o)
 .debug_aranges
                0x00000000000000c8       0x78 /home/clbritheking/ti/mspm0_sdk_2_11_00_07/source/ti/driverlib/lib/gcc/m0p/mspm0g1x0x_g3x0x/driverlib.a(dl_i2c.o)
 .debug_aranges
                0x0000000000000140      0x190 /home/clbritheking/ti/mspm0_sdk_2_11_00_07/source/ti/driverlib/lib/gcc/m0p/mspm0g1x0x_g3x0x/driverlib.a(dl_timer.o)
 .debug_aranges
                0x00000000000002d0       0x98 /home/clbritheking/ti/mspm0_sdk_2_11_00_07/source/ti/driverlib/lib/gcc/m0p/mspm0g1x0x_g3x0x/driverlib.a(dl_uart.o)
 .debug_aranges
                0x0000000000000368       0x20 /usr/lib/gcc/arm-none-eabi/10.3.1/thumb/v6-m/nofp/libgcc.a(_udivsi3.o)
 .debug_aranges
                0x0000000000000388       0x20 /usr/lib/gcc/arm-none-eabi/10.3.1/thumb/v6-m/nofp/libgcc.a(_divsi3.o)
 .debug_aranges
                0x00000000000003a8       0x20 /usr/lib/gcc/arm-none-eabi/10.3.1/thumb/v6-m/nofp/libgcc.a(_dvmd_tls.o)
 .debug_aranges
                0x00000000000003c8       0x20 /usr/lib/gcc/arm-none-eabi/10.3.1/thumb/v6-m/nofp/libgcc.a(_aeabi_ldivmod.o)
 .debug_aranges
                0x00000000000003e8       0x20 /usr/lib/gcc/arm-none-eabi/10.3.1/thumb/v6-m/nofp/libgcc.a(_aeabi_uldivmod.o)
 .debug_aranges
                0x0000000000000408       0x20 /usr/lib/gcc/arm-none-eabi/10.3.1/thumb/v6-m/nofp/libgcc.a(_udivmoddi4.o)
 .debug_aranges
                0x0000000000000428       0x20 /usr/lib/gcc/arm-none-eabi/10.3.1/thumb/v6-m/nofp/libgcc.a(bpabi.o)
 .debug_aranges
                0x0000000000000448       0x20 /usr/lib/gcc/arm-none-eabi/10.3.1/thumb/v6-m/nofp/libgcc.a(_clzdi2.o)
 .debug_aranges
                0x0000000000000468       0x20 /usr/lib/gcc/arm-none-eabi/10.3.1/thumb/v6-m/nofp/libgcc.a(_muldi3.o)
 .debug_aranges
                0x0000000000000488       0x20 /usr/lib/gcc/arm-none-eabi/10.3.1/thumb/v6-m/nofp/libgcc.a(_divdi3.o)
 .debug_aranges
                0x00000000000004a8       0x20 /usr/lib/gcc/arm-none-eabi/10.3.1/thumb/v6-m/nofp/libgcc.a(_clzsi2.o)
 .debug_aranges
                0x00000000000004c8       0x20 /usr/lib/gcc/arm-none-eabi/10.3.1/../../../arm-none-eabi/lib/thumb/v6-m/nofp/libg_nano.a(lib_a-init.o)
 .debug_aranges
                0x00000000000004e8       0x20 /usr/lib/gcc/arm-none-eabi/10.3.1/../../../arm-none-eabi/lib/thumb/v6-m/nofp/libg_nano.a(lib_a-memcpy-stub.o)
 .debug_aranges
                0x0000000000000508       0x20 /usr/lib/gcc/arm-none-eabi/10.3.1/../../../arm-none-eabi/lib/thumb/v6-m/nofp/libg_nano.a(lib_a-memset.o)

.debug_ranges   0x0000000000000000     0x15c8
 .debug_ranges  0x0000000000000000      0x118 /tmp/ccdiowB5.o
 .debug_ranges  0x0000000000000118       0xa8 /tmp/cc5R3LsX.o
 .debug_ranges  0x00000000000001c0      0x240 /tmp/ccV3frGJ.o
 .debug_ranges  0x0000000000000400      0x210 /tmp/ccKhW4Lr.o
 .debug_ranges  0x0000000000000610       0x10 /home/clbritheking/ti/mspm0_sdk_2_11_00_07/source/ti/driverlib/lib/gcc/m0p/mspm0g1x0x_g3x0x/driverlib.a(dl_common.o)
 .debug_ranges  0x0000000000000620      0x318 /home/clbritheking/ti/mspm0_sdk_2_11_00_07/source/ti/driverlib/lib/gcc/m0p/mspm0g1x0x_g3x0x/driverlib.a(dl_i2c.o)
 .debug_ranges  0x0000000000000938      0x8b0 /home/clbritheking/ti/mspm0_sdk_2_11_00_07/source/ti/driverlib/lib/gcc/m0p/mspm0g1x0x_g3x0x/driverlib.a(dl_timer.o)
 .debug_ranges  0x00000000000011e8      0x390 /home/clbritheking/ti/mspm0_sdk_2_11_00_07/source/ti/driverlib/lib/gcc/m0p/mspm0g1x0x_g3x0x/driverlib.a(dl_uart.o)
 .debug_ranges  0x0000000000001578       0x30 /usr/lib/gcc/arm-none-eabi/10.3.1/thumb/v6-m/nofp/libgcc.a(_muldi3.o)
 .debug_ranges  0x00000000000015a8       0x20 /usr/lib/gcc/arm-none-eabi/10.3.1/thumb/v6-m/nofp/libgcc.a(_divdi3.o)

.debug_line     0x0000000000000000     0x7798
 .debug_line    0x0000000000000000      0x930 /tmp/ccdiowB5.o
 .debug_line    0x0000000000000930      0x6bf /tmp/cc5R3LsX.o
 .debug_line    0x0000000000000fef      0xc79 /tmp/ccV3frGJ.o
 .debug_line    0x0000000000001c68      0xa05 /tmp/ccKhW4Lr.o
 .debug_line    0x000000000000266d      0x159 /tmp/ccQf59QC.o
 .debug_line    0x00000000000027c6      0x427 /home/clbritheking/ti/mspm0_sdk_2_11_00_07/source/ti/driverlib/lib/gcc/m0p/mspm0g1x0x_g3x0x/driverlib.a(dl_common.o)
 .debug_line    0x0000000000002bed      0xaae /home/clbritheking/ti/mspm0_sdk_2_11_00_07/source/ti/driverlib/lib/gcc/m0p/mspm0g1x0x_g3x0x/driverlib.a(dl_i2c.o)
 .debug_line    0x000000000000369b     0x24f6 /home/clbritheking/ti/mspm0_sdk_2_11_00_07/source/ti/driverlib/lib/gcc/m0p/mspm0g1x0x_g3x0x/driverlib.a(dl_timer.o)
 .debug_line    0x0000000000005b91      0xee2 /home/clbritheking/ti/mspm0_sdk_2_11_00_07/source/ti/driverlib/lib/gcc/m0p/mspm0g1x0x_g3x0x/driverlib.a(dl_uart.o)
 .debug_line    0x0000000000006a73       0x6c /usr/lib/gcc/arm-none-eabi/10.3.1/thumb/v6-m/nofp/libgcc.a(_udivsi3.o)
 .debug_line    0x0000000000006adf       0x73 /usr/lib/gcc/arm-none-eabi/10.3.1/thumb/v6-m/nofp/libgcc.a(_divsi3.o)
 .debug_line    0x0000000000006b52       0x60 /usr/lib/gcc/arm-none-eabi/10.3.1/thumb/v6-m/nofp/libgcc.a(_dvmd_tls.o)
 .debug_line    0x0000000000006bb2       0x6b /usr/lib/gcc/arm-none-eabi/10.3.1/thumb/v6-m/nofp/libgcc.a(_aeabi_ldivmod.o)
 .debug_line    0x0000000000006c1d       0x6b /usr/lib/gcc/arm-none-eabi/10.3.1/thumb/v6-m/nofp/libgcc.a(_aeabi_uldivmod.o)
 .debug_line    0x0000000000006c88      0x1c2 /usr/lib/gcc/arm-none-eabi/10.3.1/thumb/v6-m/nofp/libgcc.a(_udivmoddi4.o)
 .debug_line    0x0000000000006e4a       0x8c /usr/lib/gcc/arm-none-eabi/10.3.1/thumb/v6-m/nofp/libgcc.a(bpabi.o)
 .debug_line    0x0000000000006ed6       0x6a /usr/lib/gcc/arm-none-eabi/10.3.1/thumb/v6-m/nofp/libgcc.a(_clzdi2.o)
 .debug_line    0x0000000000006f40      0x12e /usr/lib/gcc/arm-none-eabi/10.3.1/thumb/v6-m/nofp/libgcc.a(_muldi3.o)
 .debug_line    0x000000000000706e      0x20c /usr/lib/gcc/arm-none-eabi/10.3.1/thumb/v6-m/nofp/libgcc.a(_divdi3.o)
 .debug_line    0x000000000000727a       0x74 /usr/lib/gcc/arm-none-eabi/10.3.1/thumb/v6-m/nofp/libgcc.a(_clzsi2.o)
 .debug_line    0x00000000000072ee      0x127 /usr/lib/gcc/arm-none-eabi/10.3.1/../../../arm-none-eabi/lib/thumb/v6-m/nofp/libg_nano.a(lib_a-init.o)
 .debug_line    0x0000000000007415      0x1b5 /usr/lib/gcc/arm-none-eabi/10.3.1/../../../arm-none-eabi/lib/thumb/v6-m/nofp/libg_nano.a(lib_a-memcpy-stub.o)
 .debug_line    0x00000000000075ca      0x1ce /usr/lib/gcc/arm-none-eabi/10.3.1/../../../arm-none-eabi/lib/thumb/v6-m/nofp/libg_nano.a(lib_a-memset.o)

.debug_str      0x0000000000000000     0x7624
 .debug_str     0x0000000000000000     0x220c /tmp/ccdiowB5.o
                                       0x2334 (size before relaxing)
 .debug_str     0x000000000000220c      0x33c /tmp/cc5R3LsX.o
                                       0x1e22 (size before relaxing)
 .debug_str     0x0000000000002548      0xa06 /tmp/ccV3frGJ.o
                                       0x25d8 (size before relaxing)
 .debug_str     0x0000000000002f4e     0x18e1 /tmp/ccKhW4Lr.o
                                       0x3389 (size before relaxing)
 .debug_str     0x000000000000482f      0x170 /tmp/ccQf59QC.o
                                        0x2cf (size before relaxing)
 .debug_str     0x000000000000499f      0x1ac /home/clbritheking/ti/mspm0_sdk_2_11_00_07/source/ti/driverlib/lib/gcc/m0p/mspm0g1x0x_g3x0x/driverlib.a(dl_common.o)
                                       0x1b32 (size before relaxing)
 .debug_str     0x0000000000004b4b      0x3ab /home/clbritheking/ti/mspm0_sdk_2_11_00_07/source/ti/driverlib/lib/gcc/m0p/mspm0g1x0x_g3x0x/driverlib.a(dl_i2c.o)
                                       0x1feb (size before relaxing)
 .debug_str     0x0000000000004ef6     0x18fa /home/clbritheking/ti/mspm0_sdk_2_11_00_07/source/ti/driverlib/lib/gcc/m0p/mspm0g1x0x_g3x0x/driverlib.a(dl_timer.o)
                                       0x36ea (size before relaxing)
 .debug_str     0x00000000000067f0      0x43a /home/clbritheking/ti/mspm0_sdk_2_11_00_07/source/ti/driverlib/lib/gcc/m0p/mspm0g1x0x_g3x0x/driverlib.a(dl_uart.o)
                                       0x24b5 (size before relaxing)
 .debug_str     0x0000000000006c2a       0xa6 /usr/lib/gcc/arm-none-eabi/10.3.1/thumb/v6-m/nofp/libgcc.a(_udivsi3.o)
 .debug_str     0x0000000000006cd0       0xa6 /usr/lib/gcc/arm-none-eabi/10.3.1/thumb/v6-m/nofp/libgcc.a(_divsi3.o)
 .debug_str     0x0000000000006cd0       0xa6 /usr/lib/gcc/arm-none-eabi/10.3.1/thumb/v6-m/nofp/libgcc.a(_dvmd_tls.o)
 .debug_str     0x0000000000006cd0       0x30 /usr/lib/gcc/arm-none-eabi/10.3.1/thumb/v6-m/nofp/libgcc.a(_aeabi_ldivmod.o)
                                         0xa6 (size before relaxing)
 .debug_str     0x0000000000006d00       0xa6 /usr/lib/gcc/arm-none-eabi/10.3.1/thumb/v6-m/nofp/libgcc.a(_aeabi_uldivmod.o)
 .debug_str     0x0000000000006d00      0x511 /usr/lib/gcc/arm-none-eabi/10.3.1/thumb/v6-m/nofp/libgcc.a(_udivmoddi4.o)
                                        0x602 (size before relaxing)
 .debug_str     0x0000000000007211      0x111 /usr/lib/gcc/arm-none-eabi/10.3.1/thumb/v6-m/nofp/libgcc.a(bpabi.o)
                                        0x1a0 (size before relaxing)
 .debug_str     0x0000000000007322       0xa6 /usr/lib/gcc/arm-none-eabi/10.3.1/thumb/v6-m/nofp/libgcc.a(_clzdi2.o)
 .debug_str     0x0000000000007322       0x47 /usr/lib/gcc/arm-none-eabi/10.3.1/thumb/v6-m/nofp/libgcc.a(_muldi3.o)
                                        0x62c (size before relaxing)
 .debug_str     0x0000000000007369      0x62f /usr/lib/gcc/arm-none-eabi/10.3.1/thumb/v6-m/nofp/libgcc.a(_divdi3.o)
 .debug_str     0x0000000000007369       0xa6 /usr/lib/gcc/arm-none-eabi/10.3.1/thumb/v6-m/nofp/libgcc.a(_clzsi2.o)
 .debug_str     0x0000000000007369      0x151 /usr/lib/gcc/arm-none-eabi/10.3.1/../../../arm-none-eabi/lib/thumb/v6-m/nofp/libg_nano.a(lib_a-init.o)
                                        0x204 (size before relaxing)
 .debug_str     0x00000000000074ba       0xcb /usr/lib/gcc/arm-none-eabi/10.3.1/../../../arm-none-eabi/lib/thumb/v6-m/nofp/libg_nano.a(lib_a-memcpy-stub.o)
                                        0x1de (size before relaxing)
 .debug_str     0x0000000000007585       0x9f /usr/lib/gcc/arm-none-eabi/10.3.1/../../../arm-none-eabi/lib/thumb/v6-m/nofp/libg_nano.a(lib_a-memset.o)
                                        0x1b9 (size before relaxing)

.comment        0x0000000000000000       0xac
 .comment       0x0000000000000000       0x33 /tmp/ccdiowB5.o
                                         0x34 (size before relaxing)
 .comment       0x0000000000000033       0x34 /tmp/cc5R3LsX.o
 .comment       0x0000000000000033       0x34 /tmp/ccV3frGJ.o
 .comment       0x0000000000000033       0x34 /tmp/ccKhW4Lr.o
 .comment       0x0000000000000033       0x34 /tmp/ccQf59QC.o
 .comment       0x0000000000000033       0x79 /home/clbritheking/ti/mspm0_sdk_2_11_00_07/source/ti/driverlib/lib/gcc/m0p/mspm0g1x0x_g3x0x/driverlib.a(dl_common.o)
                                         0x7a (size before relaxing)
 .comment       0x00000000000000ac       0x7a /home/clbritheking/ti/mspm0_sdk_2_11_00_07/source/ti/driverlib/lib/gcc/m0p/mspm0g1x0x_g3x0x/driverlib.a(dl_i2c.o)
 .comment       0x00000000000000ac       0x7a /home/clbritheking/ti/mspm0_sdk_2_11_00_07/source/ti/driverlib/lib/gcc/m0p/mspm0g1x0x_g3x0x/driverlib.a(dl_timer.o)
 .comment       0x00000000000000ac       0x7a /home/clbritheking/ti/mspm0_sdk_2_11_00_07/source/ti/driverlib/lib/gcc/m0p/mspm0g1x0x_g3x0x/driverlib.a(dl_uart.o)
 .comment       0x00000000000000ac       0x34 /usr/lib/gcc/arm-none-eabi/10.3.1/thumb/v6-m/nofp/libgcc.a(_udivmoddi4.o)
 .comment       0x00000000000000ac       0x34 /usr/lib/gcc/arm-none-eabi/10.3.1/thumb/v6-m/nofp/libgcc.a(bpabi.o)
 .comment       0x00000000000000ac       0x34 /usr/lib/gcc/arm-none-eabi/10.3.1/thumb/v6-m/nofp/libgcc.a(_muldi3.o)
 .comment       0x00000000000000ac       0x34 /usr/lib/gcc/arm-none-eabi/10.3.1/thumb/v6-m/nofp/libgcc.a(_divdi3.o)
 .comment       0x00000000000000ac       0x34 /usr/lib/gcc/arm-none-eabi/10.3.1/../../../arm-none-eabi/lib/thumb/v6-m/nofp/libg_nano.a(lib_a-init.o)
 .comment       0x00000000000000ac       0x34 /usr/lib/gcc/arm-none-eabi/10.3.1/../../../arm-none-eabi/lib/thumb/v6-m/nofp/libg_nano.a(lib_a-memcpy-stub.o)
 .comment       0x00000000000000ac       0x34 /usr/lib/gcc/arm-none-eabi/10.3.1/../../../arm-none-eabi/lib/thumb/v6-m/nofp/libg_nano.a(lib_a-memset.o)

.ARM.attributes
                0x0000000000000000       0x2c
 .ARM.attributes
                0x0000000000000000       0x2c /tmp/ccdiowB5.o
 .ARM.attributes
                0x000000000000002c       0x2c /tmp/cc5R3LsX.o
 .ARM.attributes
                0x0000000000000058       0x2c /tmp/ccV3frGJ.o
 .ARM.attributes
                0x0000000000000084       0x2c /tmp/ccKhW4Lr.o
 .ARM.attributes
                0x00000000000000b0       0x2c /tmp/ccQf59QC.o
 .ARM.attributes
                0x00000000000000dc       0x2b /home/clbritheking/ti/mspm0_sdk_2_11_00_07/source/ti/driverlib/lib/gcc/m0p/mspm0g1x0x_g3x0x/driverlib.a(dl_common.o)
 .ARM.attributes
                0x0000000000000107       0x2b /home/clbritheking/ti/mspm0_sdk_2_11_00_07/source/ti/driverlib/lib/gcc/m0p/mspm0g1x0x_g3x0x/driverlib.a(dl_i2c.o)
 .ARM.attributes
                0x0000000000000132       0x2b /home/clbritheking/ti/mspm0_sdk_2_11_00_07/source/ti/driverlib/lib/gcc/m0p/mspm0g1x0x_g3x0x/driverlib.a(dl_timer.o)
 .ARM.attributes
                0x000000000000015d       0x2b /home/clbritheking/ti/mspm0_sdk_2_11_00_07/source/ti/driverlib/lib/gcc/m0p/mspm0g1x0x_g3x0x/driverlib.a(dl_uart.o)
 .ARM.attributes
                0x0000000000000188       0x1e /usr/lib/gcc/arm-none-eabi/10.3.1/thumb/v6-m/nofp/libgcc.a(_udivsi3.o)
 .ARM.attributes
                0x00000000000001a6       0x1e /usr/lib/gcc/arm-none-eabi/10.3.1/thumb/v6-m/nofp/libgcc.a(_divsi3.o)
 .ARM.attributes
                0x00000000000001c4       0x1e /usr/lib/gcc/arm-none-eabi/10.3.1/thumb/v6-m/nofp/libgcc.a(_dvmd_tls.o)
 .ARM.attributes
                0x00000000000001e2       0x1e /usr/lib/gcc/arm-none-eabi/10.3.1/thumb/v6-m/nofp/libgcc.a(_aeabi_ldivmod.o)
 .ARM.attributes
                0x0000000000000200       0x1e /usr/lib/gcc/arm-none-eabi/10.3.1/thumb/v6-m/nofp/libgcc.a(_aeabi_uldivmod.o)
 .ARM.attributes
                0x000000000000021e       0x2c /usr/lib/gcc/arm-none-eabi/10.3.1/thumb/v6-m/nofp/libgcc.a(_udivmoddi4.o)
 .ARM.attributes
                0x000000000000024a       0x2c /usr/lib/gcc/arm-none-eabi/10.3.1/thumb/v6-m/nofp/libgcc.a(bpabi.o)
 .ARM.attributes
                0x0000000000000276       0x1e /usr/lib/gcc/arm-none-eabi/10.3.1/thumb/v6-m/nofp/libgcc.a(_clzdi2.o)
 .ARM.attributes
                0x0000000000000294       0x2c /usr/lib/gcc/arm-none-eabi/10.3.1/thumb/v6-m/nofp/libgcc.a(_muldi3.o)
 .ARM.attributes
                0x00000000000002c0       0x2c /usr/lib/gcc/arm-none-eabi/10.3.1/thumb/v6-m/nofp/libgcc.a(_divdi3.o)
 .ARM.attributes
                0x00000000000002ec       0x1e /usr/lib/gcc/arm-none-eabi/10.3.1/thumb/v6-m/nofp/libgcc.a(_clzsi2.o)
 .ARM.attributes
                0x000000000000030a       0x2c /usr/lib/gcc/arm-none-eabi/10.3.1/../../../arm-none-eabi/lib/thumb/v6-m/nofp/libg_nano.a(lib_a-init.o)
 .ARM.attributes
                0x0000000000000336       0x2c /usr/lib/gcc/arm-none-eabi/10.3.1/../../../arm-none-eabi/lib/thumb/v6-m/nofp/libg_nano.a(lib_a-memcpy-stub.o)
 .ARM.attributes
                0x0000000000000362       0x2c /usr/lib/gcc/arm-none-eabi/10.3.1/../../../arm-none-eabi/lib/thumb/v6-m/nofp/libg_nano.a(lib_a-memset.o)

.debug_frame    0x0000000000000000      0xc6c
 .debug_frame   0x0000000000000000       0xc8 /tmp/ccdiowB5.o
 .debug_frame   0x00000000000000c8      0x134 /tmp/cc5R3LsX.o
 .debug_frame   0x00000000000001fc      0x104 /tmp/ccV3frGJ.o
 .debug_frame   0x0000000000000300       0xb4 /tmp/ccKhW4Lr.o
 .debug_frame   0x00000000000003b4       0x48 /tmp/ccQf59QC.o
 .debug_frame   0x00000000000003fc       0x20 /home/clbritheking/ti/mspm0_sdk_2_11_00_07/source/ti/driverlib/lib/gcc/m0p/mspm0g1x0x_g3x0x/driverlib.a(dl_common.o)
 .debug_frame   0x000000000000041c      0x124 /home/clbritheking/ti/mspm0_sdk_2_11_00_07/source/ti/driverlib/lib/gcc/m0p/mspm0g1x0x_g3x0x/driverlib.a(dl_i2c.o)
 .debug_frame   0x0000000000000540      0x3d4 /home/clbritheking/ti/mspm0_sdk_2_11_00_07/source/ti/driverlib/lib/gcc/m0p/mspm0g1x0x_g3x0x/driverlib.a(dl_timer.o)
 .debug_frame   0x0000000000000914      0x1a4 /home/clbritheking/ti/mspm0_sdk_2_11_00_07/source/ti/driverlib/lib/gcc/m0p/mspm0g1x0x_g3x0x/driverlib.a(dl_uart.o)
 .debug_frame   0x0000000000000ab8       0x20 /usr/lib/gcc/arm-none-eabi/10.3.1/thumb/v6-m/nofp/libgcc.a(_udivsi3.o)
 .debug_frame   0x0000000000000ad8       0x20 /usr/lib/gcc/arm-none-eabi/10.3.1/thumb/v6-m/nofp/libgcc.a(_divsi3.o)
 .debug_frame   0x0000000000000af8       0x3c /usr/lib/gcc/arm-none-eabi/10.3.1/thumb/v6-m/nofp/libgcc.a(_udivmoddi4.o)
 .debug_frame   0x0000000000000b34       0x38 /usr/lib/gcc/arm-none-eabi/10.3.1/thumb/v6-m/nofp/libgcc.a(bpabi.o)
 .debug_frame   0x0000000000000b6c       0x34 /usr/lib/gcc/arm-none-eabi/10.3.1/thumb/v6-m/nofp/libgcc.a(_muldi3.o)
 .debug_frame   0x0000000000000ba0       0x3c /usr/lib/gcc/arm-none-eabi/10.3.1/thumb/v6-m/nofp/libgcc.a(_divdi3.o)
 .debug_frame   0x0000000000000bdc       0x2c /usr/lib/gcc/arm-none-eabi/10.3.1/../../../arm-none-eabi/lib/thumb/v6-m/nofp/libg_nano.a(lib_a-init.o)
 .debug_frame   0x0000000000000c08       0x34 /usr/lib/gcc/arm-none-eabi/10.3.1/../../../arm-none-eabi/lib/thumb/v6-m/nofp/libg_nano.a(lib_a-memcpy-stub.o)
 .debug_frame   0x0000000000000c3c       0x30 /usr/lib/gcc/arm-none-eabi/10.3.1/../../../arm-none-eabi/lib/thumb/v6-m/nofp/libg_nano.a(lib_a-memset.o)
